Archive member included to satisfy reference by file (symbol)

C:/ST/STM32CubeIDE_1.13.0/STM32CubeIDE/plugins/com.st.stm32cube.ide.mcu.externaltools.gnu-tools-for-stm32.11.3.rel1.win32_1.1.0.202305231506/tools/bin/../lib/gcc/arm-none-eabi/11.3.1/../../../../arm-none-eabi/lib/thumb/v7e-m+dp/hard\libc_nano.a(libc_a-assert.o)
                              ./WISL_WIDM/Framework/Apps/msg_hdlr_task/msg_hdlr_task.o (__assert_func)
C:/ST/STM32CubeIDE_1.13.0/STM32CubeIDE/plugins/com.st.stm32cube.ide.mcu.externaltools.gnu-tools-for-stm32.11.3.rel1.win32_1.1.0.202305231506/tools/bin/../lib/gcc/arm-none-eabi/11.3.1/../../../../arm-none-eabi/lib/thumb/v7e-m+dp/hard\libc_nano.a(libc_a-exit.o)
                              C:/ST/STM32CubeIDE_1.13.0/STM32CubeIDE/plugins/com.st.stm32cube.ide.mcu.externaltools.gnu-tools-for-stm32.11.3.rel1.win32_1.1.0.202305231506/tools/bin/../lib/gcc/arm-none-eabi/11.3.1/../../../../arm-none-eabi/lib/thumb/v7e-m+dp/hard/crt0.o (exit)
C:/ST/STM32CubeIDE_1.13.0/STM32CubeIDE/plugins/com.st.stm32cube.ide.mcu.externaltools.gnu-tools-for-stm32.11.3.rel1.win32_1.1.0.202305231506/tools/bin/../lib/gcc/arm-none-eabi/11.3.1/../../../../arm-none-eabi/lib/thumb/v7e-m+dp/hard\libc_nano.a(libc_a-malloc.o)
                              ./WISL_WIDM/Framework/Apps/imu_ctrl_task/imu_ctrl_task.o (malloc)
C:/ST/STM32CubeIDE_1.13.0/STM32CubeIDE/plugins/com.st.stm32cube.ide.mcu.externaltools.gnu-tools-for-stm32.11.3.rel1.win32_1.1.0.202305231506/tools/bin/../lib/gcc/arm-none-eabi/11.3.1/../../../../arm-none-eabi/lib/thumb/v7e-m+dp/hard\libc_nano.a(libc_a-mallocr.o)
                              C:/ST/STM32CubeIDE_1.13.0/STM32CubeIDE/plugins/com.st.stm32cube.ide.mcu.externaltools.gnu-tools-for-stm32.11.3.rel1.win32_1.1.0.202305231506/tools/bin/../lib/gcc/arm-none-eabi/11.3.1/../../../../arm-none-eabi/lib/thumb/v7e-m+dp/hard\libc_nano.a(libc_a-malloc.o) (_malloc_r)
C:/ST/STM32CubeIDE_1.13.0/STM32CubeIDE/plugins/com.st.stm32cube.ide.mcu.externaltools.gnu-tools-for-stm32.11.3.rel1.win32_1.1.0.202305231506/tools/bin/../lib/gcc/arm-none-eabi/11.3.1/../../../../arm-none-eabi/lib/thumb/v7e-m+dp/hard\libc_nano.a(libc_a-mlock.o)
                              C:/ST/STM32CubeIDE_1.13.0/STM32CubeIDE/plugins/com.st.stm32cube.ide.mcu.externaltools.gnu-tools-for-stm32.11.3.rel1.win32_1.1.0.202305231506/tools/bin/../lib/gcc/arm-none-eabi/11.3.1/../../../../arm-none-eabi/lib/thumb/v7e-m+dp/hard\libc_nano.a(libc_a-mallocr.o) (__malloc_lock)
C:/ST/STM32CubeIDE_1.13.0/STM32CubeIDE/plugins/com.st.stm32cube.ide.mcu.externaltools.gnu-tools-for-stm32.11.3.rel1.win32_1.1.0.202305231506/tools/bin/../lib/gcc/arm-none-eabi/11.3.1/../../../../arm-none-eabi/lib/thumb/v7e-m+dp/hard\libc_nano.a(libc_a-realloc.o)
                              ./WISL_WIDM/Framework/Apps/msg_hdlr_task/msg_hdlr_task.o (realloc)
C:/ST/STM32CubeIDE_1.13.0/STM32CubeIDE/plugins/com.st.stm32cube.ide.mcu.externaltools.gnu-tools-for-stm32.11.3.rel1.win32_1.1.0.202305231506/tools/bin/../lib/gcc/arm-none-eabi/11.3.1/../../../../arm-none-eabi/lib/thumb/v7e-m+dp/hard\libc_nano.a(libc_a-reallocr.o)
                              C:/ST/STM32CubeIDE_1.13.0/STM32CubeIDE/plugins/com.st.stm32cube.ide.mcu.externaltools.gnu-tools-for-stm32.11.3.rel1.win32_1.1.0.202305231506/tools/bin/../lib/gcc/arm-none-eabi/11.3.1/../../../../arm-none-eabi/lib/thumb/v7e-m+dp/hard\libc_nano.a(libc_a-realloc.o) (_realloc_r)
C:/ST/STM32CubeIDE_1.13.0/STM32CubeIDE/plugins/com.st.stm32cube.ide.mcu.externaltools.gnu-tools-for-stm32.11.3.rel1.win32_1.1.0.202305231506/tools/bin/../lib/gcc/arm-none-eabi/11.3.1/../../../../arm-none-eabi/lib/thumb/v7e-m+dp/hard\libc_nano.a(libc_a-findfp.o)
                              C:/ST/STM32CubeIDE_1.13.0/STM32CubeIDE/plugins/com.st.stm32cube.ide.mcu.externaltools.gnu-tools-for-stm32.11.3.rel1.win32_1.1.0.202305231506/tools/bin/../lib/gcc/arm-none-eabi/11.3.1/../../../../arm-none-eabi/lib/thumb/v7e-m+dp/hard\libc_nano.a(libc_a-exit.o) (__stdio_exit_handler)
C:/ST/STM32CubeIDE_1.13.0/STM32CubeIDE/plugins/com.st.stm32cube.ide.mcu.externaltools.gnu-tools-for-stm32.11.3.rel1.win32_1.1.0.202305231506/tools/bin/../lib/gcc/arm-none-eabi/11.3.1/../../../../arm-none-eabi/lib/thumb/v7e-m+dp/hard\libc_nano.a(libc_a-fprintf.o)
                              C:/ST/STM32CubeIDE_1.13.0/STM32CubeIDE/plugins/com.st.stm32cube.ide.mcu.externaltools.gnu-tools-for-stm32.11.3.rel1.win32_1.1.0.202305231506/tools/bin/../lib/gcc/arm-none-eabi/11.3.1/../../../../arm-none-eabi/lib/thumb/v7e-m+dp/hard\libc_nano.a(libc_a-assert.o) (fiprintf)
C:/ST/STM32CubeIDE_1.13.0/STM32CubeIDE/plugins/com.st.stm32cube.ide.mcu.externaltools.gnu-tools-for-stm32.11.3.rel1.win32_1.1.0.202305231506/tools/bin/../lib/gcc/arm-none-eabi/11.3.1/../../../../arm-none-eabi/lib/thumb/v7e-m+dp/hard\libc_nano.a(libc_a-fwalk.o)
[...]
Memory Configuration

Name             Origin             Length             Attributes
FLASH            0x0000000008000000 0x0000000000200000 xr
DTCMRAM          0x0000000020000000 0x0000000000020000 xrw
RAM_D1           0x0000000024000000 0x0000000000080000 xrw
RAM_D2           0x0000000030000000 0x0000000000048000 xrw
RAM_D3           0x0000000038000000 0x0000000000010000 xrw
ITCMRAM          0x0000000000000000 0x0000000000010000 xrw
*default*        0x0000000000000000 0xffffffffffffffff

Linker script and memory map

LOAD C:/ST/STM32CubeIDE_1.13.0/STM32CubeIDE/plugins/com.st.stm32cube.ide.mcu.externaltools.gnu-tools-for-stm32.11.3.rel1.win32_1.1.0.202305231506/tools/bin/../lib/gcc/arm-none-eabi/11.3.1/thumb/v7e-m+dp/hard/crti.o
LOAD C:/ST/STM32CubeIDE_1.13.0/STM32CubeIDE/plugins/com.st.stm32cube.ide.mcu.externaltools.gnu-tools-for-stm32.11.3.rel1.win32_1.1.0.202305231506/tools/bin/../lib/gcc/arm-none-eabi/11.3.1/thumb/v7e-m+dp/hard/crtbegin.o
LOAD C:/ST/STM32CubeIDE_1.13.0/STM32CubeIDE/plugins/com.st.stm32cube.ide.mcu.externaltools.gnu-tools-for-stm32.11.3.rel1.win32_1.1.0.202305231506/tools/bin/../lib/gcc/arm-none-eabi/11.3.1/../../../../arm-none-eabi/lib/thumb/v7e-m+dp/hard/crt0.o
LOAD ./Core/Src/fdcan.o
LOAD ./Core/Src/gpio.o
LOAD ./Core/Src/i2c.o
LOAD ./Core/Src/main.o
LOAD ./Core/Src/stm32h7xx_hal_msp.o
LOAD ./Core/Src/stm32h7xx_it.o
LOAD ./Core/Src/syscalls.o
LOAD ./Core/Src/sysmem.o
LOAD ./Core/Src/system_stm32h7xx.o
LOAD ./Core/Src/tim.o
LOAD ./Core/Startup/startup_stm32h743zitx.o
LOAD ./Drivers/STM32H7xx_HAL_Driver/Src/stm32h7xx_hal.o
LOAD ./Drivers/STM32H7xx_HAL_Driver/Src/stm32h7xx_hal_cortex.o
LOAD ./Drivers/STM32H7xx_HAL_Driver/Src/stm32h7xx_hal_dma.o
LOAD ./Drivers/STM32H7xx_HAL_Driver/Src/stm32h7xx_hal_dma_ex.o
LOAD ./Drivers/STM32H7xx_HAL_Driver/Src/stm32h7xx_hal_exti.o
LOAD ./Drivers/STM32H7xx_HAL_Driver/Src/stm32h7xx_hal_fdcan.o
LOAD ./Drivers/STM32H7xx_HAL_Driver/Src/stm32h7xx_hal_flash.o
LOAD ./Drivers/STM32H7xx_HAL_Driver/Src/stm32h7xx_hal_flash_ex.o
LOAD ./Drivers/STM32H7xx_HAL_Driver/Src/stm32h7xx_hal_gpio.o
LOAD ./Drivers/STM32H7xx_HAL_Driver/Src/stm32h7xx_hal_hsem.o
LOAD ./Drivers/STM32H7xx_HAL_Driver/Src/stm32h7xx_hal_i2c.o
LOAD ./Drivers/STM32H7xx_HAL_Driver/Src/stm32h7xx_hal_i2c_ex.o
LOAD ./Drivers/STM32H7xx_HAL_Driver/Src/stm32h7xx_hal_mdma.o
LOAD ./Drivers/STM32H7xx_HAL_Driver/Src/stm32h7xx_hal_pwr.o
LOAD ./Drivers/STM32H7xx_HAL_Driver/Src/stm32h7xx_hal_pwr_ex.o
LOAD ./Drivers/STM32H7xx_HAL_Driver/Src/stm32h7xx_hal_rcc.o
LOAD ./Drivers/STM32H7xx_HAL_Driver/Src/stm32h7xx_hal_rcc_ex.o
LOAD ./Drivers/STM32H7xx_HAL_Driver/Src/stm32h7xx_hal_tim.o
LOAD ./Drivers/STM32H7xx_HAL_Driver/Src/stm32h7xx_hal_tim_ex.o
LOAD ./WISL_WIDM/Drivers/BSP/BM1422AGMV/Src/bsp_bm1422agmv.o
LOAD ./WISL_WIDM/Drivers/BSP/BumbleBee/BumbleBee.o
LOAD ./WISL_WIDM/Drivers/BSP/BumbleBee/object_dictionaries.o
LOAD ./WISL_WIDM/Drivers/BSP/ICM20608G/Src/bsp_icm20608G.o
LOAD ./WISL_WIDM/Drivers/IOIF/Src/ioif_fdcan.o
LOAD ./WISL_WIDM/Drivers/IOIF/Src/ioif_gpio.o
LOAD ./WISL_WIDM/Drivers/IOIF/Src/ioif_tim.o
LOAD ./WISL_WIDM/Framework/Apps/imu_ctrl_task/imu_ctrl_task.o
LOAD ./WISL_WIDM/Framework/Apps/imu_ctrl_task/widm_calculation.o
LOAD ./WISL_WIDM/Framework/Apps/msg_hdlr_task/msg_data_object.o
LOAD ./WISL_WIDM/Framework/Apps/msg_hdlr_task/msg_hdlr_task.o
LOAD ./WISL_WIDM/Framework/Lib/Src/routine.o
LOAD ./WISL_WIDM/Framework/Lib/Src/state_machine.o
LOAD ./WISL_WIDM/Framework/Lib/Src/task.o
START GROUP
LOAD C:/ST/STM32CubeIDE_1.13.0/STM32CubeIDE/plugins/com.st.stm32cube.ide.mcu.externaltools.gnu-tools-for-stm32.11.3.rel1.win32_1.1.0.202305231506/tools/bin/../lib/gcc/arm-none-eabi/11.3.1/../../../../arm-none-eabi/lib/thumb/v7e-m+dp/hard\libc_nano.a
LOAD C:/ST/STM32CubeIDE_1.13.0/STM32CubeIDE/plugins/com.st.stm32cube.ide.mcu.externaltools.gnu-tools-for-stm32.11.3.rel1.win32_1.1.0.202305231506/tools/bin/../lib/gcc/arm-none-eabi/11.3.1/../../../../arm-none-eabi/lib/thumb/v7e-m+dp/hard\libm.a
END GROUP
START GROUP
LOAD C:/ST/STM32CubeIDE_1.13.0/STM32CubeIDE/plugins/com.st.stm32cube.ide.mcu.externaltools.gnu-tools-for-stm32.11.3.rel1.win32_1.1.0.202305231506/tools/bin/../lib/gcc/arm-none-eabi/11.3.1/thumb/v7e-m+dp/hard\libgcc.a
LOAD C:/ST/STM32CubeIDE_1.13.0/STM32CubeIDE/plugins/com.st.stm32cube.ide.mcu.externaltools.gnu-tools-for-stm32.11.3.rel1.win32_1.1.0.202305231506/tools/bin/../lib/gcc/arm-none-eabi/11.3.1/../../../../arm-none-eabi/lib/thumb/v7e-m+dp/hard\libc_nano.a
END GROUP
START GROUP
LOAD C:/ST/STM32CubeIDE_1.13.0/STM32CubeIDE/plugins/com.st.stm32cube.ide.mcu.externaltools.gnu-tools-for-stm32.11.3.rel1.win32_1.1.0.202305231506/tools/bin/../lib/gcc/arm-none-eabi/11.3.1/thumb/v7e-m+dp/hard\libgcc.a
LOAD C:/ST/STM32CubeIDE_1.13.0/STM32CubeIDE/plugins/com.st.stm32cube.ide.mcu.externaltools.gnu-tools-for-stm32.11.3.rel1.win32_1.1.0.202305231506/tools/bin/../lib/gcc/arm-none-eabi/11.3.1/../../../../arm-none-eabi/lib/thumb/v7e-m+dp/hard\libc_nano.a
LOAD C:/ST/STM32CubeIDE_1.13.0/STM32CubeIDE/plugins/com.st.stm32cube.ide.mcu.externaltools.gnu-tools-for-stm32.11.3.rel1.win32_1.1.0.202305231506/tools/bin/../lib/gcc/arm-none-eabi/11.3.1/../../../../arm-none-eabi/lib/thumb/v7e-m+dp/hard\libnosys.a
END GROUP
START GROUP
LOAD C:/ST/STM32CubeIDE_1.13.0/STM32CubeIDE/plugins/com.st.stm32cube.ide.mcu.externaltools.gnu-tools-for-stm32.11.3.rel1.win32_1.1.0.202305231506/tools/bin/../lib/gcc/arm-none-eabi/11.3.1/thumb/v7e-m+dp/hard\libgcc.a
LOAD C:/ST/STM32CubeIDE_1.13.0/STM32CubeIDE/plugins/com.st.stm32cube.ide.mcu.externaltools.gnu-tools-for-stm32.11.3.rel1.win32_1.1.0.202305231506/tools/bin/../lib/gcc/arm-none-eabi/11.3.1/../../../../arm-none-eabi/lib/thumb/v7e-m+dp/hard\libc_nano.a
LOAD C:/ST/STM32CubeIDE_1.13.0/STM32CubeIDE/plugins/com.st.stm32cube.ide.mcu.externaltools.gnu-tools-for-stm32.11.3.rel1.win32_1.1.0.202305231506/tools/bin/../lib/gcc/arm-none-eabi/11.3.1/../../../../arm-none-eabi/lib/thumb/v7e-m+dp/hard\libnosys.a
END GROUP
LOAD C:/ST/STM32CubeIDE_1.13.0/STM32CubeIDE/plugins/com.st.stm32cube.ide.mcu.externaltools.gnu-tools-for-stm32.11.3.rel1.win32_1.1.0.202305231506/tools/bin/../lib/gcc/arm-none-eabi/11.3.1/thumb/v7e-m+dp/hard/crtend.o
LOAD C:/ST/STM32CubeIDE_1.13.0/STM32CubeIDE/plugins/com.st.stm32cube.ide.mcu.externaltools.gnu-tools-for-stm32.11.3.rel1.win32_1.1.0.202305231506/tools/bin/../lib/gcc/arm-none-eabi/11.3.1/thumb/v7e-m+dp/hard/crtn.o
                0x0000000024080000                _estack = (ORIGIN (RAM_D1) + LENGTH (RAM_D1))
                0x0000000000000200                _Min_Heap_Size = 0x200
                0x0000000000000400                _Min_Stack_Size = 0x400

.isr_vector     0x0000000008000000      0x298
                0x0000000008000000                . = ALIGN (0x4)
 *(.isr_vector)
 .isr_vector    0x0000000008000000      0x298 ./Core/Startup/startup_stm32h743zitx.o
                0x0000000008000000                g_pfnVectors
                0x0000000008000298                . = ALIGN (0x4)

.text           0x00000000080002a0     0xccdc
                0x00000000080002a0                . = ALIGN (0x4)
 *(.text)
 .text          0x00000000080002a0       0x40 C:/ST/STM32CubeIDE_1.13.0/STM32CubeIDE/plugins/com.st.stm32cube.ide.mcu.externaltools.gnu-tools-for-stm32.11.3.rel1.win32_1.1.0.202305231506/tools/bin/../lib/gcc/arm-none-eabi/11.3.1/thumb/v7e-m+dp/hard/crtbegin.o
 .text          0x00000000080002e0       0xa0 C:/ST/STM32CubeIDE_1.13.0/STM32CubeIDE/plugins/com.st.stm32cube.ide.mcu.externaltools.gnu-tools-for-stm32.11.3.rel1.win32_1.1.0.202305231506/tools/bin/../lib/gcc/arm-none-eabi/11.3.1/../../../../arm-none-eabi/lib/thumb/v7e-m+dp/hard\libc_nano.a(libc_a-memchr.o)
                0x00000000080002e0                memchr
 *(.text*)
 .text.MX_FDCAN1_Init
                0x0000000008000380       0xcc ./Core/Src/fdcan.o
                0x0000000008000380                MX_FDCAN1_Init
 .text.HAL_FDCAN_MspInit
                0x000000000800044c      0x104 ./Core/Src/fdcan.o
                0x000000000800044c                HAL_FDCAN_MspInit
 .text.MX_GPIO_Init
                0x0000000008000550       0x90 ./Core/Src/gpio.o
                0x0000000008000550                MX_GPIO_Init
 .text.MX_I2C1_Init
                0x00000000080005e0       0x80 ./Core/Src/i2c.o
                0x00000000080005e0                MX_I2C1_Init
 .text.MX_I2C2_Init
                0x0000000008000660       0x80 ./Core/Src/i2c.o
                0x0000000008000660                MX_I2C2_Init
 .text.HAL_I2C_MspInit
                0x00000000080006e0      0x190 ./Core/Src/i2c.o
                0x00000000080006e0                HAL_I2C_MspInit
 .text.main     0x0000000008000870       0x80 ./Core/Src/main.o
                0x0000000008000870                main
 .text.SystemClock_Config
                0x00000000080008f0      0x15c ./Core/Src/main.o
                0x00000000080008f0                SystemClock_Config
 .text.Error_Handler
                0x0000000008000a4c        0xa ./Core/Src/main.o
                0x0000000008000a4c                Error_Handler
 *fill*         0x0000000008000a56        0x2 
 .text.HAL_MspInit
                0x0000000008000a58       0x40 ./Core/Src/stm32h7xx_hal_msp.o
                0x0000000008000a58                HAL_MspInit
 .text.NMI_Handler
                0x0000000008000a98        0x6 ./Core/Src/stm32h7xx_it.o
                0x0000000008000a98                NMI_Handler
 .text.HardFault_Handler
                0x0000000008000a9e        0x6 ./Core/Src/stm32h7xx_it.o
                0x0000000008000a9e                HardFault_Handler
 .text.MemManage_Handler
                0x0000000008000aa4        0x6 ./Core/Src/stm32h7xx_it.o
                0x0000000008000aa4                MemManage_Handler
 .text.BusFault_Handler
                0x0000000008000aaa        0x6 ./Core/Src/stm32h7xx_it.o
                0x0000000008000aaa                BusFault_Handler
 .text.UsageFault_Handler
                0x0000000008000ab0        0x6 ./Core/Src/stm32h7xx_it.o
                0x0000000008000ab0                UsageFault_Handler
 .text.SVC_Handler
                0x0000000008000ab6        0xe ./Core/Src/stm32h7xx_it.o
                0x0000000008000ab6                SVC_Handler
 .text.DebugMon_Handler
                0x0000000008000ac4        0xe ./Core/Src/stm32h7xx_it.o
                0x0000000008000ac4                DebugMon_Handler
 .text.PendSV_Handler
                0x0000000008000ad2        0xe ./Core/Src/stm32h7xx_it.o
                0x0000000008000ad2                PendSV_Handler
 .text.SysTick_Handler
                0x0000000008000ae0        0xc ./Core/Src/stm32h7xx_it.o
                0x0000000008000ae0                SysTick_Handler
 .text.RCC_IRQHandler
                0x0000000008000aec        0xe ./Core/Src/stm32h7xx_it.o
                0x0000000008000aec                RCC_IRQHandler
 *fill*         0x0000000008000afa        0x2 
 .text.FDCAN1_IT0_IRQHandler
                0x0000000008000afc       0x14 ./Core/Src/stm32h7xx_it.o
                0x0000000008000afc                FDCAN1_IT0_IRQHandler
 .text.FDCAN1_IT1_IRQHandler
                0x0000000008000b10       0x14 ./Core/Src/stm32h7xx_it.o
                0x0000000008000b10                FDCAN1_IT1_IRQHandler
 .text.TIM3_IRQHandler
                0x0000000008000b24       0x14 ./Core/Src/stm32h7xx_it.o
                0x0000000008000b24                TIM3_IRQHandler
 .text.I2C1_EV_IRQHandler
                0x0000000008000b38       0x14 ./Core/Src/stm32h7xx_it.o
                0x0000000008000b38                I2C1_EV_IRQHandler
 .text.I2C2_EV_IRQHandler
                0x0000000008000b4c       0x14 ./Core/Src/stm32h7xx_it.o
                0x0000000008000b4c                I2C2_EV_IRQHandler
 .text.TIM6_DAC_IRQHandler
                0x0000000008000b60       0x14 ./Core/Src/stm32h7xx_it.o
                0x0000000008000b60                TIM6_DAC_IRQHandler
 .text.FDCAN_CAL_IRQHandler
                0x0000000008000b74       0x14 ./Core/Src/stm32h7xx_it.o
                0x0000000008000b74                FDCAN_CAL_IRQHandler
 .text._getpid  0x0000000008000b88       0x10 ./Core/Src/syscalls.o
                0x0000000008000b88                _getpid
 .text._kill    0x0000000008000b98       0x20 ./Core/Src/syscalls.o
                0x0000000008000b98                _kill
 .text._exit    0x0000000008000bb8       0x14 ./Core/Src/syscalls.o
                0x0000000008000bb8                _exit
 .text._read    0x0000000008000bcc       0x3a ./Core/Src/syscalls.o
                0x0000000008000bcc                _read
 .text._write   0x0000000008000c06       0x38 ./Core/Src/syscalls.o
                0x0000000008000c06                _write
 .text._close   0x0000000008000c3e       0x18 ./Core/Src/syscalls.o
                0x0000000008000c3e                _close
 .text._fstat   0x0000000008000c56       0x20 ./Core/Src/syscalls.o
                0x0000000008000c56                _fstat
 .text._isatty  0x0000000008000c76       0x16 ./Core/Src/syscalls.o
                0x0000000008000c76                _isatty
 .text._lseek   0x0000000008000c8c       0x1a ./Core/Src/syscalls.o
                0x0000000008000c8c                _lseek
 *fill*         0x0000000008000ca6        0x2 
 .text._sbrk    0x0000000008000ca8       0x6c ./Core/Src/sysmem.o
                0x0000000008000ca8                _sbrk
 .text.SystemInit
                0x0000000008000d14      0x110 ./Core/Src/system_stm32h7xx.o
                0x0000000008000d14                SystemInit
 .text.MX_TIM3_Init
                0x0000000008000e24       0x9c ./Core/Src/tim.o
                0x0000000008000e24                MX_TIM3_Init
 .text.MX_TIM6_Init
                0x0000000008000ec0       0x6c ./Core/Src/tim.o
                0x0000000008000ec0                MX_TIM6_Init
 .text.HAL_TIM_Base_MspInit
                0x0000000008000f2c       0x90 ./Core/Src/tim.o
                0x0000000008000f2c                HAL_TIM_Base_MspInit
 .text.Reset_Handler
                0x0000000008000fbc       0x50 ./Core/Startup/startup_stm32h743zitx.o
                0x0000000008000fbc                Reset_Handler
 .text.Default_Handler
                0x000000000800100c        0x2 ./Core/Startup/startup_stm32h743zitx.o
                0x000000000800100c                RTC_Alarm_IRQHandler
                0x000000000800100c                EXTI2_IRQHandler
                0x000000000800100c                TIM8_CC_IRQHandler
                0x000000000800100c                HRTIM1_Master_IRQHandler
                0x000000000800100c                UART8_IRQHandler
                0x000000000800100c                SPI4_IRQHandler
                0x000000000800100c                TIM1_CC_IRQHandler
                0x000000000800100c                BDMA_Channel6_IRQHandler
                0x000000000800100c                DMA2_Stream5_IRQHandler
                0x000000000800100c                HRTIM1_FLT_IRQHandler
                0x000000000800100c                JPEG_IRQHandler
                0x000000000800100c                DMA1_Stream5_IRQHandler
                0x000000000800100c                BDMA_Channel1_IRQHandler
                0x000000000800100c                HRTIM1_TIMD_IRQHandler
                0x000000000800100c                TAMP_STAMP_IRQHandler
                0x000000000800100c                EXTI3_IRQHandler
                0x000000000800100c                LPTIM4_IRQHandler
                0x000000000800100c                TIM8_TRG_COM_TIM14_IRQHandler
                0x000000000800100c                LPTIM2_IRQHandler
                0x000000000800100c                DFSDM1_FLT1_IRQHandler
                0x000000000800100c                DMAMUX2_OVR_IRQHandler
                0x000000000800100c                TIM8_UP_TIM13_IRQHandler
                0x000000000800100c                I2C3_ER_IRQHandler
                0x000000000800100c                DFSDM1_FLT2_IRQHandler
                0x000000000800100c                MDMA_IRQHandler
                0x000000000800100c                LPTIM3_IRQHandler
                0x000000000800100c                HSEM1_IRQHandler
                0x000000000800100c                EXTI0_IRQHandler
                0x000000000800100c                DMA1_Stream2_IRQHandler
                0x000000000800100c                FPU_IRQHandler
                0x000000000800100c                OTG_HS_WKUP_IRQHandler
                0x000000000800100c                LTDC_ER_IRQHandler
                0x000000000800100c                DMA2_Stream2_IRQHandler
                0x000000000800100c                HRTIM1_TIME_IRQHandler
                0x000000000800100c                SPI1_IRQHandler
                0x000000000800100c                DCMI_IRQHandler
                0x000000000800100c                HRTIM1_TIMC_IRQHandler
                0x000000000800100c                DMA2_Stream3_IRQHandler
                0x000000000800100c                SAI2_IRQHandler
                0x000000000800100c                DFSDM1_FLT3_IRQHandler
                0x000000000800100c                USART6_IRQHandler
                0x000000000800100c                TIM17_IRQHandler
                0x000000000800100c                USART3_IRQHandler
                0x000000000800100c                BDMA_Channel7_IRQHandler
                0x000000000800100c                LPTIM5_IRQHandler
                0x000000000800100c                UART5_IRQHandler
                0x000000000800100c                ADC3_IRQHandler
                0x000000000800100c                DMA2_Stream0_IRQHandler
                0x000000000800100c                TIM4_IRQHandler
                0x000000000800100c                BDMA_Channel2_IRQHandler
                0x000000000800100c                QUADSPI_IRQHandler
                0x000000000800100c                DMA1_Stream6_IRQHandler
                0x000000000800100c                DMAMUX1_OVR_IRQHandler
                0x000000000800100c                DMA1_Stream1_IRQHandler
                0x000000000800100c                TIM16_IRQHandler
                0x000000000800100c                UART4_IRQHandler
                0x000000000800100c                BDMA_Channel5_IRQHandler
                0x000000000800100c                TIM8_BRK_TIM12_IRQHandler
                0x000000000800100c                TIM1_TRG_COM_IRQHandler
                0x000000000800100c                Default_Handler
                0x000000000800100c                ECC_IRQHandler
                0x000000000800100c                CEC_IRQHandler
                0x000000000800100c                EXTI15_10_IRQHandler
                0x000000000800100c                BDMA_Channel0_IRQHandler
                0x000000000800100c                ADC_IRQHandler
                0x000000000800100c                DMA1_Stream7_IRQHandler
                0x000000000800100c                HRTIM1_TIMA_IRQHandler
                0x000000000800100c                SPI5_IRQHandler
                0x000000000800100c                TIM7_IRQHandler
                0x000000000800100c                SDMMC1_IRQHandler
                0x000000000800100c                TIM5_IRQHandler
                0x000000000800100c                DMA2_Stream7_IRQHandler
                0x000000000800100c                TIM15_IRQHandler
                0x000000000800100c                PVD_AVD_IRQHandler
                0x000000000800100c                I2C3_EV_IRQHandler
                0x000000000800100c                EXTI9_5_IRQHandler
                0x000000000800100c                RTC_WKUP_IRQHandler
                0x000000000800100c                LTDC_IRQHandler
                0x000000000800100c                SAI3_IRQHandler
                0x000000000800100c                ETH_WKUP_IRQHandler
                0x000000000800100c                SPDIF_RX_IRQHandler
                0x000000000800100c                SPI2_IRQHandler
                0x000000000800100c                OTG_HS_EP1_IN_IRQHandler
                0x000000000800100c                DMA1_Stream0_IRQHandler
                0x000000000800100c                CRS_IRQHandler
                0x000000000800100c                EXTI4_IRQHandler
                0x000000000800100c                RNG_IRQHandler
                0x000000000800100c                HRTIM1_TIMB_IRQHandler
                0x000000000800100c                FDCAN2_IT1_IRQHandler
                0x000000000800100c                ETH_IRQHandler
                0x000000000800100c                TIM1_UP_IRQHandler
                0x000000000800100c                BDMA_Channel4_IRQHandler
                0x000000000800100c                OTG_HS_EP1_OUT_IRQHandler
                0x000000000800100c                WWDG_IRQHandler
                0x000000000800100c                SPI6_IRQHandler
                0x000000000800100c                MDIOS_IRQHandler
                0x000000000800100c                I2C4_EV_IRQHandler
                0x000000000800100c                FDCAN2_IT0_IRQHandler
                0x000000000800100c                LPUART1_IRQHandler
                0x000000000800100c                TIM2_IRQHandler
                0x000000000800100c                OTG_FS_WKUP_IRQHandler
                0x000000000800100c                OTG_HS_IRQHandler
                0x000000000800100c                DMA2D_IRQHandler
                0x000000000800100c                TIM1_BRK_IRQHandler
                0x000000000800100c                EXTI1_IRQHandler
                0x000000000800100c                SDMMC2_IRQHandler
                0x000000000800100c                OTG_FS_EP1_OUT_IRQHandler
                0x000000000800100c                BDMA_Channel3_IRQHandler
                0x000000000800100c                UART7_IRQHandler
                0x000000000800100c                MDIOS_WKUP_IRQHandler
                0x000000000800100c                USART2_IRQHandler
                0x000000000800100c                DFSDM1_FLT0_IRQHandler
                0x000000000800100c                SAI4_IRQHandler
                0x000000000800100c                I2C2_ER_IRQHandler
                0x000000000800100c                DMA2_Stream1_IRQHandler
                0x000000000800100c                FLASH_IRQHandler
                0x000000000800100c                DMA2_Stream4_IRQHandler
                0x000000000800100c                USART1_IRQHandler
                0x000000000800100c                OTG_FS_IRQHandler
                0x000000000800100c                SPI3_IRQHandler
                0x000000000800100c                WAKEUP_PIN_IRQHandler
                0x000000000800100c                DMA1_Stream4_IRQHandler
                0x000000000800100c                OTG_FS_EP1_IN_IRQHandler
                0x000000000800100c                I2C1_ER_IRQHandler
                0x000000000800100c                FMC_IRQHandler
                0x000000000800100c                SWPMI1_IRQHandler
                0x000000000800100c                COMP1_IRQHandler
                0x000000000800100c                LPTIM1_IRQHandler
                0x000000000800100c                I2C4_ER_IRQHandler
                0x000000000800100c                DMA2_Stream6_IRQHandler
                0x000000000800100c                SAI1_IRQHandler
                0x000000000800100c                DMA1_Stream3_IRQHandler
 *fill*         0x000000000800100e        0x2 
 .text.HAL_Init
                0x0000000008001010       0x78 ./Drivers/STM32H7xx_HAL_Driver/Src/stm32h7xx_hal.o
                0x0000000008001010                HAL_Init
 .text.HAL_InitTick
                0x0000000008001088       0x6c ./Drivers/STM32H7xx_HAL_Driver/Src/stm32h7xx_hal.o
                0x0000000008001088                HAL_InitTick
 .text.HAL_IncTick
                0x00000000080010f4       0x28 ./Drivers/STM32H7xx_HAL_Driver/Src/stm32h7xx_hal.o
                0x00000000080010f4                HAL_IncTick
 .text.HAL_GetTick
                0x000000000800111c       0x18 ./Drivers/STM32H7xx_HAL_Driver/Src/stm32h7xx_hal.o
                0x000000000800111c                HAL_GetTick
 .text.HAL_GetREVID
                0x0000000008001134       0x18 ./Drivers/STM32H7xx_HAL_Driver/Src/stm32h7xx_hal.o
                0x0000000008001134                HAL_GetREVID
 .text.__NVIC_SetPriorityGrouping
                0x000000000800114c       0x48 ./Drivers/STM32H7xx_HAL_Driver/Src/stm32h7xx_hal_cortex.o
 .text.__NVIC_GetPriorityGrouping
                0x0000000008001194       0x1c ./Drivers/STM32H7xx_HAL_Driver/Src/stm32h7xx_hal_cortex.o
 .text.__NVIC_EnableIRQ
                0x00000000080011b0       0x3c ./Drivers/STM32H7xx_HAL_Driver/Src/stm32h7xx_hal_cortex.o
 .text.__NVIC_SetPriority
                0x00000000080011ec       0x54 ./Drivers/STM32H7xx_HAL_Driver/Src/stm32h7xx_hal_cortex.o
 .text.NVIC_EncodePriority
                0x0000000008001240       0x66 ./Drivers/STM32H7xx_HAL_Driver/Src/stm32h7xx_hal_cortex.o
 *fill*         0x00000000080012a6        0x2 
 .text.SysTick_Config
                0x00000000080012a8       0x44 ./Drivers/STM32H7xx_HAL_Driver/Src/stm32h7xx_hal_cortex.o
 .text.HAL_NVIC_SetPriorityGrouping
                0x00000000080012ec       0x16 ./Drivers/STM32H7xx_HAL_Driver/Src/stm32h7xx_hal_cortex.o
                0x00000000080012ec                HAL_NVIC_SetPriorityGrouping
 .text.HAL_NVIC_SetPriority
                0x0000000008001302       0x34 ./Drivers/STM32H7xx_HAL_Driver/Src/stm32h7xx_hal_cortex.o
                0x0000000008001302                HAL_NVIC_SetPriority
 .text.HAL_NVIC_EnableIRQ
                0x0000000008001336       0x1c ./Drivers/STM32H7xx_HAL_Driver/Src/stm32h7xx_hal_cortex.o
                0x0000000008001336                HAL_NVIC_EnableIRQ
 .text.HAL_SYSTICK_Config
                0x0000000008001352       0x18 ./Drivers/STM32H7xx_HAL_Driver/Src/stm32h7xx_hal_cortex.o
                0x0000000008001352                HAL_SYSTICK_Config
 *fill*         0x000000000800136a        0x2 
 .text.HAL_FDCAN_Init
                0x000000000800136c      0x3bc ./Drivers/STM32H7xx_HAL_Driver/Src/stm32h7xx_hal_fdcan.o
                0x000000000800136c                HAL_FDCAN_Init
 .text.HAL_FDCAN_ConfigFilter
                0x0000000008001728       0xec ./Drivers/STM32H7xx_HAL_Driver/Src/stm32h7xx_hal_fdcan.o
                0x0000000008001728                HAL_FDCAN_ConfigFilter
 .text.HAL_FDCAN_ConfigGlobalFilter
                0x0000000008001814       0x5a ./Drivers/STM32H7xx_HAL_Driver/Src/stm32h7xx_hal_fdcan.o
                0x0000000008001814                HAL_FDCAN_ConfigGlobalFilter
 .text.HAL_FDCAN_ConfigTxDelayCompensation
                0x000000000800186e       0x48 ./Drivers/STM32H7xx_HAL_Driver/Src/stm32h7xx_hal_fdcan.o
                0x000000000800186e                HAL_FDCAN_ConfigTxDelayCompensation
 .text.HAL_FDCAN_EnableTxDelayCompensation
                0x00000000080018b6       0x46 ./Drivers/STM32H7xx_HAL_Driver/Src/stm32h7xx_hal_fdcan.o
                0x00000000080018b6                HAL_FDCAN_EnableTxDelayCompensation
 .text.HAL_FDCAN_Start
                0x00000000080018fc       0x56 ./Drivers/STM32H7xx_HAL_Driver/Src/stm32h7xx_hal_fdcan.o
                0x00000000080018fc                HAL_FDCAN_Start
 .text.HAL_FDCAN_AddMessageToTxFifoQ
                0x0000000008001952       0xb6 ./Drivers/STM32H7xx_HAL_Driver/Src/stm32h7xx_hal_fdcan.o
                0x0000000008001952                HAL_FDCAN_AddMessageToTxFifoQ
 .text.HAL_FDCAN_GetRxMessage
                0x0000000008001a08      0x2dc ./Drivers/STM32H7xx_HAL_Driver/Src/stm32h7xx_hal_fdcan.o
                0x0000000008001a08                HAL_FDCAN_GetRxMessage
 .text.HAL_FDCAN_ActivateNotification
                0x0000000008001ce4       0xf4 ./Drivers/STM32H7xx_HAL_Driver/Src/stm32h7xx_hal_fdcan.o
                0x0000000008001ce4                HAL_FDCAN_ActivateNotification
 .text.HAL_FDCAN_IRQHandler
                0x0000000008001dd8      0x498 ./Drivers/STM32H7xx_HAL_Driver/Src/stm32h7xx_hal_fdcan.o
                0x0000000008001dd8                HAL_FDCAN_IRQHandler
 .text.HAL_FDCAN_ClockCalibrationCallback
                0x0000000008002270       0x16 ./Drivers/STM32H7xx_HAL_Driver/Src/stm32h7xx_hal_fdcan.o
                0x0000000008002270                HAL_FDCAN_ClockCalibrationCallback
 .text.HAL_FDCAN_TxEventFifoCallback
                0x0000000008002286       0x16 ./Drivers/STM32H7xx_HAL_Driver/Src/stm32h7xx_hal_fdcan.o
                0x0000000008002286                HAL_FDCAN_TxEventFifoCallback
 .text.HAL_FDCAN_RxFifo1Callback
                0x000000000800229c       0x16 ./Drivers/STM32H7xx_HAL_Driver/Src/stm32h7xx_hal_fdcan.o
                0x000000000800229c                HAL_FDCAN_RxFifo1Callback
 .text.HAL_FDCAN_TxFifoEmptyCallback
                0x00000000080022b2       0x14 ./Drivers/STM32H7xx_HAL_Driver/Src/stm32h7xx_hal_fdcan.o
                0x00000000080022b2                HAL_FDCAN_TxFifoEmptyCallback
 .text.HAL_FDCAN_TxBufferCompleteCallback
                0x00000000080022c6       0x16 ./Drivers/STM32H7xx_HAL_Driver/Src/stm32h7xx_hal_fdcan.o
                0x00000000080022c6                HAL_FDCAN_TxBufferCompleteCallback
 .text.HAL_FDCAN_TxBufferAbortCallback
                0x00000000080022dc       0x16 ./Drivers/STM32H7xx_HAL_Driver/Src/stm32h7xx_hal_fdcan.o
                0x00000000080022dc                HAL_FDCAN_TxBufferAbortCallback
 .text.HAL_FDCAN_RxBufferNewMessageCallback
                0x00000000080022f2       0x14 ./Drivers/STM32H7xx_HAL_Driver/Src/stm32h7xx_hal_fdcan.o
                0x00000000080022f2                HAL_FDCAN_RxBufferNewMessageCallback
 .text.HAL_FDCAN_TimestampWraparoundCallback
                0x0000000008002306       0x14 ./Drivers/STM32H7xx_HAL_Driver/Src/stm32h7xx_hal_fdcan.o
                0x0000000008002306                HAL_FDCAN_TimestampWraparoundCallback
 .text.HAL_FDCAN_TimeoutOccurredCallback
                0x000000000800231a       0x14 ./Drivers/STM32H7xx_HAL_Driver/Src/stm32h7xx_hal_fdcan.o
                0x000000000800231a                HAL_FDCAN_TimeoutOccurredCallback
 .text.HAL_FDCAN_HighPriorityMessageCallback
                0x000000000800232e       0x14 ./Drivers/STM32H7xx_HAL_Driver/Src/stm32h7xx_hal_fdcan.o
                0x000000000800232e                HAL_FDCAN_HighPriorityMessageCallback
 .text.HAL_FDCAN_ErrorCallback
                0x0000000008002342       0x14 ./Drivers/STM32H7xx_HAL_Driver/Src/stm32h7xx_hal_fdcan.o
                0x0000000008002342                HAL_FDCAN_ErrorCallback
 .text.HAL_FDCAN_ErrorStatusCallback
                0x0000000008002356       0x16 ./Drivers/STM32H7xx_HAL_Driver/Src/stm32h7xx_hal_fdcan.o
                0x0000000008002356                HAL_FDCAN_ErrorStatusCallback
 .text.HAL_FDCAN_TT_ScheduleSyncCallback
                0x000000000800236c       0x16 ./Drivers/STM32H7xx_HAL_Driver/Src/stm32h7xx_hal_fdcan.o
                0x000000000800236c                HAL_FDCAN_TT_ScheduleSyncCallback
 .text.HAL_FDCAN_TT_TimeMarkCallback
                0x0000000008002382       0x16 ./Drivers/STM32H7xx_HAL_Driver/Src/stm32h7xx_hal_fdcan.o
                0x0000000008002382                HAL_FDCAN_TT_TimeMarkCallback
 .text.HAL_FDCAN_TT_StopWatchCallback
                0x0000000008002398       0x18 ./Drivers/STM32H7xx_HAL_Driver/Src/stm32h7xx_hal_fdcan.o
                0x0000000008002398                HAL_FDCAN_TT_StopWatchCallback
 .text.HAL_FDCAN_TT_GlobalTimeCallback
                0x00000000080023b0       0x16 ./Drivers/STM32H7xx_HAL_Driver/Src/stm32h7xx_hal_fdcan.o
                0x00000000080023b0                HAL_FDCAN_TT_GlobalTimeCallback
 *fill*         0x00000000080023c6        0x2 
 .text.FDCAN_CalcultateRamBlockAddresses
                0x00000000080023c8      0x30c ./Drivers/STM32H7xx_HAL_Driver/Src/stm32h7xx_hal_fdcan.o
 .text.FDCAN_CopyMessageToRAM
                0x00000000080026d4       0xfc ./Drivers/STM32H7xx_HAL_Driver/Src/stm32h7xx_hal_fdcan.o
 .text.HAL_GPIO_Init
                0x00000000080027d0      0x360 ./Drivers/STM32H7xx_HAL_Driver/Src/stm32h7xx_hal_gpio.o
                0x00000000080027d0                HAL_GPIO_Init
 .text.HAL_I2C_Init
                0x0000000008002b30      0x120 ./Drivers/STM32H7xx_HAL_Driver/Src/stm32h7xx_hal_i2c.o
                0x0000000008002b30                HAL_I2C_Init
 .text.HAL_I2C_Mem_Write
                0x0000000008002c50      0x228 ./Drivers/STM32H7xx_HAL_Driver/Src/stm32h7xx_hal_i2c.o
                0x0000000008002c50                HAL_I2C_Mem_Write
 .text.HAL_I2C_Mem_Read
                0x0000000008002e78      0x234 ./Drivers/STM32H7xx_HAL_Driver/Src/stm32h7xx_hal_i2c.o
                0x0000000008002e78                HAL_I2C_Mem_Read
 .text.HAL_I2C_IsDeviceReady
                0x00000000080030ac      0x210 ./Drivers/STM32H7xx_HAL_Driver/Src/stm32h7xx_hal_i2c.o
                0x00000000080030ac                HAL_I2C_IsDeviceReady
 .text.HAL_I2C_EV_IRQHandler
                0x00000000080032bc       0x34 ./Drivers/STM32H7xx_HAL_Driver/Src/stm32h7xx_hal_i2c.o
                0x00000000080032bc                HAL_I2C_EV_IRQHandler
 .text.I2C_RequestMemoryWrite
                0x00000000080032f0       0xa8 ./Drivers/STM32H7xx_HAL_Driver/Src/stm32h7xx_hal_i2c.o
 .text.I2C_RequestMemoryRead
                0x0000000008003398       0xa8 ./Drivers/STM32H7xx_HAL_Driver/Src/stm32h7xx_hal_i2c.o
 .text.I2C_Flush_TXDR
                0x0000000008003440       0x48 ./Drivers/STM32H7xx_HAL_Driver/Src/stm32h7xx_hal_i2c.o
 .text.I2C_WaitOnFlagUntilTimeout
                0x0000000008003488       0x9e ./Drivers/STM32H7xx_HAL_Driver/Src/stm32h7xx_hal_i2c.o
 .text.I2C_WaitOnTXISFlagUntilTimeout
                0x0000000008003526       0x8e ./Drivers/STM32H7xx_HAL_Driver/Src/stm32h7xx_hal_i2c.o
 .text.I2C_WaitOnSTOPFlagUntilTimeout
                0x00000000080035b4       0x86 ./Drivers/STM32H7xx_HAL_Driver/Src/stm32h7xx_hal_i2c.o
 *fill*         0x000000000800363a        0x2 
 .text.I2C_IsErrorOccurred
                0x000000000800363c      0x1c0 ./Drivers/STM32H7xx_HAL_Driver/Src/stm32h7xx_hal_i2c.o
 .text.I2C_TransferConfig
                0x00000000080037fc       0x64 ./Drivers/STM32H7xx_HAL_Driver/Src/stm32h7xx_hal_i2c.o
 .text.HAL_I2CEx_ConfigAnalogFilter
                0x0000000008003860       0x96 ./Drivers/STM32H7xx_HAL_Driver/Src/stm32h7xx_hal_i2c_ex.o
                0x0000000008003860                HAL_I2CEx_ConfigAnalogFilter
 .text.HAL_I2CEx_ConfigDigitalFilter
                0x00000000080038f6       0x98 ./Drivers/STM32H7xx_HAL_Driver/Src/stm32h7xx_hal_i2c_ex.o
                0x00000000080038f6                HAL_I2CEx_ConfigDigitalFilter
 *fill*         0x000000000800398e        0x2 
 .text.HAL_PWREx_ConfigSupply
                0x0000000008003990       0x74 ./Drivers/STM32H7xx_HAL_Driver/Src/stm32h7xx_hal_pwr_ex.o
                0x0000000008003990                HAL_PWREx_ConfigSupply
 .text.HAL_RCC_OscConfig
                0x0000000008003a04      0x8b4 ./Drivers/STM32H7xx_HAL_Driver/Src/stm32h7xx_hal_rcc.o
                0x0000000008003a04                HAL_RCC_OscConfig
 .text.HAL_RCC_ClockConfig
                0x00000000080042b8      0x36c ./Drivers/STM32H7xx_HAL_Driver/Src/stm32h7xx_hal_rcc.o
                0x00000000080042b8                HAL_RCC_ClockConfig
 .text.HAL_RCC_GetSysClockFreq
                0x0000000008004624      0x2f4 ./Drivers/STM32H7xx_HAL_Driver/Src/stm32h7xx_hal_rcc.o
                0x0000000008004624                HAL_RCC_GetSysClockFreq
 .text.HAL_RCCEx_PeriphCLKConfig
                0x0000000008004918     0x1414 ./Drivers/STM32H7xx_HAL_Driver/Src/stm32h7xx_hal_rcc_ex.o
                0x0000000008004918                HAL_RCCEx_PeriphCLKConfig
 .text.RCCEx_PLL2_Config
                0x0000000008005d2c      0x164 ./Drivers/STM32H7xx_HAL_Driver/Src/stm32h7xx_hal_rcc_ex.o
 .text.RCCEx_PLL3_Config
                0x0000000008005e90      0x164 ./Drivers/STM32H7xx_HAL_Driver/Src/stm32h7xx_hal_rcc_ex.o
 .text.HAL_TIM_Base_Init
                0x0000000008005ff4       0xae ./Drivers/STM32H7xx_HAL_Driver/Src/stm32h7xx_hal_tim.o
                0x0000000008005ff4                HAL_TIM_Base_Init
 *fill*         0x00000000080060a2        0x2 
 .text.HAL_TIM_Base_Start_IT
                0x00000000080060a4       0xf0 ./Drivers/STM32H7xx_HAL_Driver/Src/stm32h7xx_hal_tim.o
                0x00000000080060a4                HAL_TIM_Base_Start_IT
 .text.HAL_TIM_IRQHandler
                0x0000000008006194      0x23e ./Drivers/STM32H7xx_HAL_Driver/Src/stm32h7xx_hal_tim.o
                0x0000000008006194                HAL_TIM_IRQHandler
 *fill*         0x00000000080063d2        0x2 
 .text.HAL_TIM_ConfigClockSource
                0x00000000080063d4      0x1f0 ./Drivers/STM32H7xx_HAL_Driver/Src/stm32h7xx_hal_tim.o
                0x00000000080063d4                HAL_TIM_ConfigClockSource
 .text.HAL_TIM_OC_DelayElapsedCallback
                0x00000000080065c4       0x14 ./Drivers/STM32H7xx_HAL_Driver/Src/stm32h7xx_hal_tim.o
                0x00000000080065c4                HAL_TIM_OC_DelayElapsedCallback
 .text.HAL_TIM_IC_CaptureCallback
                0x00000000080065d8       0x14 ./Drivers/STM32H7xx_HAL_Driver/Src/stm32h7xx_hal_tim.o
                0x00000000080065d8                HAL_TIM_IC_CaptureCallback
 .text.HAL_TIM_PWM_PulseFinishedCallback
                0x00000000080065ec       0x14 ./Drivers/STM32H7xx_HAL_Driver/Src/stm32h7xx_hal_tim.o
                0x00000000080065ec                HAL_TIM_PWM_PulseFinishedCallback
 .text.HAL_TIM_TriggerCallback
                0x0000000008006600       0x14 ./Drivers/STM32H7xx_HAL_Driver/Src/stm32h7xx_hal_tim.o
                0x0000000008006600                HAL_TIM_TriggerCallback
 .text.TIM_Base_SetConfig
                0x0000000008006614      0x134 ./Drivers/STM32H7xx_HAL_Driver/Src/stm32h7xx_hal_tim.o
                0x0000000008006614                TIM_Base_SetConfig
 .text.TIM_TI1_ConfigInputStage
                0x0000000008006748       0x5e ./Drivers/STM32H7xx_HAL_Driver/Src/stm32h7xx_hal_tim.o
 .text.TIM_TI2_ConfigInputStage
                0x00000000080067a6       0x60 ./Drivers/STM32H7xx_HAL_Driver/Src/stm32h7xx_hal_tim.o
 *fill*         0x0000000008006806        0x2 
 .text.TIM_ITRx_SetConfig
                0x0000000008006808       0x3c ./Drivers/STM32H7xx_HAL_Driver/Src/stm32h7xx_hal_tim.o
 .text.TIM_ETR_SetConfig
                0x0000000008006844       0x40 ./Drivers/STM32H7xx_HAL_Driver/Src/stm32h7xx_hal_tim.o
                0x0000000008006844                TIM_ETR_SetConfig
 .text.HAL_TIMEx_MasterConfigSynchronization
                0x0000000008006884      0x11c ./Drivers/STM32H7xx_HAL_Driver/Src/stm32h7xx_hal_tim_ex.o
                0x0000000008006884                HAL_TIMEx_MasterConfigSynchronization
 .text.HAL_TIMEx_CommutCallback
                0x00000000080069a0       0x14 ./Drivers/STM32H7xx_HAL_Driver/Src/stm32h7xx_hal_tim_ex.o
                0x00000000080069a0                HAL_TIMEx_CommutCallback
 .text.HAL_TIMEx_BreakCallback
                0x00000000080069b4       0x14 ./Drivers/STM32H7xx_HAL_Driver/Src/stm32h7xx_hal_tim_ex.o
                0x00000000080069b4                HAL_TIMEx_BreakCallback
 .text.HAL_TIMEx_Break2Callback
                0x00000000080069c8       0x14 ./Drivers/STM32H7xx_HAL_Driver/Src/stm32h7xx_hal_tim_ex.o
                0x00000000080069c8                HAL_TIMEx_Break2Callback
 .text.Initialize_BM
                0x00000000080069dc       0x2c ./WISL_WIDM/Drivers/BSP/BM1422AGMV/Src/bsp_bm1422agmv.o
                0x00000000080069dc                Initialize_BM
 .text.IsDevReady_BM
                0x0000000008006a08       0x26 ./WISL_WIDM/Drivers/BSP/BM1422AGMV/Src/bsp_bm1422agmv.o
                0x0000000008006a08                IsDevReady_BM
 .text.Read_Data_BM
                0x0000000008006a2e       0x98 ./WISL_WIDM/Drivers/BSP/BM1422AGMV/Src/bsp_bm1422agmv.o
                0x0000000008006a2e                Read_Data_BM
 .text.Write_Data_BM
                0x0000000008006ac6       0xd4 ./WISL_WIDM/Drivers/BSP/BM1422AGMV/Src/bsp_bm1422agmv.o
                0x0000000008006ac6                Write_Data_BM
 .text.Assemble_SDO
                0x0000000008006b9a       0x22 ./WISL_WIDM/Drivers/BSP/BumbleBee/object_dictionaries.o
 .text.Assemble_PDO
                0x0000000008006bbc       0x2a ./WISL_WIDM/Drivers/BSP/BumbleBee/object_dictionaries.o
 *fill*         0x0000000008006be6        0x2 
 .text.Create_SDOTable_ObjDictionary
                0x0000000008006be8      0x494 ./WISL_WIDM/Drivers/BSP/BumbleBee/object_dictionaries.o
                0x0000000008006be8                Create_SDOTable_ObjDictionary
 .text.Create_PDOTable_ObjDictionary
                0x000000000800707c      0x430 ./WISL_WIDM/Drivers/BSP/BumbleBee/object_dictionaries.o
                0x000000000800707c                Create_PDOTable_ObjDictionary
 .text.Initialize_ICM
                0x00000000080074ac       0x2c ./WISL_WIDM/Drivers/BSP/ICM20608G/Src/bsp_icm20608G.o
                0x00000000080074ac                Initialize_ICM
 .text.IsDevReady_ICM
                0x00000000080074d8       0x26 ./WISL_WIDM/Drivers/BSP/ICM20608G/Src/bsp_icm20608G.o
                0x00000000080074d8                IsDevReady_ICM
 *fill*         0x00000000080074fe        0x2 
 .text.Read_Data_ICM
                0x0000000008007500      0x138 ./WISL_WIDM/Drivers/BSP/ICM20608G/Src/bsp_icm20608G.o
                0x0000000008007500                Read_Data_ICM
 .text.Write_Data_ICM
                0x0000000008007638       0xae ./WISL_WIDM/Drivers/BSP/ICM20608G/Src/bsp_icm20608G.o
                0x0000000008007638                Write_Data_ICM
 *fill*         0x00000000080076e6        0x2 
 .text.Init_IOIF_Fdcan
                0x00000000080076e8      0x124 ./WISL_WIDM/Drivers/IOIF/Src/ioif_fdcan.o
                0x00000000080076e8                Init_IOIF_Fdcan
 .text.Transmit_IOIF_Fdcan
                0x000000000800780c       0x3c ./WISL_WIDM/Drivers/IOIF/Src/ioif_fdcan.o
                0x000000000800780c                Transmit_IOIF_Fdcan
 .text.HAL_FDCAN_RxFifo0Callback
                0x0000000008007848       0x88 ./WISL_WIDM/Drivers/IOIF/Src/ioif_fdcan.o
                0x0000000008007848                HAL_FDCAN_RxFifo0Callback
 .text.Start_TIM3
                0x00000000080078d0       0x14 ./WISL_WIDM/Drivers/IOIF/Src/ioif_tim.o
                0x00000000080078d0                Start_TIM3
 .text.Start_TIM6
                0x00000000080078e4       0x14 ./WISL_WIDM/Drivers/IOIF/Src/ioif_tim.o
                0x00000000080078e4                Start_TIM6
 .text.HAL_TIM_PeriodElapsedCallback
                0x00000000080078f8       0x54 ./WISL_WIDM/Drivers/IOIF/Src/ioif_tim.o
                0x00000000080078f8                HAL_TIM_PeriodElapsedCallback
 .text.Reset_Parameters
                0x000000000800794c       0xd8 ./WISL_WIDM/Framework/Apps/imu_ctrl_task/imu_ctrl_task.o
 .text.Set_Initial_Angle_Values
                0x0000000008007a24       0x46 ./WISL_WIDM/Framework/Apps/imu_ctrl_task/imu_ctrl_task.o
 .text.Calculate_Initial_Thigh_Angle
                0x0000000008007a6a       0xb4 ./WISL_WIDM/Framework/Apps/imu_ctrl_task/imu_ctrl_task.o
 .text.Run_Complementary_Filter
                0x0000000008007b1e       0x3c ./WISL_WIDM/Framework/Apps/imu_ctrl_task/imu_ctrl_task.o
 .text.Run_Normalization_And_Get_Gait_Phase
                0x0000000008007b5a       0x70 ./WISL_WIDM/Framework/Apps/imu_ctrl_task/imu_ctrl_task.o
 *fill*         0x0000000008007bca        0x6 
 .text.Reduce_Noise_In_Sensor_Data
                0x0000000008007bd0      0x13c ./WISL_WIDM/Framework/Apps/imu_ctrl_task/imu_ctrl_task.o
 .text.Compute_Phase_Radius
                0x0000000008007d0c       0x50 ./WISL_WIDM/Framework/Apps/imu_ctrl_task/imu_ctrl_task.o
 .text.Update_Walking_State
                0x0000000008007d5c       0x96 ./WISL_WIDM/Framework/Apps/imu_ctrl_task/imu_ctrl_task.o
 *fill*         0x0000000008007df2        0x2 
 .text.Check_Walking_State
                0x0000000008007df4       0xd0 ./WISL_WIDM/Framework/Apps/imu_ctrl_task/imu_ctrl_task.o
 .text.Setting_Assist_Time
                0x0000000008007ec4       0x22 ./WISL_WIDM/Framework/Apps/imu_ctrl_task/imu_ctrl_task.o
 .text.Update_IMU_Raw_Value
                0x0000000008007ee6       0x68 ./WISL_WIDM/Framework/Apps/imu_ctrl_task/imu_ctrl_task.o
 *fill*         0x0000000008007f4e        0x2 
 .text.Run_Total_function
                0x0000000008007f50       0xd0 ./WISL_WIDM/Framework/Apps/imu_ctrl_task/imu_ctrl_task.o
 .text.Get_State_Callback
                0x0000000008008020       0x38 ./WISL_WIDM/Framework/Apps/imu_ctrl_task/imu_ctrl_task.o
 .text.Set_State_Callback
                0x0000000008008058       0x38 ./WISL_WIDM/Framework/Apps/imu_ctrl_task/imu_ctrl_task.o
 .text.Get_Routine_Callback
                0x0000000008008090       0x78 ./WISL_WIDM/Framework/Apps/imu_ctrl_task/imu_ctrl_task.o
 .text.Set_Routine_Callback
                0x0000000008008108       0xb8 ./WISL_WIDM/Framework/Apps/imu_ctrl_task/imu_ctrl_task.o
 .text.StateOff_Run
                0x00000000080081c0       0x5c ./WISL_WIDM/Framework/Apps/imu_ctrl_task/imu_ctrl_task.o
 .text.StateStandby_Run
                0x000000000800821c       0x14 ./WISL_WIDM/Framework/Apps/imu_ctrl_task/imu_ctrl_task.o
 .text.StateEnable_Ent
                0x0000000008008230        0xe ./WISL_WIDM/Framework/Apps/imu_ctrl_task/imu_ctrl_task.o
 *fill*         0x000000000800823e        0x2 
 .text.StateEnable_Run
                0x0000000008008240       0x14 ./WISL_WIDM/Framework/Apps/imu_ctrl_task/imu_ctrl_task.o
 .text.StateEnable_Ext
                0x0000000008008254        0xe ./WISL_WIDM/Framework/Apps/imu_ctrl_task/imu_ctrl_task.o
 .text.StateError_Run
                0x0000000008008262        0xe ./WISL_WIDM/Framework/Apps/imu_ctrl_task/imu_ctrl_task.o
 .text.Initial_ICM
                0x0000000008008270       0x1a ./WISL_WIDM/Framework/Apps/imu_ctrl_task/imu_ctrl_task.o
 *fill*         0x000000000800828a        0x2 
 .text.Init_Imu_Ctrl
                0x000000000800828c      0x310 ./WISL_WIDM/Framework/Apps/imu_ctrl_task/imu_ctrl_task.o
                0x000000000800828c                Init_Imu_Ctrl
 .text.Run_Imu_Ctrl
                0x000000000800859c       0x44 ./WISL_WIDM/Framework/Apps/imu_ctrl_task/imu_ctrl_task.o
                0x000000000800859c                Run_Imu_Ctrl
 .text.Set_Init_Parameters
                0x00000000080085e0      0x118 ./WISL_WIDM/Framework/Apps/imu_ctrl_task/widm_calculation.o
                0x00000000080085e0                Set_Init_Parameters
 .text.Save_Previous_Value
                0x00000000080086f8       0x68 ./WISL_WIDM/Framework/Apps/imu_ctrl_task/widm_calculation.o
                0x00000000080086f8                Save_Previous_Value
 .text.Calculate_Square_Root_Sum
                0x0000000008008760       0x64 ./WISL_WIDM/Framework/Apps/imu_ctrl_task/widm_calculation.o
                0x0000000008008760                Calculate_Square_Root_Sum
 .text.Calculate_Absolute_Value_Float
                0x00000000080087c4       0x20 ./WISL_WIDM/Framework/Apps/imu_ctrl_task/widm_calculation.o
                0x00000000080087c4                Calculate_Absolute_Value_Float
 *fill*         0x00000000080087e4        0x4 
 .text.Calculate_Delta
                0x00000000080087e8       0x40 ./WISL_WIDM/Framework/Apps/imu_ctrl_task/widm_calculation.o
                0x00000000080087e8                Calculate_Delta
 .text.Calculate_xbar_Update_mu
                0x0000000008008828       0xa0 ./WISL_WIDM/Framework/Apps/imu_ctrl_task/widm_calculation.o
                0x0000000008008828                Calculate_xbar_Update_mu
 .text.Generate_Fuzzy_Input
                0x00000000080088c8       0xc8 ./WISL_WIDM/Framework/Apps/imu_ctrl_task/widm_calculation.o
                0x00000000080088c8                Generate_Fuzzy_Input
 .text.Calculate_Fuzzy_Wc
                0x0000000008008990       0x96 ./WISL_WIDM/Framework/Apps/imu_ctrl_task/widm_calculation.o
                0x0000000008008990                Calculate_Fuzzy_Wc
 .text.Perform_LPF_on_Acc
                0x0000000008008a26       0x62 ./WISL_WIDM/Framework/Apps/imu_ctrl_task/widm_calculation.o
                0x0000000008008a26                Perform_LPF_on_Acc
 .text.Perform_HPF_on_Gyro
                0x0000000008008a88       0x5a ./WISL_WIDM/Framework/Apps/imu_ctrl_task/widm_calculation.o
                0x0000000008008a88                Perform_HPF_on_Gyro
 .text.Run_TVCF
                0x0000000008008ae2       0xa8 ./WISL_WIDM/Framework/Apps/imu_ctrl_task/widm_calculation.o
                0x0000000008008ae2                Run_TVCF
 .text.Get_Max_Float
                0x0000000008008b8a       0x38 ./WISL_WIDM/Framework/Apps/imu_ctrl_task/widm_calculation.o
                0x0000000008008b8a                Get_Max_Float
 .text.Get_Min_Float
                0x0000000008008bc2       0x38 ./WISL_WIDM/Framework/Apps/imu_ctrl_task/widm_calculation.o
                0x0000000008008bc2                Get_Min_Float
 .text.Set_First_Half_Gait_Phase_Parameters
                0x0000000008008bfa       0xc8 ./WISL_WIDM/Framework/Apps/imu_ctrl_task/widm_calculation.o
                0x0000000008008bfa                Set_First_Half_Gait_Phase_Parameters
 .text.Set_Second_Half_Gait_Phase_Parameters
                0x0000000008008cc2       0xd2 ./WISL_WIDM/Framework/Apps/imu_ctrl_task/widm_calculation.o
                0x0000000008008cc2                Set_Second_Half_Gait_Phase_Parameters
 .text.Prepare_for_Circular_Normalization
                0x0000000008008d94       0x72 ./WISL_WIDM/Framework/Apps/imu_ctrl_task/widm_calculation.o
                0x0000000008008d94                Prepare_for_Circular_Normalization
 *fill*         0x0000000008008e06        0x2 
 .text.Get_Current_Gait_Phase
                0x0000000008008e08      0x178 ./WISL_WIDM/Framework/Apps/imu_ctrl_task/widm_calculation.o
                0x0000000008008e08                Get_Current_Gait_Phase
 .text.Calculate_Assist_Force_Timing_Params
                0x0000000008008f80       0xc4 ./WISL_WIDM/Framework/Apps/imu_ctrl_task/widm_calculation.o
 .text.Set_Assist_Force_Timing_Params
                0x0000000008009044       0xbc ./WISL_WIDM/Framework/Apps/imu_ctrl_task/widm_calculation.o
                0x0000000008009044                Set_Assist_Force_Timing_Params
 .text.Get_Angle_Scenario
                0x0000000008009100      0x140 ./WISL_WIDM/Framework/Apps/imu_ctrl_task/widm_calculation.o
                0x0000000008009100                Get_Angle_Scenario
 .text.Get_Msg_Data_Type_Info
                0x0000000008009240       0xec ./WISL_WIDM/Framework/Apps/msg_hdlr_task/msg_data_object.o
                0x0000000008009240                Get_Msg_Data_Type_Info
 .text.Create_DOD
                0x000000000800932c       0x30 ./WISL_WIDM/Framework/Apps/msg_hdlr_task/msg_data_object.o
                0x000000000800932c                Create_DOD
 .text.Create_PDO
                0x000000000800935c      0x174 ./WISL_WIDM/Framework/Apps/msg_hdlr_task/msg_data_object.o
                0x000000000800935c                Create_PDO
 .text.Create_SDO
                0x00000000080094d0      0x120 ./WISL_WIDM/Framework/Apps/msg_hdlr_task/msg_data_object.o
                0x00000000080094d0                Create_SDO
 .text.Find_PDO
                0x00000000080095f0       0x3c ./WISL_WIDM/Framework/Apps/msg_hdlr_task/msg_data_object.o
                0x00000000080095f0                Find_PDO
 .text.Find_SDO
                0x000000000800962c       0x40 ./WISL_WIDM/Framework/Apps/msg_hdlr_task/msg_data_object.o
                0x000000000800962c                Find_SDO
 .text.Set_PDO  0x000000000800966c       0x3a ./WISL_WIDM/Framework/Apps/msg_hdlr_task/msg_data_object.o
                0x000000000800966c                Set_PDO
 .text.Get_PDO  0x00000000080096a6       0x28 ./WISL_WIDM/Framework/Apps/msg_hdlr_task/msg_data_object.o
                0x00000000080096a6                Get_PDO
 .text.Call_SDO
                0x00000000080096ce       0x4e ./WISL_WIDM/Framework/Apps/msg_hdlr_task/msg_data_object.o
                0x00000000080096ce                Call_SDO
 .text.Set_SDO_args
                0x000000000800971c       0x7a ./WISL_WIDM/Framework/Apps/msg_hdlr_task/msg_data_object.o
                0x000000000800971c                Set_SDO_args
 .text.Convert_Byte_Length
                0x0000000008009796      0x100 ./WISL_WIDM/Framework/Apps/msg_hdlr_task/msg_hdlr_task.o
 .text.Get_Header
                0x0000000008009896       0x2e ./WISL_WIDM/Framework/Apps/msg_hdlr_task/msg_hdlr_task.o
 .text.Recv_EMCY
                0x00000000080098c4       0x20 ./WISL_WIDM/Framework/Apps/msg_hdlr_task/msg_hdlr_task.o
 .text.Convert_Bytes_to_SDO_req
                0x00000000080098e4       0x78 ./WISL_WIDM/Framework/Apps/msg_hdlr_task/msg_hdlr_task.o
 .text.Read_SDO
                0x000000000800995c      0x1e8 ./WISL_WIDM/Framework/Apps/msg_hdlr_task/msg_hdlr_task.o
 .text.Unpack_SDO
                0x0000000008009b44       0x70 ./WISL_WIDM/Framework/Apps/msg_hdlr_task/msg_hdlr_task.o
 .text.Convert_SDOres_to_Bytes
                0x0000000008009bb4       0x98 ./WISL_WIDM/Framework/Apps/msg_hdlr_task/msg_hdlr_task.o
 .text.Pack_SDO
                0x0000000008009c4c      0x160 ./WISL_WIDM/Framework/Apps/msg_hdlr_task/msg_hdlr_task.o
 .text.Send_SDO
                0x0000000008009dac       0x70 ./WISL_WIDM/Framework/Apps/msg_hdlr_task/msg_hdlr_task.o
 .text.Convert_Bytes_to_PDO
                0x0000000008009e1c       0x5a ./WISL_WIDM/Framework/Apps/msg_hdlr_task/msg_hdlr_task.o
 .text.Unpack_PDO
                0x0000000008009e76       0x70 ./WISL_WIDM/Framework/Apps/msg_hdlr_task/msg_hdlr_task.o
 .text.Convert_PDO_to_Bytes
                0x0000000008009ee6       0x62 ./WISL_WIDM/Framework/Apps/msg_hdlr_task/msg_hdlr_task.o
 .text.Pack_PDO
                0x0000000008009f48       0xb0 ./WISL_WIDM/Framework/Apps/msg_hdlr_task/msg_hdlr_task.o
 .text.Send_PDO
                0x0000000008009ff8       0x94 ./WISL_WIDM/Framework/Apps/msg_hdlr_task/msg_hdlr_task.o
 .text.Ext_Send_PDO
                0x000000000800a08c       0x24 ./WISL_WIDM/Framework/Apps/msg_hdlr_task/msg_hdlr_task.o
 .text.Set_PDO_Dummy
                0x000000000800a0b0       0x78 ./WISL_WIDM/Framework/Apps/msg_hdlr_task/msg_hdlr_task.o
 .text.Check_Trajectory_Error
                0x000000000800a128       0x5c ./WISL_WIDM/Framework/Apps/msg_hdlr_task/msg_hdlr_task.o
 .text.Assemble_Trajectory
                0x000000000800a184       0xc0 ./WISL_WIDM/Framework/Apps/msg_hdlr_task/msg_hdlr_task.o
 .text.Add_PDO_to_Send
                0x000000000800a244      0x1b8 ./WISL_WIDM/Framework/Apps/msg_hdlr_task/msg_hdlr_task.o
 .text.Clear_PDO_to_Send
                0x000000000800a3fc       0x30 ./WISL_WIDM/Framework/Apps/msg_hdlr_task/msg_hdlr_task.o
 .text.Send_USB_Trick
                0x000000000800a42c       0x50 ./WISL_WIDM/Framework/Apps/msg_hdlr_task/msg_hdlr_task.o
 .text.Send_MSG
                0x000000000800a47c       0xdc ./WISL_WIDM/Framework/Apps/msg_hdlr_task/msg_hdlr_task.o
                0x000000000800a47c                Send_MSG
 .text.Fdcan_Rx_Hdlr
                0x000000000800a558       0xb0 ./WISL_WIDM/Framework/Apps/msg_hdlr_task/msg_hdlr_task.o
 .text.Initial_ICM2
                0x000000000800a608       0x1a ./WISL_WIDM/Framework/Apps/msg_hdlr_task/msg_hdlr_task.o
 *fill*         0x000000000800a622        0x2 
 .text.Get_State_Callback
                0x000000000800a624       0x38 ./WISL_WIDM/Framework/Apps/msg_hdlr_task/msg_hdlr_task.o
 .text.Set_State_Callback
                0x000000000800a65c       0x38 ./WISL_WIDM/Framework/Apps/msg_hdlr_task/msg_hdlr_task.o
 .text.Get_Routine_Callback
                0x000000000800a694       0x78 ./WISL_WIDM/Framework/Apps/msg_hdlr_task/msg_hdlr_task.o
 .text.Set_Routine_Callback
                0x000000000800a70c       0xb8 ./WISL_WIDM/Framework/Apps/msg_hdlr_task/msg_hdlr_task.o
 .text.Set_Send_PDO_List
                0x000000000800a7c4       0x60 ./WISL_WIDM/Framework/Apps/msg_hdlr_task/msg_hdlr_task.o
 .text.Set_MS_Enum
                0x000000000800a824       0x30 ./WISL_WIDM/Framework/Apps/msg_hdlr_task/msg_hdlr_task.o
 .text.Set_GUI_COMM_OnOff
                0x000000000800a854       0x30 ./WISL_WIDM/Framework/Apps/msg_hdlr_task/msg_hdlr_task.o
 .text.Set_GUI_COMM_Command
                0x000000000800a884       0x30 ./WISL_WIDM/Framework/Apps/msg_hdlr_task/msg_hdlr_task.o
 .text.StateOff_Ent
                0x000000000800a8b4       0x28 ./WISL_WIDM/Framework/Apps/msg_hdlr_task/msg_hdlr_task.o
 .text.StateStandby_Ent
                0x000000000800a8dc        0xe ./WISL_WIDM/Framework/Apps/msg_hdlr_task/msg_hdlr_task.o
 .text.StateStandby_Run
                0x000000000800a8ea        0xe ./WISL_WIDM/Framework/Apps/msg_hdlr_task/msg_hdlr_task.o
 .text.StateStandby_Ext
                0x000000000800a8f8        0xe ./WISL_WIDM/Framework/Apps/msg_hdlr_task/msg_hdlr_task.o
 *fill*         0x000000000800a906        0x2 
 .text.StateEnable_Ent
                0x000000000800a908       0x1c ./WISL_WIDM/Framework/Apps/msg_hdlr_task/msg_hdlr_task.o
 .text.StateEnable_Run
                0x000000000800a924       0x20 ./WISL_WIDM/Framework/Apps/msg_hdlr_task/msg_hdlr_task.o
 .text.StateEnable_Ext
                0x000000000800a944       0x28 ./WISL_WIDM/Framework/Apps/msg_hdlr_task/msg_hdlr_task.o
 .text.StateError_Run
                0x000000000800a96c        0xe ./WISL_WIDM/Framework/Apps/msg_hdlr_task/msg_hdlr_task.o
 *fill*         0x000000000800a97a        0x2 
 .text.Init_Msg_Hdlr
                0x000000000800a97c      0x2d4 ./WISL_WIDM/Framework/Apps/msg_hdlr_task/msg_hdlr_task.o
                0x000000000800a97c                Init_Msg_Hdlr
 .text.Run_Msg_Hdlr
                0x000000000800ac50       0x14 ./WISL_WIDM/Framework/Apps/msg_hdlr_task/msg_hdlr_task.o
                0x000000000800ac50                Run_Msg_Hdlr
 .text.Create_Routine_Entity
                0x000000000800ac64       0x34 ./WISL_WIDM/Framework/Lib/Src/routine.o
                0x000000000800ac64                Create_Routine_Entity
 .text.Init_Routine
                0x000000000800ac98       0x72 ./WISL_WIDM/Framework/Lib/Src/routine.o
                0x000000000800ac98                Init_Routine
 *fill*         0x000000000800ad0a        0x2 
 .text.Ent_Routines
                0x000000000800ad0c       0x80 ./WISL_WIDM/Framework/Lib/Src/routine.o
                0x000000000800ad0c                Ent_Routines
 .text.Run_Routines
                0x000000000800ad8c       0x6c ./WISL_WIDM/Framework/Lib/Src/routine.o
                0x000000000800ad8c                Run_Routines
 .text.Ext_Routines
                0x000000000800adf8       0x80 ./WISL_WIDM/Framework/Lib/Src/routine.o
                0x000000000800adf8                Ext_Routines
 .text.Clear_Routines
                0x000000000800ae78       0x38 ./WISL_WIDM/Framework/Lib/Src/routine.o
                0x000000000800ae78                Clear_Routines
 .text.Push_Routine
                0x000000000800aeb0       0x62 ./WISL_WIDM/Framework/Lib/Src/routine.o
                0x000000000800aeb0                Push_Routine
 *fill*         0x000000000800af12        0x2 
 .text.Transition_Map
                0x000000000800af14       0x98 ./WISL_WIDM/Framework/Lib/Src/state_machine.o
 .text.Create_State_Entity
                0x000000000800afac       0x34 ./WISL_WIDM/Framework/Lib/Src/state_machine.o
                0x000000000800afac                Create_State_Entity
 .text.Init_State_Machine
                0x000000000800afe0       0x68 ./WISL_WIDM/Framework/Lib/Src/state_machine.o
                0x000000000800afe0                Init_State_Machine
 .text.Run_State_Machine
                0x000000000800b048       0xe0 ./WISL_WIDM/Framework/Lib/Src/state_machine.o
                0x000000000800b048                Run_State_Machine
 .text.Transition_State
                0x000000000800b128       0x44 ./WISL_WIDM/Framework/Lib/Src/state_machine.o
                0x000000000800b128                Transition_State
 .text.Init_Task
                0x000000000800b16c       0x24 ./WISL_WIDM/Framework/Lib/Src/task.o
                0x000000000800b16c                Init_Task
 .text.Run_Task
                0x000000000800b190       0x1a ./WISL_WIDM/Framework/Lib/Src/task.o
                0x000000000800b190                Run_Task
 .text.Set_Task_State_Entity
                0x000000000800b1aa       0x52 ./WISL_WIDM/Framework/Lib/Src/task.o
                0x000000000800b1aa                Set_Task_State_Entity
 .text.Set_Task_Routine_Entity
                0x000000000800b1fc       0x3e ./WISL_WIDM/Framework/Lib/Src/task.o
                0x000000000800b1fc                Set_Task_Routine_Entity
 *fill*         0x000000000800b23a        0x2 
 .text.__assert_func
                0x000000000800b23c       0x3c C:/ST/STM32CubeIDE_1.13.0/STM32CubeIDE/plugins/com.st.stm32cube.ide.mcu.externaltools.gnu-tools-for-stm32.11.3.rel1.win32_1.1.0.202305231506/tools/bin/../lib/gcc/arm-none-eabi/11.3.1/../../../../arm-none-eabi/lib/thumb/v7e-m+dp/hard\libc_nano.a(libc_a-assert.o)
                0x000000000800b23c                __assert_func
 .text.malloc   0x000000000800b278       0x10 C:/ST/STM32CubeIDE_1.13.0/STM32CubeIDE/plugins/com.st.stm32cube.ide.mcu.externaltools.gnu-tools-for-stm32.11.3.rel1.win32_1.1.0.202305231506/tools/bin/../lib/gcc/arm-none-eabi/11.3.1/../../../../arm-none-eabi/lib/thumb/v7e-m+dp/hard\libc_nano.a(libc_a-malloc.o)
                0x000000000800b278                malloc
 .text.free     0x000000000800b288       0x10 C:/ST/STM32CubeIDE_1.13.0/STM32CubeIDE/plugins/com.st.stm32cube.ide.mcu.externaltools.gnu-tools-for-stm32.11.3.rel1.win32_1.1.0.202305231506/tools/bin/../lib/gcc/arm-none-eabi/11.3.1/../../../../arm-none-eabi/lib/thumb/v7e-m+dp/hard\libc_nano.a(libc_a-malloc.o)
                0x000000000800b288                free
 .text.sbrk_aligned
                0x000000000800b298       0x40 C:/ST/STM32CubeIDE_1.13.0/STM32CubeIDE/plugins/com.st.stm32cube.ide.mcu.externaltools.gnu-tools-for-stm32.11.3.rel1.win32_1.1.0.202305231506/tools/bin/../lib/gcc/arm-none-eabi/11.3.1/../../../../arm-none-eabi/lib/thumb/v7e-m+dp/hard\libc_nano.a(libc_a-mallocr.o)
 .text._malloc_r
                0x000000000800b2d8      0x100 C:/ST/STM32CubeIDE_1.13.0/STM32CubeIDE/plugins/com.st.stm32cube.ide.mcu.externaltools.gnu-tools-for-stm32.11.3.rel1.win32_1.1.0.202305231506/tools/bin/../lib/gcc/arm-none-eabi/11.3.1/../../../../arm-none-eabi/lib/thumb/v7e-m+dp/hard\libc_nano.a(libc_a-mallocr.o)
                0x000000000800b2d8                _malloc_r
 .text.__malloc_lock
                0x000000000800b3d8        0xc C:/ST/STM32CubeIDE_1.13.0/STM32CubeIDE/plugins/com.st.stm32cube.ide.mcu.externaltools.gnu-tools-for-stm32.11.3.rel1.win32_1.1.0.202305231506/tools/bin/../lib/gcc/arm-none-eabi/11.3.1/../../../../arm-none-eabi/lib/thumb/v7e-m+dp/hard\libc_nano.a(libc_a-mlock.o)
                0x000000000800b3d8                __malloc_lock
 .text.__malloc_unlock
                0x000000000800b3e4        0xc C:/ST/STM32CubeIDE_1.13.0/STM32CubeIDE/plugins/com.st.stm32cube.ide.mcu.externaltools.gnu-tools-for-stm32.11.3.rel1.win32_1.1.0.202305231506/tools/bin/../lib/gcc/arm-none-eabi/11.3.1/../../../../arm-none-eabi/lib/thumb/v7e-m+dp/hard\libc_nano.a(libc_a-mlock.o)
                0x000000000800b3e4                __malloc_unlock
 .text.realloc  0x000000000800b3f0       0x10 C:/ST/STM32CubeIDE_1.13.0/STM32CubeIDE/plugins/com.st.stm32cube.ide.mcu.externaltools.gnu-tools-for-stm32.11.3.rel1.win32_1.1.0.202305231506/tools/bin/../lib/gcc/arm-none-eabi/11.3.1/../../../../arm-none-eabi/lib/thumb/v7e-m+dp/hard\libc_nano.a(libc_a-realloc.o)
                0x000000000800b3f0                realloc
 .text._realloc_r
                0x000000000800b400       0x5e C:/ST/STM32CubeIDE_1.13.0/STM32CubeIDE/plugins/com.st.stm32cube.ide.mcu.externaltools.gnu-tools-for-stm32.11.3.rel1.win32_1.1.0.202305231506/tools/bin/../lib/gcc/arm-none-eabi/11.3.1/../../../../arm-none-eabi/lib/thumb/v7e-m+dp/hard\libc_nano.a(libc_a-reallocr.o)
                0x000000000800b400                _realloc_r
 *fill*         0x000000000800b45e        0x2 
 .text.std      0x000000000800b460       0x48 C:/ST/STM32CubeIDE_1.13.0/STM32CubeIDE/plugins/com.st.stm32cube.ide.mcu.externaltools.gnu-tools-for-stm32.11.3.rel1.win32_1.1.0.202305231506/tools/bin/../lib/gcc/arm-none-eabi/11.3.1/../../../../arm-none-eabi/lib/thumb/v7e-m+dp/hard\libc_nano.a(libc_a-findfp.o)
 .text.stdio_exit_handler
                0x000000000800b4a8       0x18 C:/ST/STM32CubeIDE_1.13.0/STM32CubeIDE/plugins/com.st.stm32cube.ide.mcu.externaltools.gnu-tools-for-stm32.11.3.rel1.win32_1.1.0.202305231506/tools/bin/../lib/gcc/arm-none-eabi/11.3.1/../../../../arm-none-eabi/lib/thumb/v7e-m+dp/hard\libc_nano.a(libc_a-findfp.o)
 .text.cleanup_stdio
                0x000000000800b4c0       0x40 C:/ST/STM32CubeIDE_1.13.0/STM32CubeIDE/plugins/com.st.stm32cube.ide.mcu.externaltools.gnu-tools-for-stm32.11.3.rel1.win32_1.1.0.202305231506/tools/bin/../lib/gcc/arm-none-eabi/11.3.1/../../../../arm-none-eabi/lib/thumb/v7e-m+dp/hard\libc_nano.a(libc_a-findfp.o)
 .text.global_stdio_init.part.0
                0x000000000800b500       0x3c C:/ST/STM32CubeIDE_1.13.0/STM32CubeIDE/plugins/com.st.stm32cube.ide.mcu.externaltools.gnu-tools-for-stm32.11.3.rel1.win32_1.1.0.202305231506/tools/bin/../lib/gcc/arm-none-eabi/11.3.1/../../../../arm-none-eabi/lib/thumb/v7e-m+dp/hard\libc_nano.a(libc_a-findfp.o)
 .text.__sfp_lock_acquire
                0x000000000800b53c        0xc C:/ST/STM32CubeIDE_1.13.0/STM32CubeIDE/plugins/com.st.stm32cube.ide.mcu.externaltools.gnu-tools-for-stm32.11.3.rel1.win32_1.1.0.202305231506/tools/bin/../lib/gcc/arm-none-eabi/11.3.1/../../../../arm-none-eabi/lib/thumb/v7e-m+dp/hard\libc_nano.a(libc_a-findfp.o)
                0x000000000800b53c                __sfp_lock_acquire
 .text.__sfp_lock_release
                0x000000000800b548        0xc C:/ST/STM32CubeIDE_1.13.0/STM32CubeIDE/plugins/com.st.stm32cube.ide.mcu.externaltools.gnu-tools-for-stm32.11.3.rel1.win32_1.1.0.202305231506/tools/bin/../lib/gcc/arm-none-eabi/11.3.1/../../../../arm-none-eabi/lib/thumb/v7e-m+dp/hard\libc_nano.a(libc_a-findfp.o)
                0x000000000800b548                __sfp_lock_release
 .text.__sinit  0x000000000800b554       0x30 C:/ST/STM32CubeIDE_1.13.0/STM32CubeIDE/plugins/com.st.stm32cube.ide.mcu.externaltools.gnu-tools-for-stm32.11.3.rel1.win32_1.1.0.202305231506/tools/bin/../lib/gcc/arm-none-eabi/11.3.1/../../../../arm-none-eabi/lib/thumb/v7e-m+dp/hard\libc_nano.a(libc_a-findfp.o)
                0x000000000800b554                __sinit
 .text.fprintf  0x000000000800b584       0x24 C:/ST/STM32CubeIDE_1.13.0/STM32CubeIDE/plugins/com.st.stm32cube.ide.mcu.externaltools.gnu-tools-for-stm32.11.3.rel1.win32_1.1.0.202305231506/tools/bin/../lib/gcc/arm-none-eabi/11.3.1/../../../../arm-none-eabi/lib/thumb/v7e-m+dp/hard\libc_nano.a(libc_a-fprintf.o)
                0x000000000800b584                fiprintf
                0x000000000800b584                fprintf
 .text._fwalk_sglue
                0x000000000800b5a8       0x3c C:/ST/STM32CubeIDE_1.13.0/STM32CubeIDE/plugins/com.st.stm32cube.ide.mcu.externaltools.gnu-tools-for-stm32.11.3.rel1.win32_1.1.0.202305231506/tools/bin/../lib/gcc/arm-none-eabi/11.3.1/../../../../arm-none-eabi/lib/thumb/v7e-m+dp/hard\libc_nano.a(libc_a-fwalk.o)
                0x000000000800b5a8                _fwalk_sglue
 .text.__sread  0x000000000800b5e4       0x22 C:/ST/STM32CubeIDE_1.13.0/STM32CubeIDE/plugins/com.st.stm32cube.ide.mcu.externaltools.gnu-tools-for-stm32.11.3.rel1.win32_1.1.0.202305231506/tools/bin/../lib/gcc/arm-none-eabi/11.3.1/../../../../arm-none-eabi/lib/thumb/v7e-m+dp/hard\libc_nano.a(libc_a-stdio.o)
                0x000000000800b5e4                __sread
 .text.__swrite
                0x000000000800b606       0x38 C:/ST/STM32CubeIDE_1.13.0/STM32CubeIDE/plugins/com.st.stm32cube.ide.mcu.externaltools.gnu-tools-for-stm32.11.3.rel1.win32_1.1.0.202305231506/tools/bin/../lib/gcc/arm-none-eabi/11.3.1/../../../../arm-none-eabi/lib/thumb/v7e-m+dp/hard\libc_nano.a(libc_a-stdio.o)
                0x000000000800b606                __swrite
 .text.__sseek  0x000000000800b63e       0x24 C:/ST/STM32CubeIDE_1.13.0/STM32CubeIDE/plugins/com.st.stm32cube.ide.mcu.externaltools.gnu-tools-for-stm32.11.3.rel1.win32_1.1.0.202305231506/tools/bin/../lib/gcc/arm-none-eabi/11.3.1/../../../../arm-none-eabi/lib/thumb/v7e-m+dp/hard\libc_nano.a(libc_a-stdio.o)
                0x000000000800b63e                __sseek
 .text.__sclose
                0x000000000800b662        0x8 C:/ST/STM32CubeIDE_1.13.0/STM32CubeIDE/plugins/com.st.stm32cube.ide.mcu.externaltools.gnu-tools-for-stm32.11.3.rel1.win32_1.1.0.202305231506/tools/bin/../lib/gcc/arm-none-eabi/11.3.1/../../../../arm-none-eabi/lib/thumb/v7e-m+dp/hard\libc_nano.a(libc_a-stdio.o)
                0x000000000800b662                __sclose
 .text.memset   0x000000000800b66a       0x10 C:/ST/STM32CubeIDE_1.13.0/STM32CubeIDE/plugins/com.st.stm32cube.ide.mcu.externaltools.gnu-tools-for-stm32.11.3.rel1.win32_1.1.0.202305231506/tools/bin/../lib/gcc/arm-none-eabi/11.3.1/../../../../arm-none-eabi/lib/thumb/v7e-m+dp/hard\libc_nano.a(libc_a-memset.o)
                0x000000000800b66a                memset
 *fill*         0x000000000800b67a        0x2 
 .text._close_r
                0x000000000800b67c       0x20 C:/ST/STM32CubeIDE_1.13.0/STM32CubeIDE/plugins/com.st.stm32cube.ide.mcu.externaltools.gnu-tools-for-stm32.11.3.rel1.win32_1.1.0.202305231506/tools/bin/../lib/gcc/arm-none-eabi/11.3.1/../../../../arm-none-eabi/lib/thumb/v7e-m+dp/hard\libc_nano.a(libc_a-closer.o)
                0x000000000800b67c                _close_r
 .text._lseek_r
                0x000000000800b69c       0x24 C:/ST/STM32CubeIDE_1.13.0/STM32CubeIDE/plugins/com.st.stm32cube.ide.mcu.externaltools.gnu-tools-for-stm32.11.3.rel1.win32_1.1.0.202305231506/tools/bin/../lib/gcc/arm-none-eabi/11.3.1/../../../../arm-none-eabi/lib/thumb/v7e-m+dp/hard\libc_nano.a(libc_a-lseekr.o)
                0x000000000800b69c                _lseek_r
 .text._read_r  0x000000000800b6c0       0x24 C:/ST/STM32CubeIDE_1.13.0/STM32CubeIDE/plugins/com.st.stm32cube.ide.mcu.externaltools.gnu-tools-for-stm32.11.3.rel1.win32_1.1.0.202305231506/tools/bin/../lib/gcc/arm-none-eabi/11.3.1/../../../../arm-none-eabi/lib/thumb/v7e-m+dp/hard\libc_nano.a(libc_a-readr.o)
                0x000000000800b6c0                _read_r
 .text._sbrk_r  0x000000000800b6e4       0x20 C:/ST/STM32CubeIDE_1.13.0/STM32CubeIDE/plugins/com.st.stm32cube.ide.mcu.externaltools.gnu-tools-for-stm32.11.3.rel1.win32_1.1.0.202305231506/tools/bin/../lib/gcc/arm-none-eabi/11.3.1/../../../../arm-none-eabi/lib/thumb/v7e-m+dp/hard\libc_nano.a(libc_a-sbrkr.o)
                0x000000000800b6e4                _sbrk_r
 .text._write_r
                0x000000000800b704       0x24 C:/ST/STM32CubeIDE_1.13.0/STM32CubeIDE/plugins/com.st.stm32cube.ide.mcu.externaltools.gnu-tools-for-stm32.11.3.rel1.win32_1.1.0.202305231506/tools/bin/../lib/gcc/arm-none-eabi/11.3.1/../../../../arm-none-eabi/lib/thumb/v7e-m+dp/hard\libc_nano.a(libc_a-writer.o)
                0x000000000800b704                _write_r
 .text.__errno  0x000000000800b728        0xc C:/ST/STM32CubeIDE_1.13.0/STM32CubeIDE/plugins/com.st.stm32cube.ide.mcu.externaltools.gnu-tools-for-stm32.11.3.rel1.win32_1.1.0.202305231506/tools/bin/../lib/gcc/arm-none-eabi/11.3.1/../../../../arm-none-eabi/lib/thumb/v7e-m+dp/hard\libc_nano.a(libc_a-errno.o)
                0x000000000800b728                __errno
 .text.__libc_init_array
                0x000000000800b734       0x48 C:/ST/STM32CubeIDE_1.13.0/STM32CubeIDE/plugins/com.st.stm32cube.ide.mcu.externaltools.gnu-tools-for-stm32.11.3.rel1.win32_1.1.0.202305231506/tools/bin/../lib/gcc/arm-none-eabi/11.3.1/../../../../arm-none-eabi/lib/thumb/v7e-m+dp/hard\libc_nano.a(libc_a-init.o)
                0x000000000800b734                __libc_init_array
 .text.__retarget_lock_acquire_recursive
                0x000000000800b77c        0x2 C:/ST/STM32CubeIDE_1.13.0/STM32CubeIDE/plugins/com.st.stm32cube.ide.mcu.externaltools.gnu-tools-for-stm32.11.3.rel1.win32_1.1.0.202305231506/tools/bin/../lib/gcc/arm-none-eabi/11.3.1/../../../../arm-none-eabi/lib/thumb/v7e-m+dp/hard\libc_nano.a(libc_a-lock.o)
                0x000000000800b77c                __retarget_lock_acquire_recursive
 .text.__retarget_lock_release_recursive
                0x000000000800b77e        0x2 C:/ST/STM32CubeIDE_1.13.0/STM32CubeIDE/plugins/com.st.stm32cube.ide.mcu.externaltools.gnu-tools-for-stm32.11.3.rel1.win32_1.1.0.202305231506/tools/bin/../lib/gcc/arm-none-eabi/11.3.1/../../../../arm-none-eabi/lib/thumb/v7e-m+dp/hard\libc_nano.a(libc_a-lock.o)
                0x000000000800b77e                __retarget_lock_release_recursive
 .text.memcpy   0x000000000800b780       0x1c C:/ST/STM32CubeIDE_1.13.0/STM32CubeIDE/plugins/com.st.stm32cube.ide.mcu.externaltools.gnu-tools-for-stm32.11.3.rel1.win32_1.1.0.202305231506/tools/bin/../lib/gcc/arm-none-eabi/11.3.1/../../../../arm-none-eabi/lib/thumb/v7e-m+dp/hard\libc_nano.a(libc_a-memcpy-stub.o)
                0x000000000800b780                memcpy
 .text.abort    0x000000000800b79c        0xe C:/ST/STM32CubeIDE_1.13.0/STM32CubeIDE/plugins/com.st.stm32cube.ide.mcu.externaltools.gnu-tools-for-stm32.11.3.rel1.win32_1.1.0.202305231506/tools/bin/../lib/gcc/arm-none-eabi/11.3.1/../../../../arm-none-eabi/lib/thumb/v7e-m+dp/hard\libc_nano.a(libc_a-abort.o)
                0x000000000800b79c                abort
 *fill*         0x000000000800b7aa        0x2 
 .text._free_r  0x000000000800b7ac       0x98 C:/ST/STM32CubeIDE_1.13.0/STM32CubeIDE/plugins/com.st.stm32cube.ide.mcu.externaltools.gnu-tools-for-stm32.11.3.rel1.win32_1.1.0.202305231506/tools/bin/../lib/gcc/arm-none-eabi/11.3.1/../../../../arm-none-eabi/lib/thumb/v7e-m+dp/hard\libc_nano.a(libc_a-freer.o)
                0x000000000800b7ac                _free_r
 .text._malloc_usable_size_r
                0x000000000800b844       0x10 C:/ST/STM32CubeIDE_1.13.0/STM32CubeIDE/plugins/com.st.stm32cube.ide.mcu.externaltools.gnu-tools-for-stm32.11.3.rel1.win32_1.1.0.202305231506/tools/bin/../lib/gcc/arm-none-eabi/11.3.1/../../../../arm-none-eabi/lib/thumb/v7e-m+dp/hard\libc_nano.a(libc_a-msizer.o)
                0x000000000800b844                _malloc_usable_size_r
 .text.__sfputc_r
                0x000000000800b854       0x2e C:/ST/STM32CubeIDE_1.13.0/STM32CubeIDE/plugins/com.st.stm32cube.ide.mcu.externaltools.gnu-tools-for-stm32.11.3.rel1.win32_1.1.0.202305231506/tools/bin/../lib/gcc/arm-none-eabi/11.3.1/../../../../arm-none-eabi/lib/thumb/v7e-m+dp/hard\libc_nano.a(libc_a-nano-vfprintf.o)
 .text.__sfputs_r
                0x000000000800b882       0x24 C:/ST/STM32CubeIDE_1.13.0/STM32CubeIDE/plugins/com.st.stm32cube.ide.mcu.externaltools.gnu-tools-for-stm32.11.3.rel1.win32_1.1.0.202305231506/tools/bin/../lib/gcc/arm-none-eabi/11.3.1/../../../../arm-none-eabi/lib/thumb/v7e-m+dp/hard\libc_nano.a(libc_a-nano-vfprintf.o)
                0x000000000800b882                __sfputs_r
 *fill*         0x000000000800b8a6        0x2 
 .text._vfprintf_r
                0x000000000800b8a8      0x234 C:/ST/STM32CubeIDE_1.13.0/STM32CubeIDE/plugins/com.st.stm32cube.ide.mcu.externaltools.gnu-tools-for-stm32.11.3.rel1.win32_1.1.0.202305231506/tools/bin/../lib/gcc/arm-none-eabi/11.3.1/../../../../arm-none-eabi/lib/thumb/v7e-m+dp/hard\libc_nano.a(libc_a-nano-vfprintf.o)
                0x000000000800b8a8                _vfprintf_r
                0x000000000800b8a8                _vfiprintf_r
 .text._printf_common
                0x000000000800badc       0xda C:/ST/STM32CubeIDE_1.13.0/STM32CubeIDE/plugins/com.st.stm32cube.ide.mcu.externaltools.gnu-tools-for-stm32.11.3.rel1.win32_1.1.0.202305231506/tools/bin/../lib/gcc/arm-none-eabi/11.3.1/../../../../arm-none-eabi/lib/thumb/v7e-m+dp/hard\libc_nano.a(libc_a-nano-vfprintf_i.o)
                0x000000000800badc                _printf_common
 *fill*         0x000000000800bbb6        0x2 
 .text._printf_i
                0x000000000800bbb8      0x244 C:/ST/STM32CubeIDE_1.13.0/STM32CubeIDE/plugins/com.st.stm32cube.ide.mcu.externaltools.gnu-tools-for-stm32.11.3.rel1.win32_1.1.0.202305231506/tools/bin/../lib/gcc/arm-none-eabi/11.3.1/../../../../arm-none-eabi/lib/thumb/v7e-m+dp/hard\libc_nano.a(libc_a-nano-vfprintf_i.o)
                0x000000000800bbb8                _printf_i
 .text.__sflush_r
                0x000000000800bdfc      0x10c C:/ST/STM32CubeIDE_1.13.0/STM32CubeIDE/plugins/com.st.stm32cube.ide.mcu.externaltools.gnu-tools-for-stm32.11.3.rel1.win32_1.1.0.202305231506/tools/bin/../lib/gcc/arm-none-eabi/11.3.1/../../../../arm-none-eabi/lib/thumb/v7e-m+dp/hard\libc_nano.a(libc_a-fflush.o)
                0x000000000800bdfc                __sflush_r
 .text._fflush_r
                0x000000000800bf08       0x50 C:/ST/STM32CubeIDE_1.13.0/STM32CubeIDE/plugins/com.st.stm32cube.ide.mcu.externaltools.gnu-tools-for-stm32.11.3.rel1.win32_1.1.0.202305231506/tools/bin/../lib/gcc/arm-none-eabi/11.3.1/../../../../arm-none-eabi/lib/thumb/v7e-m+dp/hard\libc_nano.a(libc_a-fflush.o)
                0x000000000800bf08                _fflush_r
 .text.__swbuf_r
                0x000000000800bf58       0x7a C:/ST/STM32CubeIDE_1.13.0/STM32CubeIDE/plugins/com.st.stm32cube.ide.mcu.externaltools.gnu-tools-for-stm32.11.3.rel1.win32_1.1.0.202305231506/tools/bin/../lib/gcc/arm-none-eabi/11.3.1/../../../../arm-none-eabi/lib/thumb/v7e-m+dp/hard\libc_nano.a(libc_a-wbuf.o)
                0x000000000800bf58                __swbuf_r
 *fill*         0x000000000800bfd2        0x2 
 .text.__swsetup_r
                0x000000000800bfd4       0xb0 C:/ST/STM32CubeIDE_1.13.0/STM32CubeIDE/plugins/com.st.stm32cube.ide.mcu.externaltools.gnu-tools-for-stm32.11.3.rel1.win32_1.1.0.202305231506/tools/bin/../lib/gcc/arm-none-eabi/11.3.1/../../../../arm-none-eabi/lib/thumb/v7e-m+dp/hard\libc_nano.a(libc_a-wsetup.o)
                0x000000000800bfd4                __swsetup_r
 .text._raise_r
                0x000000000800c084       0x50 C:/ST/STM32CubeIDE_1.13.0/STM32CubeIDE/plugins/com.st.stm32cube.ide.mcu.externaltools.gnu-tools-for-stm32.11.3.rel1.win32_1.1.0.202305231506/tools/bin/../lib/gcc/arm-none-eabi/11.3.1/../../../../arm-none-eabi/lib/thumb/v7e-m+dp/hard\libc_nano.a(libc_a-signal.o)
                0x000000000800c084                _raise_r
 .text.raise    0x000000000800c0d4       0x10 C:/ST/STM32CubeIDE_1.13.0/STM32CubeIDE/plugins/com.st.stm32cube.ide.mcu.externaltools.gnu-tools-for-stm32.11.3.rel1.win32_1.1.0.202305231506/tools/bin/../lib/gcc/arm-none-eabi/11.3.1/../../../../arm-none-eabi/lib/thumb/v7e-m+dp/hard\libc_nano.a(libc_a-signal.o)
                0x000000000800c0d4                raise
 .text._kill_r  0x000000000800c0e4       0x24 C:/ST/STM32CubeIDE_1.13.0/STM32CubeIDE/plugins/com.st.stm32cube.ide.mcu.externaltools.gnu-tools-for-stm32.11.3.rel1.win32_1.1.0.202305231506/tools/bin/../lib/gcc/arm-none-eabi/11.3.1/../../../../arm-none-eabi/lib/thumb/v7e-m+dp/hard\libc_nano.a(libc_a-signalr.o)
                0x000000000800c0e4                _kill_r
 .text._getpid_r
                0x000000000800c108        0x4 C:/ST/STM32CubeIDE_1.13.0/STM32CubeIDE/plugins/com.st.stm32cube.ide.mcu.externaltools.gnu-tools-for-stm32.11.3.rel1.win32_1.1.0.202305231506/tools/bin/../lib/gcc/arm-none-eabi/11.3.1/../../../../arm-none-eabi/lib/thumb/v7e-m+dp/hard\libc_nano.a(libc_a-signalr.o)
                0x000000000800c108                _getpid_r
 .text.__swhatbuf_r
                0x000000000800c10c       0x4c C:/ST/STM32CubeIDE_1.13.0/STM32CubeIDE/plugins/com.st.stm32cube.ide.mcu.externaltools.gnu-tools-for-stm32.11.3.rel1.win32_1.1.0.202305231506/tools/bin/../lib/gcc/arm-none-eabi/11.3.1/../../../../arm-none-eabi/lib/thumb/v7e-m+dp/hard\libc_nano.a(libc_a-makebuf.o)
                0x000000000800c10c                __swhatbuf_r
 .text.__smakebuf_r
                0x000000000800c158       0x78 C:/ST/STM32CubeIDE_1.13.0/STM32CubeIDE/plugins/com.st.stm32cube.ide.mcu.externaltools.gnu-tools-for-stm32.11.3.rel1.win32_1.1.0.202305231506/tools/bin/../lib/gcc/arm-none-eabi/11.3.1/../../../../arm-none-eabi/lib/thumb/v7e-m+dp/hard\libc_nano.a(libc_a-makebuf.o)
                0x000000000800c158                __smakebuf_r
 .text._fstat_r
                0x000000000800c1d0       0x24 C:/ST/STM32CubeIDE_1.13.0/STM32CubeIDE/plugins/com.st.stm32cube.ide.mcu.externaltools.gnu-tools-for-stm32.11.3.rel1.win32_1.1.0.202305231506/tools/bin/../lib/gcc/arm-none-eabi/11.3.1/../../../../arm-none-eabi/lib/thumb/v7e-m+dp/hard\libc_nano.a(libc_a-fstatr.o)
                0x000000000800c1d0                _fstat_r
 .text._isatty_r
                0x000000000800c1f4       0x20 C:/ST/STM32CubeIDE_1.13.0/STM32CubeIDE/plugins/com.st.stm32cube.ide.mcu.externaltools.gnu-tools-for-stm32.11.3.rel1.win32_1.1.0.202305231506/tools/bin/../lib/gcc/arm-none-eabi/11.3.1/../../../../arm-none-eabi/lib/thumb/v7e-m+dp/hard\libc_nano.a(libc_a-isattyr.o)
                0x000000000800c1f4                _isatty_r
 .text.atan2    0x000000000800c214        0x4 C:/ST/STM32CubeIDE_1.13.0/STM32CubeIDE/plugins/com.st.stm32cube.ide.mcu.externaltools.gnu-tools-for-stm32.11.3.rel1.win32_1.1.0.202305231506/tools/bin/../lib/gcc/arm-none-eabi/11.3.1/../../../../arm-none-eabi/lib/thumb/v7e-m+dp/hard\libm.a(libm_a-w_atan2.o)
                0x000000000800c214                atan2
 .text.sqrt     0x000000000800c218       0x40 C:/ST/STM32CubeIDE_1.13.0/STM32CubeIDE/plugins/com.st.stm32cube.ide.mcu.externaltools.gnu-tools-for-stm32.11.3.rel1.win32_1.1.0.202305231506/tools/bin/../lib/gcc/arm-none-eabi/11.3.1/../../../../arm-none-eabi/lib/thumb/v7e-m+dp/hard\libm.a(libm_a-w_sqrt.o)
                0x000000000800c218                sqrt
 .text.atan     0x000000000800c258      0x1f4 C:/ST/STM32CubeIDE_1.13.0/STM32CubeIDE/plugins/com.st.stm32cube.ide.mcu.externaltools.gnu-tools-for-stm32.11.3.rel1.win32_1.1.0.202305231506/tools/bin/../lib/gcc/arm-none-eabi/11.3.1/../../../../arm-none-eabi/lib/thumb/v7e-m+dp/hard\libm.a(libm_a-s_atan.o)
                0x000000000800c258                atan
 .text.fabs     0x000000000800c44c       0x12 C:/ST/STM32CubeIDE_1.13.0/STM32CubeIDE/plugins/com.st.stm32cube.ide.mcu.externaltools.gnu-tools-for-stm32.11.3.rel1.win32_1.1.0.202305231506/tools/bin/../lib/gcc/arm-none-eabi/11.3.1/../../../../arm-none-eabi/lib/thumb/v7e-m+dp/hard\libm.a(libm_a-s_fabs.o)
                0x000000000800c44c                fabs
 *fill*         0x000000000800c45e        0x2 
 .text.tanh     0x000000000800c460       0xdc C:/ST/STM32CubeIDE_1.13.0/STM32CubeIDE/plugins/com.st.stm32cube.ide.mcu.externaltools.gnu-tools-for-stm32.11.3.rel1.win32_1.1.0.202305231506/tools/bin/../lib/gcc/arm-none-eabi/11.3.1/../../../../arm-none-eabi/lib/thumb/v7e-m+dp/hard\libm.a(libm_a-s_tanh.o)
                0x000000000800c460                tanh
 *fill*         0x000000000800c53c        0x4 
 .text.expm1    0x000000000800c540      0x2b0 C:/ST/STM32CubeIDE_1.13.0/STM32CubeIDE/plugins/com.st.stm32cube.ide.mcu.externaltools.gnu-tools-for-stm32.11.3.rel1.win32_1.1.0.202305231506/tools/bin/../lib/gcc/arm-none-eabi/11.3.1/../../../../arm-none-eabi/lib/thumb/v7e-m+dp/hard\libm.a(libm_a-s_expm1.o)
                0x000000000800c540                expm1
 .text.with_errno
                0x000000000800c7f0       0x16 C:/ST/STM32CubeIDE_1.13.0/STM32CubeIDE/plugins/com.st.stm32cube.ide.mcu.externaltools.gnu-tools-for-stm32.11.3.rel1.win32_1.1.0.202305231506/tools/bin/../lib/gcc/arm-none-eabi/11.3.1/../../../../arm-none-eabi/lib/thumb/v7e-m+dp/hard\libm.a(libm_a-math_err.o)
 .text.xflow    0x000000000800c806       0x22 C:/ST/STM32CubeIDE_1.13.0/STM32CubeIDE/plugins/com.st.stm32cube.ide.mcu.externaltools.gnu-tools-for-stm32.11.3.rel1.win32_1.1.0.202305231506/tools/bin/../lib/gcc/arm-none-eabi/11.3.1/../../../../arm-none-eabi/lib/thumb/v7e-m+dp/hard\libm.a(libm_a-math_err.o)
 .text.__math_uflow
                0x000000000800c828       0x10 C:/ST/STM32CubeIDE_1.13.0/STM32CubeIDE/plugins/com.st.stm32cube.ide.mcu.externaltools.gnu-tools-for-stm32.11.3.rel1.win32_1.1.0.202305231506/tools/bin/../lib/gcc/arm-none-eabi/11.3.1/../../../../arm-none-eabi/lib/thumb/v7e-m+dp/hard\libm.a(libm_a-math_err.o)
                0x000000000800c828                __math_uflow
 .text.__math_oflow
                0x000000000800c838       0x10 C:/ST/STM32CubeIDE_1.13.0/STM32CubeIDE/plugins/com.st.stm32cube.ide.mcu.externaltools.gnu-tools-for-stm32.11.3.rel1.win32_1.1.0.202305231506/tools/bin/../lib/gcc/arm-none-eabi/11.3.1/../../../../arm-none-eabi/lib/thumb/v7e-m+dp/hard\libm.a(libm_a-math_err.o)
                0x000000000800c838                __math_oflow
 .text.__math_divzero
                0x000000000800c848       0x30 C:/ST/STM32CubeIDE_1.13.0/STM32CubeIDE/plugins/com.st.stm32cube.ide.mcu.externaltools.gnu-tools-for-stm32.11.3.rel1.win32_1.1.0.202305231506/tools/bin/../lib/gcc/arm-none-eabi/11.3.1/../../../../arm-none-eabi/lib/thumb/v7e-m+dp/hard\libm.a(libm_a-math_err.o)
                0x000000000800c848                __math_divzero
 .text.__math_invalid
                0x000000000800c878       0x1e C:/ST/STM32CubeIDE_1.13.0/STM32CubeIDE/plugins/com.st.stm32cube.ide.mcu.externaltools.gnu-tools-for-stm32.11.3.rel1.win32_1.1.0.202305231506/tools/bin/../lib/gcc/arm-none-eabi/11.3.1/../../../../arm-none-eabi/lib/thumb/v7e-m+dp/hard\libm.a(libm_a-math_err.o)
                0x000000000800c878                __math_invalid
 .text.__math_check_uflow
                0x000000000800c896       0x12 C:/ST/STM32CubeIDE_1.13.0/STM32CubeIDE/plugins/com.st.stm32cube.ide.mcu.externaltools.gnu-tools-for-stm32.11.3.rel1.win32_1.1.0.202305231506/tools/bin/../lib/gcc/arm-none-eabi/11.3.1/../../../../arm-none-eabi/lib/thumb/v7e-m+dp/hard\libm.a(libm_a-math_err.o)
                0x000000000800c896                __math_check_uflow
 .text.__math_check_oflow
                0x000000000800c8a8       0x28 C:/ST/STM32CubeIDE_1.13.0/STM32CubeIDE/plugins/com.st.stm32cube.ide.mcu.externaltools.gnu-tools-for-stm32.11.3.rel1.win32_1.1.0.202305231506/tools/bin/../lib/gcc/arm-none-eabi/11.3.1/../../../../arm-none-eabi/lib/thumb/v7e-m+dp/hard\libm.a(libm_a-math_err.o)
                0x000000000800c8a8                __math_check_oflow
 .text.checkint
                0x000000000800c8d0       0x68 C:/ST/STM32CubeIDE_1.13.0/STM32CubeIDE/plugins/com.st.stm32cube.ide.mcu.externaltools.gnu-tools-for-stm32.11.3.rel1.win32_1.1.0.202305231506/tools/bin/../lib/gcc/arm-none-eabi/11.3.1/../../../../arm-none-eabi/lib/thumb/v7e-m+dp/hard\libm.a(libm_a-pow.o)
 .text.pow      0x000000000800c938      0x4a0 C:/ST/STM32CubeIDE_1.13.0/STM32CubeIDE/plugins/com.st.stm32cube.ide.mcu.externaltools.gnu-tools-for-stm32.11.3.rel1.win32_1.1.0.202305231506/tools/bin/../lib/gcc/arm-none-eabi/11.3.1/../../../../arm-none-eabi/lib/thumb/v7e-m+dp/hard\libm.a(libm_a-pow.o)
                0x000000000800c938                pow
 .text.__ieee754_sqrt
                0x000000000800cdd8        0x6 C:/ST/STM32CubeIDE_1.13.0/STM32CubeIDE/plugins/com.st.stm32cube.ide.mcu.externaltools.gnu-tools-for-stm32.11.3.rel1.win32_1.1.0.202305231506/tools/bin/../lib/gcc/arm-none-eabi/11.3.1/../../../../arm-none-eabi/lib/thumb/v7e-m+dp/hard\libm.a(libm_a-e_sqrt.o)
                0x000000000800cdd8                __ieee754_sqrt
 *fill*         0x000000000800cdde        0x2 
 .text.__ieee754_atan2
                0x000000000800cde0      0x184 C:/ST/STM32CubeIDE_1.13.0/STM32CubeIDE/plugins/com.st.stm32cube.ide.mcu.externaltools.gnu-tools-for-stm32.11.3.rel1.win32_1.1.0.202305231506/tools/bin/../lib/gcc/arm-none-eabi/11.3.1/../../../../arm-none-eabi/lib/thumb/v7e-m+dp/hard\libm.a(libm_a-e_atan2.o)
                0x000000000800cde0                __ieee754_atan2
 *(.glue_7)
 .glue_7        0x000000000800cf64        0x0 linker stubs
 *(.glue_7t)
 .glue_7t       0x000000000800cf64        0x0 linker stubs
 *(.eh_frame)
 .eh_frame      0x000000000800cf64        0x0 C:/ST/STM32CubeIDE_1.13.0/STM32CubeIDE/plugins/com.st.stm32cube.ide.mcu.externaltools.gnu-tools-for-stm32.11.3.rel1.win32_1.1.0.202305231506/tools/bin/../lib/gcc/arm-none-eabi/11.3.1/thumb/v7e-m+dp/hard/crtbegin.o
 *(.init)
 .init          0x000000000800cf64        0x4 C:/ST/STM32CubeIDE_1.13.0/STM32CubeIDE/plugins/com.st.stm32cube.ide.mcu.externaltools.gnu-tools-for-stm32.11.3.rel1.win32_1.1.0.202305231506/tools/bin/../lib/gcc/arm-none-eabi/11.3.1/thumb/v7e-m+dp/hard/crti.o
                0x000000000800cf64                _init
 .init          0x000000000800cf68        0x8 C:/ST/STM32CubeIDE_1.13.0/STM32CubeIDE/plugins/com.st.stm32cube.ide.mcu.externaltools.gnu-tools-for-stm32.11.3.rel1.win32_1.1.0.202305231506/tools/bin/../lib/gcc/arm-none-eabi/11.3.1/thumb/v7e-m+dp/hard/crtn.o
 *(.fini)
 .fini          0x000000000800cf70        0x4 C:/ST/STM32CubeIDE_1.13.0/STM32CubeIDE/plugins/com.st.stm32cube.ide.mcu.externaltools.gnu-tools-for-stm32.11.3.rel1.win32_1.1.0.202305231506/tools/bin/../lib/gcc/arm-none-eabi/11.3.1/thumb/v7e-m+dp/hard/crti.o
                0x000000000800cf70                _fini
 .fini          0x000000000800cf74        0x8 C:/ST/STM32CubeIDE_1.13.0/STM32CubeIDE/plugins/com.st.stm32cube.ide.mcu.externaltools.gnu-tools-for-stm32.11.3.rel1.win32_1.1.0.202305231506/tools/bin/../lib/gcc/arm-none-eabi/11.3.1/thumb/v7e-m+dp/hard/crtn.o
                0x000000000800cf7c                . = ALIGN (0x4)
                0x000000000800cf7c                _etext = .

.vfp11_veneer   0x000000000800cf7c        0x0
 .vfp11_veneer  0x000000000800cf7c        0x0 linker stubs

.v4_bx          0x000000000800cf7c        0x0
 .v4_bx         0x000000000800cf7c        0x0 linker stubs

.iplt           0x000000000800cf7c        0x0
 .iplt          0x000000000800cf7c        0x0 C:/ST/STM32CubeIDE_1.13.0/STM32CubeIDE/plugins/com.st.stm32cube.ide.mcu.externaltools.gnu-tools-for-stm32.11.3.rel1.win32_1.1.0.202305231506/tools/bin/../lib/gcc/arm-none-eabi/11.3.1/thumb/v7e-m+dp/hard/crtbegin.o

.rodata         0x000000000800cf80     0x1ac0
                0x000000000800cf80                . = ALIGN (0x4)
 *(.rodata)
 .rodata        0x000000000800cf80       0x4c ./Drivers/STM32H7xx_HAL_Driver/Src/stm32h7xx_hal_fdcan.o
 .rodata        0x000000000800cfcc       0x51 ./WISL_WIDM/Framework/Apps/msg_hdlr_task/msg_data_object.o
 *fill*         0x000000000800d01d        0x3 
 .rodata        0x000000000800d020       0x49 ./WISL_WIDM/Framework/Apps/msg_hdlr_task/msg_hdlr_task.o
 *(.rodata*)
 *fill*         0x000000000800d069        0x3 
 .rodata.D1CorePrescTable
                0x000000000800d06c       0x10 ./Core/Src/system_stm32h7xx.o
                0x000000000800d06c                D1CorePrescTable
 .rodata.DLCtoBytes
                0x000000000800d07c       0x10 ./Drivers/STM32H7xx_HAL_Driver/Src/stm32h7xx_hal_fdcan.o
 .rodata.__func__.4
                0x000000000800d08c        0x9 ./WISL_WIDM/Framework/Apps/msg_hdlr_task/msg_hdlr_task.o
 *fill*         0x000000000800d095        0x3 
 .rodata.__func__.2
                0x000000000800d098       0x10 ./WISL_WIDM/Framework/Apps/msg_hdlr_task/msg_hdlr_task.o
 .rodata.__assert_func.str1.1
                0x000000000800d0a8       0x3c C:/ST/STM32CubeIDE_1.13.0/STM32CubeIDE/plugins/com.st.stm32cube.ide.mcu.externaltools.gnu-tools-for-stm32.11.3.rel1.win32_1.1.0.202305231506/tools/bin/../lib/gcc/arm-none-eabi/11.3.1/../../../../arm-none-eabi/lib/thumb/v7e-m+dp/hard\libc_nano.a(libc_a-assert.o)
                                         0x3d (size before relaxing)
 .rodata._vfprintf_r.str1.1
                0x000000000800d0e4       0x11 C:/ST/STM32CubeIDE_1.13.0/STM32CubeIDE/plugins/com.st.stm32cube.ide.mcu.externaltools.gnu-tools-for-stm32.11.3.rel1.win32_1.1.0.202305231506/tools/bin/../lib/gcc/arm-none-eabi/11.3.1/../../../../arm-none-eabi/lib/thumb/v7e-m+dp/hard\libc_nano.a(libc_a-nano-vfprintf.o)
 .rodata._printf_i.str1.1
                0x000000000800d0f5       0x22 C:/ST/STM32CubeIDE_1.13.0/STM32CubeIDE/plugins/com.st.stm32cube.ide.mcu.externaltools.gnu-tools-for-stm32.11.3.rel1.win32_1.1.0.202305231506/tools/bin/../lib/gcc/arm-none-eabi/11.3.1/../../../../arm-none-eabi/lib/thumb/v7e-m+dp/hard\libc_nano.a(libc_a-nano-vfprintf_i.o)
 *fill*         0x000000000800d117        0x1 
 .rodata.atanhi
                0x000000000800d118       0x20 C:/ST/STM32CubeIDE_1.13.0/STM32CubeIDE/plugins/com.st.stm32cube.ide.mcu.externaltools.gnu-tools-for-stm32.11.3.rel1.win32_1.1.0.202305231506/tools/bin/../lib/gcc/arm-none-eabi/11.3.1/../../../../arm-none-eabi/lib/thumb/v7e-m+dp/hard\libm.a(libm_a-s_atan.o)
 .rodata.atanlo
                0x000000000800d138       0x20 C:/ST/STM32CubeIDE_1.13.0/STM32CubeIDE/plugins/com.st.stm32cube.ide.mcu.externaltools.gnu-tools-for-stm32.11.3.rel1.win32_1.1.0.202305231506/tools/bin/../lib/gcc/arm-none-eabi/11.3.1/../../../../arm-none-eabi/lib/thumb/v7e-m+dp/hard\libm.a(libm_a-s_atan.o)
 .rodata.__pow_log_data
                0x000000000800d158     0x1048 C:/ST/STM32CubeIDE_1.13.0/STM32CubeIDE/plugins/com.st.stm32cube.ide.mcu.externaltools.gnu-tools-for-stm32.11.3.rel1.win32_1.1.0.202305231506/tools/bin/../lib/gcc/arm-none-eabi/11.3.1/../../../../arm-none-eabi/lib/thumb/v7e-m+dp/hard\libm.a(libm_a-pow_log_data.o)
                0x000000000800d158                __pow_log_data
 .rodata.CSWTCH.8
                0x000000000800e1a0       0x18 C:/ST/STM32CubeIDE_1.13.0/STM32CubeIDE/plugins/com.st.stm32cube.ide.mcu.externaltools.gnu-tools-for-stm32.11.3.rel1.win32_1.1.0.202305231506/tools/bin/../lib/gcc/arm-none-eabi/11.3.1/../../../../arm-none-eabi/lib/thumb/v7e-m+dp/hard\libm.a(libm_a-e_atan2.o)
 .rodata.CSWTCH.9
                0x000000000800e1b8       0x18 C:/ST/STM32CubeIDE_1.13.0/STM32CubeIDE/plugins/com.st.stm32cube.ide.mcu.externaltools.gnu-tools-for-stm32.11.3.rel1.win32_1.1.0.202305231506/tools/bin/../lib/gcc/arm-none-eabi/11.3.1/../../../../arm-none-eabi/lib/thumb/v7e-m+dp/hard\libm.a(libm_a-e_atan2.o)
 .rodata.__exp_data
                0x000000000800e1d0      0x870 C:/ST/STM32CubeIDE_1.13.0/STM32CubeIDE/plugins/com.st.stm32cube.ide.mcu.externaltools.gnu-tools-for-stm32.11.3.rel1.win32_1.1.0.202305231506/tools/bin/../lib/gcc/arm-none-eabi/11.3.1/../../../../arm-none-eabi/lib/thumb/v7e-m+dp/hard\libm.a(libm_a-exp_data.o)
                0x000000000800e1d0                __exp_data
                0x000000000800ea40                . = ALIGN (0x4)
