Archive member included to satisfy reference by file (symbol)

c:/st/stm32cubeide_1.8.0/stm32cubeide/plugins/com.st.stm32cube.ide.mcu.externaltools.gnu-tools-for-stm32.9-2020-q2-update.win32_2.0.0.202105311346/tools/bin/../lib/gcc/arm-none-eabi/9.3.1/../../../../arm-none-eabi/lib/thumb/v7e-m+dp/hard\libc_nano.a(lib_a-assert.o)
                              ./WISL_WIDM/Framework/Apps/msg_hdlr_task/msg_hdlr_task.o (__assert_func)
c:/st/stm32cubeide_1.8.0/stm32cubeide/plugins/com.st.stm32cube.ide.mcu.externaltools.gnu-tools-for-stm32.9-2020-q2-update.win32_2.0.0.202105311346/tools/bin/../lib/gcc/arm-none-eabi/9.3.1/../../../../arm-none-eabi/lib/thumb/v7e-m+dp/hard\libc_nano.a(lib_a-errno.o)
                              ./Core/Src/syscalls.o (__errno)
c:/st/stm32cubeide_1.8.0/stm32cubeide/plugins/com.st.stm32cube.ide.mcu.externaltools.gnu-tools-for-stm32.9-2020-q2-update.win32_2.0.0.202105311346/tools/bin/../lib/gcc/arm-none-eabi/9.3.1/../../../../arm-none-eabi/lib/thumb/v7e-m+dp/hard\libc_nano.a(lib_a-exit.o)
                              c:/st/stm32cubeide_1.8.0/stm32cubeide/plugins/com.st.stm32cube.ide.mcu.externaltools.gnu-tools-for-stm32.9-2020-q2-update.win32_2.0.0.202105311346/tools/bin/../lib/gcc/arm-none-eabi/9.3.1/../../../../arm-none-eabi/lib/thumb/v7e-m+dp/hard/crt0.o (exit)
c:/st/stm32cubeide_1.8.0/stm32cubeide/plugins/com.st.stm32cube.ide.mcu.externaltools.gnu-tools-for-stm32.9-2020-q2-update.win32_2.0.0.202105311346/tools/bin/../lib/gcc/arm-none-eabi/9.3.1/../../../../arm-none-eabi/lib/thumb/v7e-m+dp/hard\libc_nano.a(lib_a-fprintf.o)
                              c:/st/stm32cubeide_1.8.0/stm32cubeide/plugins/com.st.stm32cube.ide.mcu.externaltools.gnu-tools-for-stm32.9-2020-q2-update.win32_2.0.0.202105311346/tools/bin/../lib/gcc/arm-none-eabi/9.3.1/../../../../arm-none-eabi/lib/thumb/v7e-m+dp/hard\libc_nano.a(lib_a-assert.o) (fiprintf)
c:/st/stm32cubeide_1.8.0/stm32cubeide/plugins/com.st.stm32cube.ide.mcu.externaltools.gnu-tools-for-stm32.9-2020-q2-update.win32_2.0.0.202105311346/tools/bin/../lib/gcc/arm-none-eabi/9.3.1/../../../../arm-none-eabi/lib/thumb/v7e-m+dp/hard\libc_nano.a(lib_a-impure.o)
                              c:/st/stm32cubeide_1.8.0/stm32cubeide/plugins/com.st.stm32cube.ide.mcu.externaltools.gnu-tools-for-stm32.9-2020-q2-update.win32_2.0.0.202105311346/tools/bin/../lib/gcc/arm-none-eabi/9.3.1/../../../../arm-none-eabi/lib/thumb/v7e-m+dp/hard\libc_nano.a(lib_a-exit.o) (_global_impure_ptr)
c:/st/stm32cubeide_1.8.0/stm32cubeide/plugins/com.st.stm32cube.ide.mcu.externaltools.gnu-tools-for-stm32.9-2020-q2-update.win32_2.0.0.202105311346/tools/bin/../lib/gcc/arm-none-eabi/9.3.1/../../../../arm-none-eabi/lib/thumb/v7e-m+dp/hard\libc_nano.a(lib_a-init.o)
                              c:/st/stm32cubeide_1.8.0/stm32cubeide/plugins/com.st.stm32cube.ide.mcu.externaltools.gnu-tools-for-stm32.9-2020-q2-update.win32_2.0.0.202105311346/tools/bin/../lib/gcc/arm-none-eabi/9.3.1/../../../../arm-none-eabi/lib/thumb/v7e-m+dp/hard/crt0.o (__libc_init_array)
c:/st/stm32cubeide_1.8.0/stm32cubeide/plugins/com.st.stm32cube.ide.mcu.externaltools.gnu-tools-for-stm32.9-2020-q2-update.win32_2.0.0.202105311346/tools/bin/../lib/gcc/arm-none-eabi/9.3.1/../../../../arm-none-eabi/lib/thumb/v7e-m+dp/hard\libc_nano.a(lib_a-malloc.o)
                              ./WISL_WIDM/Framework/Apps/imu_ctrl_task/imu_ctrl_task.o (malloc)
c:/st/stm32cubeide_1.8.0/stm32cubeide/plugins/com.st.stm32cube.ide.mcu.externaltools.gnu-tools-for-stm32.9-2020-q2-update.win32_2.0.0.202105311346/tools/bin/../lib/gcc/arm-none-eabi/9.3.1/../../../../arm-none-eabi/lib/thumb/v7e-m+dp/hard\libc_nano.a(lib_a-memcpy-stub.o)
                              ./Drivers/STM32H7xx_HAL_Driver/Src/stm32h7xx_hal_fdcan.o (memcpy)
c:/st/stm32cubeide_1.8.0/stm32cubeide/plugins/com.st.stm32cube.ide.mcu.externaltools.gnu-tools-for-stm32.9-2020-q2-update.win32_2.0.0.202105311346/tools/bin/../lib/gcc/arm-none-eabi/9.3.1/../../../../arm-none-eabi/lib/thumb/v7e-m+dp/hard\libc_nano.a(lib_a-memset.o)
                              c:/st/stm32cubeide_1.8.0/stm32cubeide/plugins/com.st.stm32cube.ide.mcu.externaltools.gnu-tools-for-stm32.9-2020-q2-update.win32_2.0.0.202105311346/tools/bin/../lib/gcc/arm-none-eabi/9.3.1/../../../../arm-none-eabi/lib/thumb/v7e-m+dp/hard/crt0.o (memset)
c:/st/stm32cubeide_1.8.0/stm32cubeide/plugins/com.st.stm32cube.ide.mcu.externaltools.gnu-tools-for-stm32.9-2020-q2-update.win32_2.0.0.202105311346/tools/bin/../lib/gcc/arm-none-eabi/9.3.1/../../../../arm-none-eabi/lib/thumb/v7e-m+dp/hard\libc_nano.a(lib_a-nano-freer.o)
                              c:/st/stm32cubeide_1.8.0/stm32cubeide/plugins/com.st.stm32cube.ide.mcu.externaltools.gnu-tools-for-stm32.9-2020-q2-update.win32_2.0.0.202105311346/tools/bin/../lib/gcc/arm-none-eabi/9.3.1/../../../../arm-none-eabi/lib/thumb/v7e-m+dp/hard\libc_nano.a(lib_a-malloc.o) (_free_r)
[...]
Memory Configuration

Name             Origin             Length             Attributes
FLASH            0x0000000008000000 0x0000000000020000 xr
DTCMRAM          0x0000000020000000 0x0000000000020000 xrw
RAM_D1           0x0000000024000000 0x0000000000080000 xrw
RAM_D2           0x0000000030000000 0x0000000000048000 xrw
RAM_D3           0x0000000038000000 0x0000000000010000 xrw
ITCMRAM          0x0000000000000000 0x0000000000010000 xrw
*default*        0x0000000000000000 0xffffffffffffffff

Linker script and memory map

LOAD c:/st/stm32cubeide_1.8.0/stm32cubeide/plugins/com.st.stm32cube.ide.mcu.externaltools.gnu-tools-for-stm32.9-2020-q2-update.win32_2.0.0.202105311346/tools/bin/../lib/gcc/arm-none-eabi/9.3.1/thumb/v7e-m+dp/hard/crti.o
LOAD c:/st/stm32cubeide_1.8.0/stm32cubeide/plugins/com.st.stm32cube.ide.mcu.externaltools.gnu-tools-for-stm32.9-2020-q2-update.win32_2.0.0.202105311346/tools/bin/../lib/gcc/arm-none-eabi/9.3.1/thumb/v7e-m+dp/hard/crtbegin.o
LOAD c:/st/stm32cubeide_1.8.0/stm32cubeide/plugins/com.st.stm32cube.ide.mcu.externaltools.gnu-tools-for-stm32.9-2020-q2-update.win32_2.0.0.202105311346/tools/bin/../lib/gcc/arm-none-eabi/9.3.1/../../../../arm-none-eabi/lib/thumb/v7e-m+dp/hard/crt0.o
LOAD ./Core/Src/dma.o
LOAD ./Core/Src/fdcan.o
LOAD ./Core/Src/gpio.o
LOAD ./Core/Src/i2c.o
LOAD ./Core/Src/main.o
LOAD ./Core/Src/stm32h7xx_hal_msp.o
LOAD ./Core/Src/stm32h7xx_it.o
LOAD ./Core/Src/syscalls.o
LOAD ./Core/Src/sysmem.o
LOAD ./Core/Src/system_stm32h7xx.o
LOAD ./Core/Src/tim.o
LOAD ./Core/Startup/startup_stm32h750vbtx.o
LOAD ./Drivers/STM32H7xx_HAL_Driver/Src/stm32h7xx_hal.o
LOAD ./Drivers/STM32H7xx_HAL_Driver/Src/stm32h7xx_hal_cortex.o
LOAD ./Drivers/STM32H7xx_HAL_Driver/Src/stm32h7xx_hal_dma.o
LOAD ./Drivers/STM32H7xx_HAL_Driver/Src/stm32h7xx_hal_dma_ex.o
LOAD ./Drivers/STM32H7xx_HAL_Driver/Src/stm32h7xx_hal_exti.o
LOAD ./Drivers/STM32H7xx_HAL_Driver/Src/stm32h7xx_hal_fdcan.o
LOAD ./Drivers/STM32H7xx_HAL_Driver/Src/stm32h7xx_hal_flash.o
LOAD ./Drivers/STM32H7xx_HAL_Driver/Src/stm32h7xx_hal_flash_ex.o
LOAD ./Drivers/STM32H7xx_HAL_Driver/Src/stm32h7xx_hal_gpio.o
LOAD ./Drivers/STM32H7xx_HAL_Driver/Src/stm32h7xx_hal_hsem.o
LOAD ./Drivers/STM32H7xx_HAL_Driver/Src/stm32h7xx_hal_i2c.o
LOAD ./Drivers/STM32H7xx_HAL_Driver/Src/stm32h7xx_hal_i2c_ex.o
LOAD ./Drivers/STM32H7xx_HAL_Driver/Src/stm32h7xx_hal_mdma.o
LOAD ./Drivers/STM32H7xx_HAL_Driver/Src/stm32h7xx_hal_pwr.o
LOAD ./Drivers/STM32H7xx_HAL_Driver/Src/stm32h7xx_hal_pwr_ex.o
LOAD ./Drivers/STM32H7xx_HAL_Driver/Src/stm32h7xx_hal_rcc.o
LOAD ./Drivers/STM32H7xx_HAL_Driver/Src/stm32h7xx_hal_rcc_ex.o
LOAD ./Drivers/STM32H7xx_HAL_Driver/Src/stm32h7xx_hal_tim.o
LOAD ./Drivers/STM32H7xx_HAL_Driver/Src/stm32h7xx_hal_tim_ex.o
LOAD ./WISL_WIDM/Drivers/BSP/BM1422AGMV/Src/bsp_bm1422agmv.o
LOAD ./WISL_WIDM/Drivers/BSP/BumbleBee/BumbleBee.o
LOAD ./WISL_WIDM/Drivers/BSP/BumbleBee/object_dictionaries.o
LOAD ./WISL_WIDM/Drivers/BSP/ICM20608G/Src/bsp_icm20608G.o
LOAD ./WISL_WIDM/Drivers/IOIF/IOIF_I2C/Src/ioif_3axis_imu.o
LOAD ./WISL_WIDM/Drivers/IOIF/IOIF_I2C/Src/ioif_6axis_imu.o
LOAD ./WISL_WIDM/Drivers/IOIF/IOIF_I2C/Src/ioif_i2c_func.o
LOAD ./WISL_WIDM/Drivers/IOIF/Src/ioif_fdcan.o
LOAD ./WISL_WIDM/Drivers/IOIF/Src/ioif_gpio.o
LOAD ./WISL_WIDM/Drivers/IOIF/Src/ioif_tim.o
LOAD ./WISL_WIDM/Framework/Apps/imu_ctrl_task/imu_ctrl_task.o
LOAD ./WISL_WIDM/Framework/Apps/imu_ctrl_task/widm_calculation.o
LOAD ./WISL_WIDM/Framework/Apps/msg_hdlr_task/msg_data_object.o
LOAD ./WISL_WIDM/Framework/Apps/msg_hdlr_task/msg_hdlr_task.o
LOAD ./WISL_WIDM/Framework/Lib/Src/routine.o
LOAD ./WISL_WIDM/Framework/Lib/Src/state_machine.o
LOAD ./WISL_WIDM/Framework/Lib/Src/task.o
START GROUP
LOAD c:/st/stm32cubeide_1.8.0/stm32cubeide/plugins/com.st.stm32cube.ide.mcu.externaltools.gnu-tools-for-stm32.9-2020-q2-update.win32_2.0.0.202105311346/tools/bin/../lib/gcc/arm-none-eabi/9.3.1/../../../../arm-none-eabi/lib/thumb/v7e-m+dp/hard\libc_nano.a
LOAD c:/st/stm32cubeide_1.8.0/stm32cubeide/plugins/com.st.stm32cube.ide.mcu.externaltools.gnu-tools-for-stm32.9-2020-q2-update.win32_2.0.0.202105311346/tools/bin/../lib/gcc/arm-none-eabi/9.3.1/../../../../arm-none-eabi/lib/thumb/v7e-m+dp/hard\libm.a
END GROUP
START GROUP
LOAD c:/st/stm32cubeide_1.8.0/stm32cubeide/plugins/com.st.stm32cube.ide.mcu.externaltools.gnu-tools-for-stm32.9-2020-q2-update.win32_2.0.0.202105311346/tools/bin/../lib/gcc/arm-none-eabi/9.3.1/thumb/v7e-m+dp/hard\libgcc.a
LOAD c:/st/stm32cubeide_1.8.0/stm32cubeide/plugins/com.st.stm32cube.ide.mcu.externaltools.gnu-tools-for-stm32.9-2020-q2-update.win32_2.0.0.202105311346/tools/bin/../lib/gcc/arm-none-eabi/9.3.1/../../../../arm-none-eabi/lib/thumb/v7e-m+dp/hard\libc_nano.a
END GROUP
START GROUP
LOAD c:/st/stm32cubeide_1.8.0/stm32cubeide/plugins/com.st.stm32cube.ide.mcu.externaltools.gnu-tools-for-stm32.9-2020-q2-update.win32_2.0.0.202105311346/tools/bin/../lib/gcc/arm-none-eabi/9.3.1/thumb/v7e-m+dp/hard\libgcc.a
LOAD c:/st/stm32cubeide_1.8.0/stm32cubeide/plugins/com.st.stm32cube.ide.mcu.externaltools.gnu-tools-for-stm32.9-2020-q2-update.win32_2.0.0.202105311346/tools/bin/../lib/gcc/arm-none-eabi/9.3.1/../../../../arm-none-eabi/lib/thumb/v7e-m+dp/hard\libc_nano.a
LOAD c:/st/stm32cubeide_1.8.0/stm32cubeide/plugins/com.st.stm32cube.ide.mcu.externaltools.gnu-tools-for-stm32.9-2020-q2-update.win32_2.0.0.202105311346/tools/bin/../lib/gcc/arm-none-eabi/9.3.1/../../../../arm-none-eabi/lib/thumb/v7e-m+dp/hard\libnosys.a
END GROUP
START GROUP
LOAD c:/st/stm32cubeide_1.8.0/stm32cubeide/plugins/com.st.stm32cube.ide.mcu.externaltools.gnu-tools-for-stm32.9-2020-q2-update.win32_2.0.0.202105311346/tools/bin/../lib/gcc/arm-none-eabi/9.3.1/thumb/v7e-m+dp/hard\libgcc.a
LOAD c:/st/stm32cubeide_1.8.0/stm32cubeide/plugins/com.st.stm32cube.ide.mcu.externaltools.gnu-tools-for-stm32.9-2020-q2-update.win32_2.0.0.202105311346/tools/bin/../lib/gcc/arm-none-eabi/9.3.1/../../../../arm-none-eabi/lib/thumb/v7e-m+dp/hard\libc_nano.a
LOAD c:/st/stm32cubeide_1.8.0/stm32cubeide/plugins/com.st.stm32cube.ide.mcu.externaltools.gnu-tools-for-stm32.9-2020-q2-update.win32_2.0.0.202105311346/tools/bin/../lib/gcc/arm-none-eabi/9.3.1/../../../../arm-none-eabi/lib/thumb/v7e-m+dp/hard\libnosys.a
END GROUP
LOAD c:/st/stm32cubeide_1.8.0/stm32cubeide/plugins/com.st.stm32cube.ide.mcu.externaltools.gnu-tools-for-stm32.9-2020-q2-update.win32_2.0.0.202105311346/tools/bin/../lib/gcc/arm-none-eabi/9.3.1/thumb/v7e-m+dp/hard/crtend.o
LOAD c:/st/stm32cubeide_1.8.0/stm32cubeide/plugins/com.st.stm32cube.ide.mcu.externaltools.gnu-tools-for-stm32.9-2020-q2-update.win32_2.0.0.202105311346/tools/bin/../lib/gcc/arm-none-eabi/9.3.1/thumb/v7e-m+dp/hard/crtn.o
                0x0000000024080000                _estack = (ORIGIN (RAM_D1) + LENGTH (RAM_D1))
                0x0000000000000200                _Min_Heap_Size = 0x200
                0x0000000000000400                _Min_Stack_Size = 0x400

.isr_vector     0x0000000008000000      0x298
                0x0000000008000000                . = ALIGN (0x4)
 *(.isr_vector)
 .isr_vector    0x0000000008000000      0x298 ./Core/Startup/startup_stm32h750vbtx.o
                0x0000000008000000                g_pfnVectors
                0x0000000008000298                . = ALIGN (0x4)

.text           0x00000000080002a0    0x10ff0
                0x00000000080002a0                . = ALIGN (0x4)
 *(.text)
 .text          0x00000000080002a0       0x40 c:/st/stm32cubeide_1.8.0/stm32cubeide/plugins/com.st.stm32cube.ide.mcu.externaltools.gnu-tools-for-stm32.9-2020-q2-update.win32_2.0.0.202105311346/tools/bin/../lib/gcc/arm-none-eabi/9.3.1/thumb/v7e-m+dp/hard/crtbegin.o
 .text          0x00000000080002e0       0xa0 c:/st/stm32cubeide_1.8.0/stm32cubeide/plugins/com.st.stm32cube.ide.mcu.externaltools.gnu-tools-for-stm32.9-2020-q2-update.win32_2.0.0.202105311346/tools/bin/../lib/gcc/arm-none-eabi/9.3.1/../../../../arm-none-eabi/lib/thumb/v7e-m+dp/hard\libc_nano.a(lib_a-memchr.o)
                0x00000000080002e0                memchr
 *(.text*)
 .text.MX_DMA_Init
                0x0000000008000380       0x50 ./Core/Src/dma.o
                0x0000000008000380                MX_DMA_Init
 .text.MX_FDCAN1_Init
                0x00000000080003d0       0xcc ./Core/Src/fdcan.o
                0x00000000080003d0                MX_FDCAN1_Init
 .text.HAL_FDCAN_MspInit
                0x000000000800049c       0xfc ./Core/Src/fdcan.o
                0x000000000800049c                HAL_FDCAN_MspInit
 .text.MX_GPIO_Init
                0x0000000008000598      0x19c ./Core/Src/gpio.o
                0x0000000008000598                MX_GPIO_Init
 .text.MX_I2C1_Init
                0x0000000008000734       0x80 ./Core/Src/i2c.o
                0x0000000008000734                MX_I2C1_Init
 .text.MX_I2C3_Init
                0x00000000080007b4       0x80 ./Core/Src/i2c.o
                0x00000000080007b4                MX_I2C3_Init
 .text.HAL_I2C_MspInit
                0x0000000008000834      0x298 ./Core/Src/i2c.o
                0x0000000008000834                HAL_I2C_MspInit
 .text.main     0x0000000008000acc      0x154 ./Core/Src/main.o
                0x0000000008000acc                main
 .text.SystemClock_Config
                0x0000000008000c20       0xf4 ./Core/Src/main.o
                0x0000000008000c20                SystemClock_Config
 .text.MPU_Config
                0x0000000008000d14       0x5a ./Core/Src/main.o
 .text.Error_Handler
                0x0000000008000d6e        0xa ./Core/Src/main.o
                0x0000000008000d6e                Error_Handler
 .text.HAL_MspInit
                0x0000000008000d78       0x34 ./Core/Src/stm32h7xx_hal_msp.o
                0x0000000008000d78                HAL_MspInit
 .text.NMI_Handler
                0x0000000008000dac        0x6 ./Core/Src/stm32h7xx_it.o
                0x0000000008000dac                NMI_Handler
 .text.HardFault_Handler
                0x0000000008000db2        0x6 ./Core/Src/stm32h7xx_it.o
                0x0000000008000db2                HardFault_Handler
 .text.MemManage_Handler
                0x0000000008000db8        0x6 ./Core/Src/stm32h7xx_it.o
                0x0000000008000db8                MemManage_Handler
 .text.BusFault_Handler
                0x0000000008000dbe        0x6 ./Core/Src/stm32h7xx_it.o
                0x0000000008000dbe                BusFault_Handler
 .text.UsageFault_Handler
                0x0000000008000dc4        0x6 ./Core/Src/stm32h7xx_it.o
                0x0000000008000dc4                UsageFault_Handler
 .text.SVC_Handler
                0x0000000008000dca        0xe ./Core/Src/stm32h7xx_it.o
                0x0000000008000dca                SVC_Handler
 .text.DebugMon_Handler
                0x0000000008000dd8        0xe ./Core/Src/stm32h7xx_it.o
                0x0000000008000dd8                DebugMon_Handler
 .text.PendSV_Handler
                0x0000000008000de6        0xe ./Core/Src/stm32h7xx_it.o
                0x0000000008000de6                PendSV_Handler
 .text.SysTick_Handler
                0x0000000008000df4        0xc ./Core/Src/stm32h7xx_it.o
                0x0000000008000df4                SysTick_Handler
 .text.DMA1_Stream0_IRQHandler
                0x0000000008000e00       0x14 ./Core/Src/stm32h7xx_it.o
                0x0000000008000e00                DMA1_Stream0_IRQHandler
 .text.DMA1_Stream1_IRQHandler
                0x0000000008000e14       0x14 ./Core/Src/stm32h7xx_it.o
                0x0000000008000e14                DMA1_Stream1_IRQHandler
 .text.FDCAN1_IT0_IRQHandler
                0x0000000008000e28       0x14 ./Core/Src/stm32h7xx_it.o
                0x0000000008000e28                FDCAN1_IT0_IRQHandler
 .text.FDCAN1_IT1_IRQHandler
                0x0000000008000e3c       0x14 ./Core/Src/stm32h7xx_it.o
                0x0000000008000e3c                FDCAN1_IT1_IRQHandler
 .text.TIM3_IRQHandler
                0x0000000008000e50       0x14 ./Core/Src/stm32h7xx_it.o
                0x0000000008000e50                TIM3_IRQHandler
 .text.I2C1_EV_IRQHandler
                0x0000000008000e64       0x14 ./Core/Src/stm32h7xx_it.o
                0x0000000008000e64                I2C1_EV_IRQHandler
 .text.TIM6_DAC_IRQHandler
                0x0000000008000e78       0x14 ./Core/Src/stm32h7xx_it.o
                0x0000000008000e78                TIM6_DAC_IRQHandler
 .text.FDCAN_CAL_IRQHandler
                0x0000000008000e8c       0x14 ./Core/Src/stm32h7xx_it.o
                0x0000000008000e8c                FDCAN_CAL_IRQHandler
 .text.I2C3_EV_IRQHandler
                0x0000000008000ea0       0x14 ./Core/Src/stm32h7xx_it.o
                0x0000000008000ea0                I2C3_EV_IRQHandler
 .text._getpid  0x0000000008000eb4       0x10 ./Core/Src/syscalls.o
                0x0000000008000eb4                _getpid
 .text._kill    0x0000000008000ec4       0x20 ./Core/Src/syscalls.o
                0x0000000008000ec4                _kill
 .text._exit    0x0000000008000ee4       0x14 ./Core/Src/syscalls.o
                0x0000000008000ee4                _exit
 .text._read    0x0000000008000ef8       0x3a ./Core/Src/syscalls.o
                0x0000000008000ef8                _read
 .text._write   0x0000000008000f32       0x38 ./Core/Src/syscalls.o
                0x0000000008000f32                _write
 .text._close   0x0000000008000f6a       0x18 ./Core/Src/syscalls.o
                0x0000000008000f6a                _close
 .text._fstat   0x0000000008000f82       0x20 ./Core/Src/syscalls.o
                0x0000000008000f82                _fstat
 .text._isatty  0x0000000008000fa2       0x16 ./Core/Src/syscalls.o
                0x0000000008000fa2                _isatty
 .text._lseek   0x0000000008000fb8       0x1a ./Core/Src/syscalls.o
                0x0000000008000fb8                _lseek
 *fill*         0x0000000008000fd2        0x2 
 .text._sbrk    0x0000000008000fd4       0x6c ./Core/Src/sysmem.o
                0x0000000008000fd4                _sbrk
 .text.SystemInit
                0x0000000008001040      0x110 ./Core/Src/system_stm32h7xx.o
                0x0000000008001040                SystemInit
 .text.MX_TIM3_Init
                0x0000000008001150       0x9c ./Core/Src/tim.o
                0x0000000008001150                MX_TIM3_Init
 .text.MX_TIM6_Init
                0x00000000080011ec       0x6c ./Core/Src/tim.o
                0x00000000080011ec                MX_TIM6_Init
 .text.HAL_TIM_Base_MspInit
                0x0000000008001258       0x90 ./Core/Src/tim.o
                0x0000000008001258                HAL_TIM_Base_MspInit
 .text.Reset_Handler
                0x00000000080012e8       0x50 ./Core/Startup/startup_stm32h750vbtx.o
                0x00000000080012e8                Reset_Handler
 .text.Default_Handler
                0x0000000008001338        0x2 ./Core/Startup/startup_stm32h750vbtx.o
                0x0000000008001338                RTC_Alarm_IRQHandler
                0x0000000008001338                HASH_RNG_IRQHandler
                0x0000000008001338                EXTI2_IRQHandler
                0x0000000008001338                TIM8_CC_IRQHandler
                0x0000000008001338                HRTIM1_Master_IRQHandler
                0x0000000008001338                UART8_IRQHandler
                0x0000000008001338                SPI4_IRQHandler
                0x0000000008001338                TIM1_CC_IRQHandler
                0x0000000008001338                BDMA_Channel6_IRQHandler
                0x0000000008001338                DMA2_Stream5_IRQHandler
                0x0000000008001338                HRTIM1_FLT_IRQHandler
                0x0000000008001338                JPEG_IRQHandler
                0x0000000008001338                DMA1_Stream5_IRQHandler
                0x0000000008001338                BDMA_Channel1_IRQHandler
                0x0000000008001338                HRTIM1_TIMD_IRQHandler
                0x0000000008001338                TAMP_STAMP_IRQHandler
                0x0000000008001338                EXTI3_IRQHandler
                0x0000000008001338                LPTIM4_IRQHandler
                0x0000000008001338                TIM8_TRG_COM_TIM14_IRQHandler
                0x0000000008001338                LPTIM2_IRQHandler
                0x0000000008001338                DFSDM1_FLT1_IRQHandler
                0x0000000008001338                DMAMUX2_OVR_IRQHandler
                0x0000000008001338                TIM8_UP_TIM13_IRQHandler
                0x0000000008001338                I2C3_ER_IRQHandler
                0x0000000008001338                DFSDM1_FLT2_IRQHandler
                0x0000000008001338                MDMA_IRQHandler
                0x0000000008001338                LPTIM3_IRQHandler
                0x0000000008001338                HSEM1_IRQHandler
                0x0000000008001338                EXTI0_IRQHandler
                0x0000000008001338                I2C2_EV_IRQHandler
                0x0000000008001338                DMA1_Stream2_IRQHandler
                0x0000000008001338                FPU_IRQHandler
                0x0000000008001338                OTG_HS_WKUP_IRQHandler
                0x0000000008001338                LTDC_ER_IRQHandler
                0x0000000008001338                DMA2_Stream2_IRQHandler
                0x0000000008001338                HRTIM1_TIME_IRQHandler
                0x0000000008001338                SPI1_IRQHandler
                0x0000000008001338                DCMI_IRQHandler
                0x0000000008001338                HRTIM1_TIMC_IRQHandler
                0x0000000008001338                DMA2_Stream3_IRQHandler
                0x0000000008001338                SAI2_IRQHandler
                0x0000000008001338                DFSDM1_FLT3_IRQHandler
                0x0000000008001338                USART6_IRQHandler
                0x0000000008001338                TIM17_IRQHandler
                0x0000000008001338                USART3_IRQHandler
                0x0000000008001338                BDMA_Channel7_IRQHandler
                0x0000000008001338                CRYP_IRQHandler
                0x0000000008001338                LPTIM5_IRQHandler
                0x0000000008001338                UART5_IRQHandler
                0x0000000008001338                ADC3_IRQHandler
                0x0000000008001338                DMA2_Stream0_IRQHandler
                0x0000000008001338                TIM4_IRQHandler
                0x0000000008001338                BDMA_Channel2_IRQHandler
                0x0000000008001338                QUADSPI_IRQHandler
                0x0000000008001338                DMA1_Stream6_IRQHandler
                0x0000000008001338                DMAMUX1_OVR_IRQHandler
                0x0000000008001338                TIM16_IRQHandler
                0x0000000008001338                UART4_IRQHandler
                0x0000000008001338                BDMA_Channel5_IRQHandler
                0x0000000008001338                RCC_IRQHandler
                0x0000000008001338                TIM8_BRK_TIM12_IRQHandler
                0x0000000008001338                TIM1_TRG_COM_IRQHandler
                0x0000000008001338                Default_Handler
                0x0000000008001338                ECC_IRQHandler
                0x0000000008001338                CEC_IRQHandler
                0x0000000008001338                EXTI15_10_IRQHandler
                0x0000000008001338                BDMA_Channel0_IRQHandler
                0x0000000008001338                ADC_IRQHandler
                0x0000000008001338                DMA1_Stream7_IRQHandler
                0x0000000008001338                HRTIM1_TIMA_IRQHandler
                0x0000000008001338                SPI5_IRQHandler
                0x0000000008001338                TIM7_IRQHandler
                0x0000000008001338                SDMMC1_IRQHandler
                0x0000000008001338                TIM5_IRQHandler
                0x0000000008001338                DMA2_Stream7_IRQHandler
                0x0000000008001338                TIM15_IRQHandler
                0x0000000008001338                PVD_AVD_IRQHandler
                0x0000000008001338                EXTI9_5_IRQHandler
                0x0000000008001338                RTC_WKUP_IRQHandler
                0x0000000008001338                LTDC_IRQHandler
                0x0000000008001338                SAI3_IRQHandler
                0x0000000008001338                ETH_WKUP_IRQHandler
                0x0000000008001338                SPDIF_RX_IRQHandler
                0x0000000008001338                SPI2_IRQHandler
                0x0000000008001338                OTG_HS_EP1_IN_IRQHandler
                0x0000000008001338                CRS_IRQHandler
                0x0000000008001338                EXTI4_IRQHandler
                0x0000000008001338                HRTIM1_TIMB_IRQHandler
                0x0000000008001338                FDCAN2_IT1_IRQHandler
                0x0000000008001338                ETH_IRQHandler
                0x0000000008001338                TIM1_UP_IRQHandler
                0x0000000008001338                BDMA_Channel4_IRQHandler
                0x0000000008001338                OTG_HS_EP1_OUT_IRQHandler
                0x0000000008001338                WWDG_IRQHandler
                0x0000000008001338                SPI6_IRQHandler
                0x0000000008001338                MDIOS_IRQHandler
                0x0000000008001338                I2C4_EV_IRQHandler
                0x0000000008001338                FDCAN2_IT0_IRQHandler
                0x0000000008001338                LPUART1_IRQHandler
                0x0000000008001338                TIM2_IRQHandler
                0x0000000008001338                OTG_FS_WKUP_IRQHandler
                0x0000000008001338                OTG_HS_IRQHandler
                0x0000000008001338                DMA2D_IRQHandler
                0x0000000008001338                TIM1_BRK_IRQHandler
                0x0000000008001338                EXTI1_IRQHandler
                0x0000000008001338                SDMMC2_IRQHandler
                0x0000000008001338                OTG_FS_EP1_OUT_IRQHandler
                0x0000000008001338                BDMA_Channel3_IRQHandler
                0x0000000008001338                UART7_IRQHandler
                0x0000000008001338                MDIOS_WKUP_IRQHandler
                0x0000000008001338                USART2_IRQHandler
                0x0000000008001338                DFSDM1_FLT0_IRQHandler
                0x0000000008001338                SAI4_IRQHandler
                0x0000000008001338                I2C2_ER_IRQHandler
                0x0000000008001338                DMA2_Stream1_IRQHandler
                0x0000000008001338                FLASH_IRQHandler
                0x0000000008001338                DMA2_Stream4_IRQHandler
                0x0000000008001338                USART1_IRQHandler
                0x0000000008001338                OTG_FS_IRQHandler
                0x0000000008001338                SPI3_IRQHandler
                0x0000000008001338                WAKEUP_PIN_IRQHandler
                0x0000000008001338                DMA1_Stream4_IRQHandler
                0x0000000008001338                OTG_FS_EP1_IN_IRQHandler
                0x0000000008001338                I2C1_ER_IRQHandler
                0x0000000008001338                FMC_IRQHandler
                0x0000000008001338                SWPMI1_IRQHandler
                0x0000000008001338                COMP1_IRQHandler
                0x0000000008001338                LPTIM1_IRQHandler
                0x0000000008001338                I2C4_ER_IRQHandler
                0x0000000008001338                DMA2_Stream6_IRQHandler
                0x0000000008001338                SAI1_IRQHandler
                0x0000000008001338                DMA1_Stream3_IRQHandler
 *fill*         0x000000000800133a        0x2 
 .text.HAL_Init
                0x000000000800133c       0x78 ./Drivers/STM32H7xx_HAL_Driver/Src/stm32h7xx_hal.o
                0x000000000800133c                HAL_Init
 .text.HAL_InitTick
                0x00000000080013b4       0x6c ./Drivers/STM32H7xx_HAL_Driver/Src/stm32h7xx_hal.o
                0x00000000080013b4                HAL_InitTick
 .text.HAL_IncTick
                0x0000000008001420       0x28 ./Drivers/STM32H7xx_HAL_Driver/Src/stm32h7xx_hal.o
                0x0000000008001420                HAL_IncTick
 .text.HAL_GetTick
                0x0000000008001448       0x18 ./Drivers/STM32H7xx_HAL_Driver/Src/stm32h7xx_hal.o
                0x0000000008001448                HAL_GetTick
 .text.HAL_GetREVID
                0x0000000008001460       0x18 ./Drivers/STM32H7xx_HAL_Driver/Src/stm32h7xx_hal.o
                0x0000000008001460                HAL_GetREVID
 .text.__NVIC_SetPriorityGrouping
                0x0000000008001478       0x48 ./Drivers/STM32H7xx_HAL_Driver/Src/stm32h7xx_hal_cortex.o
 .text.__NVIC_GetPriorityGrouping
                0x00000000080014c0       0x1c ./Drivers/STM32H7xx_HAL_Driver/Src/stm32h7xx_hal_cortex.o
 .text.__NVIC_EnableIRQ
                0x00000000080014dc       0x3c ./Drivers/STM32H7xx_HAL_Driver/Src/stm32h7xx_hal_cortex.o
 .text.__NVIC_SetPriority
                0x0000000008001518       0x54 ./Drivers/STM32H7xx_HAL_Driver/Src/stm32h7xx_hal_cortex.o
 .text.NVIC_EncodePriority
                0x000000000800156c       0x66 ./Drivers/STM32H7xx_HAL_Driver/Src/stm32h7xx_hal_cortex.o
 *fill*         0x00000000080015d2        0x2 
 .text.SysTick_Config
                0x00000000080015d4       0x44 ./Drivers/STM32H7xx_HAL_Driver/Src/stm32h7xx_hal_cortex.o
 .text.HAL_NVIC_SetPriorityGrouping
                0x0000000008001618       0x16 ./Drivers/STM32H7xx_HAL_Driver/Src/stm32h7xx_hal_cortex.o
                0x0000000008001618                HAL_NVIC_SetPriorityGrouping
 .text.HAL_NVIC_SetPriority
                0x000000000800162e       0x34 ./Drivers/STM32H7xx_HAL_Driver/Src/stm32h7xx_hal_cortex.o
                0x000000000800162e                HAL_NVIC_SetPriority
 .text.HAL_NVIC_EnableIRQ
                0x0000000008001662       0x1c ./Drivers/STM32H7xx_HAL_Driver/Src/stm32h7xx_hal_cortex.o
                0x0000000008001662                HAL_NVIC_EnableIRQ
 .text.HAL_SYSTICK_Config
                0x000000000800167e       0x18 ./Drivers/STM32H7xx_HAL_Driver/Src/stm32h7xx_hal_cortex.o
                0x000000000800167e                HAL_SYSTICK_Config
 *fill*         0x0000000008001696        0x2 
 .text.HAL_MPU_Disable
                0x0000000008001698       0x30 ./Drivers/STM32H7xx_HAL_Driver/Src/stm32h7xx_hal_cortex.o
                0x0000000008001698                HAL_MPU_Disable
 .text.HAL_MPU_Enable
                0x00000000080016c8       0x40 ./Drivers/STM32H7xx_HAL_Driver/Src/stm32h7xx_hal_cortex.o
                0x00000000080016c8                HAL_MPU_Enable
 .text.HAL_MPU_ConfigRegion
                0x0000000008001708       0x88 ./Drivers/STM32H7xx_HAL_Driver/Src/stm32h7xx_hal_cortex.o
                0x0000000008001708                HAL_MPU_ConfigRegion
 .text.HAL_DMA_Init
                0x0000000008001790      0x6b8 ./Drivers/STM32H7xx_HAL_Driver/Src/stm32h7xx_hal_dma.o
                0x0000000008001790                HAL_DMA_Init
 .text.HAL_DMA_Start_IT
                0x0000000008001e48      0x4d4 ./Drivers/STM32H7xx_HAL_Driver/Src/stm32h7xx_hal_dma.o
                0x0000000008001e48                HAL_DMA_Start_IT
 .text.HAL_DMA_Abort_IT
                0x000000000800231c      0x488 ./Drivers/STM32H7xx_HAL_Driver/Src/stm32h7xx_hal_dma.o
                0x000000000800231c                HAL_DMA_Abort_IT
 .text.HAL_DMA_IRQHandler
                0x00000000080027a4      0xe54 ./Drivers/STM32H7xx_HAL_Driver/Src/stm32h7xx_hal_dma.o
                0x00000000080027a4                HAL_DMA_IRQHandler
 .text.HAL_DMA_GetState
                0x00000000080035f8       0x1c ./Drivers/STM32H7xx_HAL_Driver/Src/stm32h7xx_hal_dma.o
                0x00000000080035f8                HAL_DMA_GetState
 .text.HAL_DMA_GetError
                0x0000000008003614       0x18 ./Drivers/STM32H7xx_HAL_Driver/Src/stm32h7xx_hal_dma.o
                0x0000000008003614                HAL_DMA_GetError
 .text.DMA_SetConfig
                0x000000000800362c      0x358 ./Drivers/STM32H7xx_HAL_Driver/Src/stm32h7xx_hal_dma.o
 .text.DMA_CalcBaseAndBitshift
                0x0000000008003984      0x164 ./Drivers/STM32H7xx_HAL_Driver/Src/stm32h7xx_hal_dma.o
 .text.DMA_CheckFifoParam
                0x0000000008003ae8       0xf8 ./Drivers/STM32H7xx_HAL_Driver/Src/stm32h7xx_hal_dma.o
 .text.DMA_CalcDMAMUXChannelBaseAndMask
                0x0000000008003be0      0x134 ./Drivers/STM32H7xx_HAL_Driver/Src/stm32h7xx_hal_dma.o
 .text.DMA_CalcDMAMUXRequestGenBaseAndMask
                0x0000000008003d14       0xe8 ./Drivers/STM32H7xx_HAL_Driver/Src/stm32h7xx_hal_dma.o
 .text.HAL_FDCAN_Init
                0x0000000008003dfc      0x3c4 ./Drivers/STM32H7xx_HAL_Driver/Src/stm32h7xx_hal_fdcan.o
                0x0000000008003dfc                HAL_FDCAN_Init
 .text.HAL_FDCAN_ConfigFilter
                0x00000000080041c0       0xec ./Drivers/STM32H7xx_HAL_Driver/Src/stm32h7xx_hal_fdcan.o
                0x00000000080041c0                HAL_FDCAN_ConfigFilter
 .text.HAL_FDCAN_ConfigGlobalFilter
                0x00000000080042ac       0x5a ./Drivers/STM32H7xx_HAL_Driver/Src/stm32h7xx_hal_fdcan.o
                0x00000000080042ac                HAL_FDCAN_ConfigGlobalFilter
 .text.HAL_FDCAN_ConfigTxDelayCompensation
                0x0000000008004306       0x48 ./Drivers/STM32H7xx_HAL_Driver/Src/stm32h7xx_hal_fdcan.o
                0x0000000008004306                HAL_FDCAN_ConfigTxDelayCompensation
 .text.HAL_FDCAN_EnableTxDelayCompensation
                0x000000000800434e       0x46 ./Drivers/STM32H7xx_HAL_Driver/Src/stm32h7xx_hal_fdcan.o
                0x000000000800434e                HAL_FDCAN_EnableTxDelayCompensation
 .text.HAL_FDCAN_Start
                0x0000000008004394       0x56 ./Drivers/STM32H7xx_HAL_Driver/Src/stm32h7xx_hal_fdcan.o
                0x0000000008004394                HAL_FDCAN_Start
 .text.HAL_FDCAN_AddMessageToTxFifoQ
                0x00000000080043ea       0xb6 ./Drivers/STM32H7xx_HAL_Driver/Src/stm32h7xx_hal_fdcan.o
                0x00000000080043ea                HAL_FDCAN_AddMessageToTxFifoQ
 .text.HAL_FDCAN_GetRxMessage
                0x00000000080044a0      0x2dc ./Drivers/STM32H7xx_HAL_Driver/Src/stm32h7xx_hal_fdcan.o
                0x00000000080044a0                HAL_FDCAN_GetRxMessage
 .text.HAL_FDCAN_ActivateNotification
                0x000000000800477c       0xf4 ./Drivers/STM32H7xx_HAL_Driver/Src/stm32h7xx_hal_fdcan.o
                0x000000000800477c                HAL_FDCAN_ActivateNotification
 .text.HAL_FDCAN_IRQHandler
                0x0000000008004870      0x4bc ./Drivers/STM32H7xx_HAL_Driver/Src/stm32h7xx_hal_fdcan.o
                0x0000000008004870                HAL_FDCAN_IRQHandler
 .text.HAL_FDCAN_ClockCalibrationCallback
                0x0000000008004d2c       0x16 ./Drivers/STM32H7xx_HAL_Driver/Src/stm32h7xx_hal_fdcan.o
                0x0000000008004d2c                HAL_FDCAN_ClockCalibrationCallback
 .text.HAL_FDCAN_TxEventFifoCallback
                0x0000000008004d42       0x16 ./Drivers/STM32H7xx_HAL_Driver/Src/stm32h7xx_hal_fdcan.o
                0x0000000008004d42                HAL_FDCAN_TxEventFifoCallback
 .text.HAL_FDCAN_RxFifo1Callback
                0x0000000008004d58       0x16 ./Drivers/STM32H7xx_HAL_Driver/Src/stm32h7xx_hal_fdcan.o
                0x0000000008004d58                HAL_FDCAN_RxFifo1Callback
 .text.HAL_FDCAN_TxFifoEmptyCallback
                0x0000000008004d6e       0x14 ./Drivers/STM32H7xx_HAL_Driver/Src/stm32h7xx_hal_fdcan.o
                0x0000000008004d6e                HAL_FDCAN_TxFifoEmptyCallback
 .text.HAL_FDCAN_TxBufferCompleteCallback
                0x0000000008004d82       0x16 ./Drivers/STM32H7xx_HAL_Driver/Src/stm32h7xx_hal_fdcan.o
                0x0000000008004d82                HAL_FDCAN_TxBufferCompleteCallback
 .text.HAL_FDCAN_TxBufferAbortCallback
                0x0000000008004d98       0x16 ./Drivers/STM32H7xx_HAL_Driver/Src/stm32h7xx_hal_fdcan.o
                0x0000000008004d98                HAL_FDCAN_TxBufferAbortCallback
 .text.HAL_FDCAN_RxBufferNewMessageCallback
                0x0000000008004dae       0x14 ./Drivers/STM32H7xx_HAL_Driver/Src/stm32h7xx_hal_fdcan.o
                0x0000000008004dae                HAL_FDCAN_RxBufferNewMessageCallback
 .text.HAL_FDCAN_TimestampWraparoundCallback
                0x0000000008004dc2       0x14 ./Drivers/STM32H7xx_HAL_Driver/Src/stm32h7xx_hal_fdcan.o
                0x0000000008004dc2                HAL_FDCAN_TimestampWraparoundCallback
 .text.HAL_FDCAN_TimeoutOccurredCallback
                0x0000000008004dd6       0x14 ./Drivers/STM32H7xx_HAL_Driver/Src/stm32h7xx_hal_fdcan.o
                0x0000000008004dd6                HAL_FDCAN_TimeoutOccurredCallback
 .text.HAL_FDCAN_HighPriorityMessageCallback
                0x0000000008004dea       0x14 ./Drivers/STM32H7xx_HAL_Driver/Src/stm32h7xx_hal_fdcan.o
                0x0000000008004dea                HAL_FDCAN_HighPriorityMessageCallback
 .text.HAL_FDCAN_ErrorCallback
                0x0000000008004dfe       0x14 ./Drivers/STM32H7xx_HAL_Driver/Src/stm32h7xx_hal_fdcan.o
                0x0000000008004dfe                HAL_FDCAN_ErrorCallback
 .text.HAL_FDCAN_ErrorStatusCallback
                0x0000000008004e12       0x16 ./Drivers/STM32H7xx_HAL_Driver/Src/stm32h7xx_hal_fdcan.o
                0x0000000008004e12                HAL_FDCAN_ErrorStatusCallback
 .text.HAL_FDCAN_TT_ScheduleSyncCallback
                0x0000000008004e28       0x16 ./Drivers/STM32H7xx_HAL_Driver/Src/stm32h7xx_hal_fdcan.o
                0x0000000008004e28                HAL_FDCAN_TT_ScheduleSyncCallback
 .text.HAL_FDCAN_TT_TimeMarkCallback
                0x0000000008004e3e       0x16 ./Drivers/STM32H7xx_HAL_Driver/Src/stm32h7xx_hal_fdcan.o
                0x0000000008004e3e                HAL_FDCAN_TT_TimeMarkCallback
 .text.HAL_FDCAN_TT_StopWatchCallback
                0x0000000008004e54       0x18 ./Drivers/STM32H7xx_HAL_Driver/Src/stm32h7xx_hal_fdcan.o
                0x0000000008004e54                HAL_FDCAN_TT_StopWatchCallback
 .text.HAL_FDCAN_TT_GlobalTimeCallback
                0x0000000008004e6c       0x16 ./Drivers/STM32H7xx_HAL_Driver/Src/stm32h7xx_hal_fdcan.o
                0x0000000008004e6c                HAL_FDCAN_TT_GlobalTimeCallback
 *fill*         0x0000000008004e82        0x2 
 .text.FDCAN_CalcultateRamBlockAddresses
                0x0000000008004e84      0x30c ./Drivers/STM32H7xx_HAL_Driver/Src/stm32h7xx_hal_fdcan.o
 .text.FDCAN_CopyMessageToRAM
                0x0000000008005190       0xfc ./Drivers/STM32H7xx_HAL_Driver/Src/stm32h7xx_hal_fdcan.o
 .text.HAL_GPIO_Init
                0x000000000800528c      0x360 ./Drivers/STM32H7xx_HAL_Driver/Src/stm32h7xx_hal_gpio.o
                0x000000000800528c                HAL_GPIO_Init
 .text.HAL_GPIO_WritePin
                0x00000000080055ec       0x32 ./Drivers/STM32H7xx_HAL_Driver/Src/stm32h7xx_hal_gpio.o
                0x00000000080055ec                HAL_GPIO_WritePin
 *fill*         0x000000000800561e        0x2 
 .text.HAL_I2C_Init
                0x0000000008005620      0x120 ./Drivers/STM32H7xx_HAL_Driver/Src/stm32h7xx_hal_i2c.o
                0x0000000008005620                HAL_I2C_Init
 .text.HAL_I2C_Mem_Write
                0x0000000008005740      0x228 ./Drivers/STM32H7xx_HAL_Driver/Src/stm32h7xx_hal_i2c.o
                0x0000000008005740                HAL_I2C_Mem_Write
 .text.HAL_I2C_Mem_Read_DMA
                0x0000000008005968      0x1f0 ./Drivers/STM32H7xx_HAL_Driver/Src/stm32h7xx_hal_i2c.o
                0x0000000008005968                HAL_I2C_Mem_Read_DMA
 .text.HAL_I2C_IsDeviceReady
                0x0000000008005b58      0x210 ./Drivers/STM32H7xx_HAL_Driver/Src/stm32h7xx_hal_i2c.o
                0x0000000008005b58                HAL_I2C_IsDeviceReady
 .text.HAL_I2C_EV_IRQHandler
                0x0000000008005d68       0x34 ./Drivers/STM32H7xx_HAL_Driver/Src/stm32h7xx_hal_i2c.o
                0x0000000008005d68                HAL_I2C_EV_IRQHandler
 .text.HAL_I2C_MasterTxCpltCallback
                0x0000000008005d9c       0x14 ./Drivers/STM32H7xx_HAL_Driver/Src/stm32h7xx_hal_i2c.o
                0x0000000008005d9c                HAL_I2C_MasterTxCpltCallback
 .text.HAL_I2C_MasterRxCpltCallback
                0x0000000008005db0       0x14 ./Drivers/STM32H7xx_HAL_Driver/Src/stm32h7xx_hal_i2c.o
                0x0000000008005db0                HAL_I2C_MasterRxCpltCallback
 .text.HAL_I2C_SlaveTxCpltCallback
                0x0000000008005dc4       0x14 ./Drivers/STM32H7xx_HAL_Driver/Src/stm32h7xx_hal_i2c.o
                0x0000000008005dc4                HAL_I2C_SlaveTxCpltCallback
 .text.HAL_I2C_SlaveRxCpltCallback
                0x0000000008005dd8       0x14 ./Drivers/STM32H7xx_HAL_Driver/Src/stm32h7xx_hal_i2c.o
                0x0000000008005dd8                HAL_I2C_SlaveRxCpltCallback
 .text.HAL_I2C_AddrCallback
                0x0000000008005dec       0x1c ./Drivers/STM32H7xx_HAL_Driver/Src/stm32h7xx_hal_i2c.o
                0x0000000008005dec                HAL_I2C_AddrCallback
 .text.HAL_I2C_ListenCpltCallback
                0x0000000008005e08       0x14 ./Drivers/STM32H7xx_HAL_Driver/Src/stm32h7xx_hal_i2c.o
                0x0000000008005e08                HAL_I2C_ListenCpltCallback
 .text.HAL_I2C_MemTxCpltCallback
                0x0000000008005e1c       0x14 ./Drivers/STM32H7xx_HAL_Driver/Src/stm32h7xx_hal_i2c.o
                0x0000000008005e1c                HAL_I2C_MemTxCpltCallback
 .text.HAL_I2C_MemRxCpltCallback
                0x0000000008005e30       0x14 ./Drivers/STM32H7xx_HAL_Driver/Src/stm32h7xx_hal_i2c.o
                0x0000000008005e30                HAL_I2C_MemRxCpltCallback
 .text.HAL_I2C_ErrorCallback
                0x0000000008005e44       0x14 ./Drivers/STM32H7xx_HAL_Driver/Src/stm32h7xx_hal_i2c.o
                0x0000000008005e44                HAL_I2C_ErrorCallback
 .text.HAL_I2C_AbortCpltCallback
                0x0000000008005e58       0x14 ./Drivers/STM32H7xx_HAL_Driver/Src/stm32h7xx_hal_i2c.o
                0x0000000008005e58                HAL_I2C_AbortCpltCallback
 .text.I2C_Slave_ISR_IT
                0x0000000008005e6c      0x206 ./Drivers/STM32H7xx_HAL_Driver/Src/stm32h7xx_hal_i2c.o
 .text.I2C_Master_ISR_DMA
                0x0000000008006072      0x1e6 ./Drivers/STM32H7xx_HAL_Driver/Src/stm32h7xx_hal_i2c.o
 .text.I2C_Slave_ISR_DMA
                0x0000000008006258      0x3c0 ./Drivers/STM32H7xx_HAL_Driver/Src/stm32h7xx_hal_i2c.o
 .text.I2C_RequestMemoryWrite
                0x0000000008006618       0xa8 ./Drivers/STM32H7xx_HAL_Driver/Src/stm32h7xx_hal_i2c.o
 .text.I2C_RequestMemoryRead
                0x00000000080066c0       0xa8 ./Drivers/STM32H7xx_HAL_Driver/Src/stm32h7xx_hal_i2c.o
 .text.I2C_ITAddrCplt
                0x0000000008006768      0x108 ./Drivers/STM32H7xx_HAL_Driver/Src/stm32h7xx_hal_i2c.o
 .text.I2C_ITMasterSeqCplt
                0x0000000008006870       0x7a ./Drivers/STM32H7xx_HAL_Driver/Src/stm32h7xx_hal_i2c.o
 .text.I2C_ITSlaveSeqCplt
                0x00000000080068ea       0xbc ./Drivers/STM32H7xx_HAL_Driver/Src/stm32h7xx_hal_i2c.o
 *fill*         0x00000000080069a6        0x2 
 .text.I2C_ITMasterCplt
                0x00000000080069a8      0x194 ./Drivers/STM32H7xx_HAL_Driver/Src/stm32h7xx_hal_i2c.o
 .text.I2C_ITSlaveCplt
                0x0000000008006b3c      0x3f0 ./Drivers/STM32H7xx_HAL_Driver/Src/stm32h7xx_hal_i2c.o
 .text.I2C_ITListenCplt
                0x0000000008006f2c       0xac ./Drivers/STM32H7xx_HAL_Driver/Src/stm32h7xx_hal_i2c.o
 .text.I2C_ITError
                0x0000000008006fd8      0x1a0 ./Drivers/STM32H7xx_HAL_Driver/Src/stm32h7xx_hal_i2c.o
 .text.I2C_TreatErrorCallback
                0x0000000008007178       0x4e ./Drivers/STM32H7xx_HAL_Driver/Src/stm32h7xx_hal_i2c.o
 .text.I2C_Flush_TXDR
                0x00000000080071c6       0x48 ./Drivers/STM32H7xx_HAL_Driver/Src/stm32h7xx_hal_i2c.o
 .text.I2C_DMAMasterReceiveCplt
                0x000000000800720e       0x96 ./Drivers/STM32H7xx_HAL_Driver/Src/stm32h7xx_hal_i2c.o
 .text.I2C_DMAError
                0x00000000080072a4      0x270 ./Drivers/STM32H7xx_HAL_Driver/Src/stm32h7xx_hal_i2c.o
 .text.I2C_DMAAbort
                0x0000000008007514       0x3c ./Drivers/STM32H7xx_HAL_Driver/Src/stm32h7xx_hal_i2c.o
 .text.I2C_WaitOnFlagUntilTimeout
                0x0000000008007550       0x80 ./Drivers/STM32H7xx_HAL_Driver/Src/stm32h7xx_hal_i2c.o
 .text.I2C_WaitOnTXISFlagUntilTimeout
                0x00000000080075d0       0x80 ./Drivers/STM32H7xx_HAL_Driver/Src/stm32h7xx_hal_i2c.o
 .text.I2C_WaitOnSTOPFlagUntilTimeout
                0x0000000008007650       0x78 ./Drivers/STM32H7xx_HAL_Driver/Src/stm32h7xx_hal_i2c.o
 .text.I2C_IsErrorOccurred
                0x00000000080076c8      0x1d8 ./Drivers/STM32H7xx_HAL_Driver/Src/stm32h7xx_hal_i2c.o
 .text.I2C_TransferConfig
                0x00000000080078a0       0x64 ./Drivers/STM32H7xx_HAL_Driver/Src/stm32h7xx_hal_i2c.o
 .text.I2C_Enable_IRQ
                0x0000000008007904       0xc8 ./Drivers/STM32H7xx_HAL_Driver/Src/stm32h7xx_hal_i2c.o
 .text.I2C_Disable_IRQ
                0x00000000080079cc       0xbc ./Drivers/STM32H7xx_HAL_Driver/Src/stm32h7xx_hal_i2c.o
 .text.HAL_I2CEx_ConfigAnalogFilter
                0x0000000008007a88       0x96 ./Drivers/STM32H7xx_HAL_Driver/Src/stm32h7xx_hal_i2c_ex.o
                0x0000000008007a88                HAL_I2CEx_ConfigAnalogFilter
 .text.HAL_I2CEx_ConfigDigitalFilter
                0x0000000008007b1e       0x98 ./Drivers/STM32H7xx_HAL_Driver/Src/stm32h7xx_hal_i2c_ex.o
                0x0000000008007b1e                HAL_I2CEx_ConfigDigitalFilter
 *fill*         0x0000000008007bb6        0x2 
 .text.HAL_PWREx_ConfigSupply
                0x0000000008007bb8       0x74 ./Drivers/STM32H7xx_HAL_Driver/Src/stm32h7xx_hal_pwr_ex.o
                0x0000000008007bb8                HAL_PWREx_ConfigSupply
 .text.HAL_RCC_OscConfig
                0x0000000008007c2c      0x858 ./Drivers/STM32H7xx_HAL_Driver/Src/stm32h7xx_hal_rcc.o
                0x0000000008007c2c                HAL_RCC_OscConfig
 .text.HAL_RCC_ClockConfig
                0x0000000008008484      0x36c ./Drivers/STM32H7xx_HAL_Driver/Src/stm32h7xx_hal_rcc.o
                0x0000000008008484                HAL_RCC_ClockConfig
 .text.HAL_RCC_GetSysClockFreq
                0x00000000080087f0      0x2f4 ./Drivers/STM32H7xx_HAL_Driver/Src/stm32h7xx_hal_rcc.o
                0x00000000080087f0                HAL_RCC_GetSysClockFreq
 .text.HAL_RCCEx_PeriphCLKConfig
                0x0000000008008ae4      0xe80 ./Drivers/STM32H7xx_HAL_Driver/Src/stm32h7xx_hal_rcc_ex.o
                0x0000000008008ae4                HAL_RCCEx_PeriphCLKConfig
 .text.RCCEx_PLL2_Config
                0x0000000008009964      0x164 ./Drivers/STM32H7xx_HAL_Driver/Src/stm32h7xx_hal_rcc_ex.o
 .text.RCCEx_PLL3_Config
                0x0000000008009ac8      0x164 ./Drivers/STM32H7xx_HAL_Driver/Src/stm32h7xx_hal_rcc_ex.o
 .text.HAL_TIM_Base_Init
                0x0000000008009c2c       0xae ./Drivers/STM32H7xx_HAL_Driver/Src/stm32h7xx_hal_tim.o
                0x0000000008009c2c                HAL_TIM_Base_Init
 *fill*         0x0000000008009cda        0x2 
 .text.HAL_TIM_Base_Start_IT
                0x0000000008009cdc       0xf0 ./Drivers/STM32H7xx_HAL_Driver/Src/stm32h7xx_hal_tim.o
                0x0000000008009cdc                HAL_TIM_Base_Start_IT
 .text.HAL_TIM_IRQHandler
                0x0000000008009dcc      0x23e ./Drivers/STM32H7xx_HAL_Driver/Src/stm32h7xx_hal_tim.o
                0x0000000008009dcc                HAL_TIM_IRQHandler
 *fill*         0x000000000800a00a        0x2 
 .text.HAL_TIM_ConfigClockSource
                0x000000000800a00c      0x1f0 ./Drivers/STM32H7xx_HAL_Driver/Src/stm32h7xx_hal_tim.o
                0x000000000800a00c                HAL_TIM_ConfigClockSource
 .text.HAL_TIM_OC_DelayElapsedCallback
                0x000000000800a1fc       0x14 ./Drivers/STM32H7xx_HAL_Driver/Src/stm32h7xx_hal_tim.o
                0x000000000800a1fc                HAL_TIM_OC_DelayElapsedCallback
 .text.HAL_TIM_IC_CaptureCallback
                0x000000000800a210       0x14 ./Drivers/STM32H7xx_HAL_Driver/Src/stm32h7xx_hal_tim.o
                0x000000000800a210                HAL_TIM_IC_CaptureCallback
 .text.HAL_TIM_PWM_PulseFinishedCallback
                0x000000000800a224       0x14 ./Drivers/STM32H7xx_HAL_Driver/Src/stm32h7xx_hal_tim.o
                0x000000000800a224                HAL_TIM_PWM_PulseFinishedCallback
 .text.HAL_TIM_TriggerCallback
                0x000000000800a238       0x14 ./Drivers/STM32H7xx_HAL_Driver/Src/stm32h7xx_hal_tim.o
                0x000000000800a238                HAL_TIM_TriggerCallback
 .text.TIM_Base_SetConfig
                0x000000000800a24c      0x134 ./Drivers/STM32H7xx_HAL_Driver/Src/stm32h7xx_hal_tim.o
                0x000000000800a24c                TIM_Base_SetConfig
 .text.TIM_TI1_ConfigInputStage
                0x000000000800a380       0x5e ./Drivers/STM32H7xx_HAL_Driver/Src/stm32h7xx_hal_tim.o
 .text.TIM_TI2_ConfigInputStage
                0x000000000800a3de       0x60 ./Drivers/STM32H7xx_HAL_Driver/Src/stm32h7xx_hal_tim.o
 *fill*         0x000000000800a43e        0x2 
 .text.TIM_ITRx_SetConfig
                0x000000000800a440       0x3c ./Drivers/STM32H7xx_HAL_Driver/Src/stm32h7xx_hal_tim.o
 .text.TIM_ETR_SetConfig
                0x000000000800a47c       0x40 ./Drivers/STM32H7xx_HAL_Driver/Src/stm32h7xx_hal_tim.o
                0x000000000800a47c                TIM_ETR_SetConfig
 .text.HAL_TIMEx_MasterConfigSynchronization
                0x000000000800a4bc      0x11c ./Drivers/STM32H7xx_HAL_Driver/Src/stm32h7xx_hal_tim_ex.o
                0x000000000800a4bc                HAL_TIMEx_MasterConfigSynchronization
 .text.HAL_TIMEx_CommutCallback
                0x000000000800a5d8       0x14 ./Drivers/STM32H7xx_HAL_Driver/Src/stm32h7xx_hal_tim_ex.o
                0x000000000800a5d8                HAL_TIMEx_CommutCallback
 .text.HAL_TIMEx_BreakCallback
                0x000000000800a5ec       0x14 ./Drivers/STM32H7xx_HAL_Driver/Src/stm32h7xx_hal_tim_ex.o
                0x000000000800a5ec                HAL_TIMEx_BreakCallback
 .text.HAL_TIMEx_Break2Callback
                0x000000000800a600       0x14 ./Drivers/STM32H7xx_HAL_Driver/Src/stm32h7xx_hal_tim_ex.o
                0x000000000800a600                HAL_TIMEx_Break2Callback
 .text.Write_Reg_BM1422AGMV
                0x000000000800a614       0x2c ./WISL_WIDM/Drivers/BSP/BM1422AGMV/Src/bsp_bm1422agmv.o
 .text.Set_Reg_BM1422AGMV
                0x000000000800a640       0x2e ./WISL_WIDM/Drivers/BSP/BM1422AGMV/Src/bsp_bm1422agmv.o
 .text.Set_Ioctx_BM1422AGMV
                0x000000000800a66e       0x6a ./WISL_WIDM/Drivers/BSP/BM1422AGMV/Src/bsp_bm1422agmv.o
                0x000000000800a66e                Set_Ioctx_BM1422AGMV
 .text.Init_BM1422AGMV
                0x000000000800a6d8       0xc0 ./WISL_WIDM/Drivers/BSP/BM1422AGMV/Src/bsp_bm1422agmv.o
                0x000000000800a6d8                Init_BM1422AGMV
 .text.Get_Value_BM1422AGMV
                0x000000000800a798       0x8c ./WISL_WIDM/Drivers/BSP/BM1422AGMV/Src/bsp_bm1422agmv.o
                0x000000000800a798                Get_Value_BM1422AGMV
 .text.Assemble_SDO
                0x000000000800a824       0x22 ./WISL_WIDM/Drivers/BSP/BumbleBee/object_dictionaries.o
 .text.Assemble_PDO
                0x000000000800a846       0x2a ./WISL_WIDM/Drivers/BSP/BumbleBee/object_dictionaries.o
 .text.Create_SDOTable_ObjDictionary
                0x000000000800a870      0x494 ./WISL_WIDM/Drivers/BSP/BumbleBee/object_dictionaries.o
                0x000000000800a870                Create_SDOTable_ObjDictionary
 .text.Create_PDOTable_ObjDictionary
                0x000000000800ad04      0x430 ./WISL_WIDM/Drivers/BSP/BumbleBee/object_dictionaries.o
                0x000000000800ad04                Create_PDOTable_ObjDictionary
 .text.Write_Reg_ICM20608G
                0x000000000800b134       0x2c ./WISL_WIDM/Drivers/BSP/ICM20608G/Src/bsp_icm20608G.o
 .text.Set_Reg_ICM20608G
                0x000000000800b160       0x2e ./WISL_WIDM/Drivers/BSP/ICM20608G/Src/bsp_icm20608G.o
 .text.Set_Ioctx_ICM20608G
                0x000000000800b18e       0x6a ./WISL_WIDM/Drivers/BSP/ICM20608G/Src/bsp_icm20608G.o
                0x000000000800b18e                Set_Ioctx_ICM20608G
 .text.Init_ICM20608G
                0x000000000800b1f8       0xac ./WISL_WIDM/Drivers/BSP/ICM20608G/Src/bsp_icm20608G.o
                0x000000000800b1f8                Init_ICM20608G
 .text.Get_Value_ICM20608G
                0x000000000800b2a4      0x12c ./WISL_WIDM/Drivers/BSP/ICM20608G/Src/bsp_icm20608G.o
                0x000000000800b2a4                Get_Value_ICM20608G
 .text.IsDevReady_3Axis_IMU
                0x000000000800b3d0       0x1c ./WISL_WIDM/Drivers/IOIF/IOIF_I2C/Src/ioif_3axis_imu.o
 .text.Read_3Axis_IMU
                0x000000000800b3ec       0x30 ./WISL_WIDM/Drivers/IOIF/IOIF_I2C/Src/ioif_3axis_imu.o
 .text.Write_3Axis_IMU
                0x000000000800b41c       0x30 ./WISL_WIDM/Drivers/IOIF/IOIF_I2C/Src/ioif_3axis_imu.o
 .text.Init_3Axis_IMU
                0x000000000800b44c       0x70 ./WISL_WIDM/Drivers/IOIF/IOIF_I2C/Src/ioif_3axis_imu.o
                0x000000000800b44c                Init_3Axis_IMU
 .text.Get_Value_3Axis_IMU
                0x000000000800b4bc       0x3c ./WISL_WIDM/Drivers/IOIF/IOIF_I2C/Src/ioif_3axis_imu.o
                0x000000000800b4bc                Get_Value_3Axis_IMU
 .text.IsDevReady_6Axis_IMU
                0x000000000800b4f8       0x1c ./WISL_WIDM/Drivers/IOIF/IOIF_I2C/Src/ioif_6axis_imu.o
 .text.Read_6Axis_IMU
                0x000000000800b514       0x30 ./WISL_WIDM/Drivers/IOIF/IOIF_I2C/Src/ioif_6axis_imu.o
 .text.Write_6Axis_IMU
                0x000000000800b544       0x30 ./WISL_WIDM/Drivers/IOIF/IOIF_I2C/Src/ioif_6axis_imu.o
 .text.Init_6Axis_IMU
                0x000000000800b574       0x74 ./WISL_WIDM/Drivers/IOIF/IOIF_I2C/Src/ioif_6axis_imu.o
                0x000000000800b574                Init_6Axis_IMU
 .text.Get_Value_6Axis_IMU
                0x000000000800b5e8       0x3c ./WISL_WIDM/Drivers/IOIF/IOIF_I2C/Src/ioif_6axis_imu.o
                0x000000000800b5e8                Get_Value_6Axis_IMU
 .text.IsDevReady_I2C1
                0x000000000800b624       0x24 ./WISL_WIDM/Drivers/IOIF/IOIF_I2C/Src/ioif_i2c_func.o
                0x000000000800b624                IsDevReady_I2C1
 .text.IsDevReady_I2C3
                0x000000000800b648       0x24 ./WISL_WIDM/Drivers/IOIF/IOIF_I2C/Src/ioif_i2c_func.o
                0x000000000800b648                IsDevReady_I2C3
 .text.Mem_Write_I2C1
                0x000000000800b66c       0x64 ./WISL_WIDM/Drivers/IOIF/IOIF_I2C/Src/ioif_i2c_func.o
                0x000000000800b66c                Mem_Write_I2C1
 .text.Mem_Read_I2C1
                0x000000000800b6d0       0x74 ./WISL_WIDM/Drivers/IOIF/IOIF_I2C/Src/ioif_i2c_func.o
                0x000000000800b6d0                Mem_Read_I2C1
 .text.Mem_Write_I2C3
                0x000000000800b744       0x64 ./WISL_WIDM/Drivers/IOIF/IOIF_I2C/Src/ioif_i2c_func.o
                0x000000000800b744                Mem_Write_I2C3
 .text.Mem_Read_I2C3
                0x000000000800b7a8       0x74 ./WISL_WIDM/Drivers/IOIF/IOIF_I2C/Src/ioif_i2c_func.o
                0x000000000800b7a8                Mem_Read_I2C3
 .text.Init_IOIF_Fdcan
                0x000000000800b81c      0x124 ./WISL_WIDM/Drivers/IOIF/Src/ioif_fdcan.o
                0x000000000800b81c                Init_IOIF_Fdcan
 .text.Transmit_IOIF_Fdcan
                0x000000000800b940       0x3c ./WISL_WIDM/Drivers/IOIF/Src/ioif_fdcan.o
                0x000000000800b940                Transmit_IOIF_Fdcan
 .text.HAL_FDCAN_RxFifo0Callback
                0x000000000800b97c       0x88 ./WISL_WIDM/Drivers/IOIF/Src/ioif_fdcan.o
                0x000000000800b97c                HAL_FDCAN_RxFifo0Callback
 .text.Start_TIM3
                0x000000000800ba04       0x14 ./WISL_WIDM/Drivers/IOIF/Src/ioif_tim.o
                0x000000000800ba04                Start_TIM3
 .text.Start_TIM6
                0x000000000800ba18       0x14 ./WISL_WIDM/Drivers/IOIF/Src/ioif_tim.o
                0x000000000800ba18                Start_TIM6
 .text.HAL_TIM_PeriodElapsedCallback
                0x000000000800ba2c       0x54 ./WISL_WIDM/Drivers/IOIF/Src/ioif_tim.o
                0x000000000800ba2c                HAL_TIM_PeriodElapsedCallback
 .text.Reset_Parameters
                0x000000000800ba80       0xe4 ./WISL_WIDM/Framework/Apps/imu_ctrl_task/imu_ctrl_task.o
 .text.Set_Initial_Angle_Values
                0x000000000800bb64       0x46 ./WISL_WIDM/Framework/Apps/imu_ctrl_task/imu_ctrl_task.o
 *fill*         0x000000000800bbaa        0x6 
 .text.Calculate_Initial_Thigh_Angle
                0x000000000800bbb0      0x16c ./WISL_WIDM/Framework/Apps/imu_ctrl_task/imu_ctrl_task.o
 .text.Run_Complementary_Filter
                0x000000000800bd1c       0x3c ./WISL_WIDM/Framework/Apps/imu_ctrl_task/imu_ctrl_task.o
 .text.Run_Normalization_And_Get_Gait_Phase
                0x000000000800bd58       0x70 ./WISL_WIDM/Framework/Apps/imu_ctrl_task/imu_ctrl_task.o
 .text.Reduce_Noise_In_Sensor_Data
                0x000000000800bdc8      0x13c ./WISL_WIDM/Framework/Apps/imu_ctrl_task/imu_ctrl_task.o
 .text.Compute_Phase_Radius
                0x000000000800bf04       0x50 ./WISL_WIDM/Framework/Apps/imu_ctrl_task/imu_ctrl_task.o
 .text.Update_Walking_State
                0x000000000800bf54       0x96 ./WISL_WIDM/Framework/Apps/imu_ctrl_task/imu_ctrl_task.o
 *fill*         0x000000000800bfea        0x2 
 .text.Check_Walking_State
                0x000000000800bfec       0xd0 ./WISL_WIDM/Framework/Apps/imu_ctrl_task/imu_ctrl_task.o
 .text.Setting_Assist_Time
                0x000000000800c0bc       0x22 ./WISL_WIDM/Framework/Apps/imu_ctrl_task/imu_ctrl_task.o
 .text.Update_IMU_Raw_Value
                0x000000000800c0de       0x6e ./WISL_WIDM/Framework/Apps/imu_ctrl_task/imu_ctrl_task.o
 .text.Run_Total_function
                0x000000000800c14c      0x114 ./WISL_WIDM/Framework/Apps/imu_ctrl_task/imu_ctrl_task.o
 .text.Get_State_Callback
                0x000000000800c260       0x3c ./WISL_WIDM/Framework/Apps/imu_ctrl_task/imu_ctrl_task.o
 .text.Set_State_Callback
                0x000000000800c29c       0x3c ./WISL_WIDM/Framework/Apps/imu_ctrl_task/imu_ctrl_task.o
 .text.Get_Routine_Callback
                0x000000000800c2d8       0x7c ./WISL_WIDM/Framework/Apps/imu_ctrl_task/imu_ctrl_task.o
 .text.Set_Routine_Callback
                0x000000000800c354       0xb8 ./WISL_WIDM/Framework/Apps/imu_ctrl_task/imu_ctrl_task.o
 .text.StateOff_Run
                0x000000000800c40c       0x50 ./WISL_WIDM/Framework/Apps/imu_ctrl_task/imu_ctrl_task.o
 .text.StateStandby_Run
                0x000000000800c45c       0x14 ./WISL_WIDM/Framework/Apps/imu_ctrl_task/imu_ctrl_task.o
 .text.StateEnable_Ent
                0x000000000800c470        0xe ./WISL_WIDM/Framework/Apps/imu_ctrl_task/imu_ctrl_task.o
 *fill*         0x000000000800c47e        0x2 
 .text.StateEnable_Run
                0x000000000800c480       0x14 ./WISL_WIDM/Framework/Apps/imu_ctrl_task/imu_ctrl_task.o
 .text.StateEnable_Ext
                0x000000000800c494        0xe ./WISL_WIDM/Framework/Apps/imu_ctrl_task/imu_ctrl_task.o
 .text.StateError_Run
                0x000000000800c4a2        0xe ./WISL_WIDM/Framework/Apps/imu_ctrl_task/imu_ctrl_task.o
 .text.Init_Imu_Ctrl
                0x000000000800c4b0      0x2f4 ./WISL_WIDM/Framework/Apps/imu_ctrl_task/imu_ctrl_task.o
                0x000000000800c4b0                Init_Imu_Ctrl
 .text.Run_Imu_Ctrl
                0x000000000800c7a4       0x44 ./WISL_WIDM/Framework/Apps/imu_ctrl_task/imu_ctrl_task.o
                0x000000000800c7a4                Run_Imu_Ctrl
 .text.Set_Init_Parameters
                0x000000000800c7e8      0x118 ./WISL_WIDM/Framework/Apps/imu_ctrl_task/widm_calculation.o
                0x000000000800c7e8                Set_Init_Parameters
 .text.Save_Previous_Value
                0x000000000800c900       0x68 ./WISL_WIDM/Framework/Apps/imu_ctrl_task/widm_calculation.o
                0x000000000800c900                Save_Previous_Value
 .text.Calculate_Square_Root_Sum
                0x000000000800c968       0x64 ./WISL_WIDM/Framework/Apps/imu_ctrl_task/widm_calculation.o
                0x000000000800c968                Calculate_Square_Root_Sum
 .text.Calculate_Absolute_Value_Float
                0x000000000800c9cc       0x20 ./WISL_WIDM/Framework/Apps/imu_ctrl_task/widm_calculation.o
                0x000000000800c9cc                Calculate_Absolute_Value_Float
 *fill*         0x000000000800c9ec        0x4 
 .text.Calculate_Delta
                0x000000000800c9f0       0x40 ./WISL_WIDM/Framework/Apps/imu_ctrl_task/widm_calculation.o
                0x000000000800c9f0                Calculate_Delta
 .text.Calculate_xbar_Update_mu
                0x000000000800ca30       0xa0 ./WISL_WIDM/Framework/Apps/imu_ctrl_task/widm_calculation.o
                0x000000000800ca30                Calculate_xbar_Update_mu
 .text.Generate_Fuzzy_Input
                0x000000000800cad0       0xc8 ./WISL_WIDM/Framework/Apps/imu_ctrl_task/widm_calculation.o
                0x000000000800cad0                Generate_Fuzzy_Input
 .text.Calculate_Fuzzy_Wc
                0x000000000800cb98       0x96 ./WISL_WIDM/Framework/Apps/imu_ctrl_task/widm_calculation.o
                0x000000000800cb98                Calculate_Fuzzy_Wc
 .text.Perform_LPF_on_Acc
                0x000000000800cc2e       0x62 ./WISL_WIDM/Framework/Apps/imu_ctrl_task/widm_calculation.o
                0x000000000800cc2e                Perform_LPF_on_Acc
 .text.Perform_HPF_on_Gyro
                0x000000000800cc90       0x5a ./WISL_WIDM/Framework/Apps/imu_ctrl_task/widm_calculation.o
                0x000000000800cc90                Perform_HPF_on_Gyro
 *fill*         0x000000000800ccea        0x6 
 .text.Run_TVCF
                0x000000000800ccf0      0x168 ./WISL_WIDM/Framework/Apps/imu_ctrl_task/widm_calculation.o
                0x000000000800ccf0                Run_TVCF
 .text.Get_Max_Float
                0x000000000800ce58       0x38 ./WISL_WIDM/Framework/Apps/imu_ctrl_task/widm_calculation.o
                0x000000000800ce58                Get_Max_Float
 .text.Get_Min_Float
                0x000000000800ce90       0x38 ./WISL_WIDM/Framework/Apps/imu_ctrl_task/widm_calculation.o
                0x000000000800ce90                Get_Min_Float
 .text.Set_First_Half_Gait_Phase_Parameters
                0x000000000800cec8       0xc8 ./WISL_WIDM/Framework/Apps/imu_ctrl_task/widm_calculation.o
                0x000000000800cec8                Set_First_Half_Gait_Phase_Parameters
 .text.Set_Second_Half_Gait_Phase_Parameters
                0x000000000800cf90       0xd2 ./WISL_WIDM/Framework/Apps/imu_ctrl_task/widm_calculation.o
                0x000000000800cf90                Set_Second_Half_Gait_Phase_Parameters
 .text.Prepare_for_Circular_Normalization
                0x000000000800d062       0x72 ./WISL_WIDM/Framework/Apps/imu_ctrl_task/widm_calculation.o
                0x000000000800d062                Prepare_for_Circular_Normalization
 *fill*         0x000000000800d0d4        0x4 
 .text.Get_Current_Gait_Phase
                0x000000000800d0d8      0x178 ./WISL_WIDM/Framework/Apps/imu_ctrl_task/widm_calculation.o
                0x000000000800d0d8                Get_Current_Gait_Phase
 .text.Calculate_Assist_Force_Timing_Params
                0x000000000800d250       0xc4 ./WISL_WIDM/Framework/Apps/imu_ctrl_task/widm_calculation.o
 .text.Set_Assist_Force_Timing_Params
                0x000000000800d314       0xbc ./WISL_WIDM/Framework/Apps/imu_ctrl_task/widm_calculation.o
                0x000000000800d314                Set_Assist_Force_Timing_Params
 .text.Get_Msg_Data_Type_Info
                0x000000000800d3d0       0xec ./WISL_WIDM/Framework/Apps/msg_hdlr_task/msg_data_object.o
                0x000000000800d3d0                Get_Msg_Data_Type_Info
 .text.Create_DOD
                0x000000000800d4bc       0x30 ./WISL_WIDM/Framework/Apps/msg_hdlr_task/msg_data_object.o
                0x000000000800d4bc                Create_DOD
 .text.Create_PDO
                0x000000000800d4ec      0x174 ./WISL_WIDM/Framework/Apps/msg_hdlr_task/msg_data_object.o
                0x000000000800d4ec                Create_PDO
 .text.Create_SDO
                0x000000000800d660      0x120 ./WISL_WIDM/Framework/Apps/msg_hdlr_task/msg_data_object.o
                0x000000000800d660                Create_SDO
 .text.Find_PDO
                0x000000000800d780       0x3c ./WISL_WIDM/Framework/Apps/msg_hdlr_task/msg_data_object.o
                0x000000000800d780                Find_PDO
 .text.Find_SDO
                0x000000000800d7bc       0x40 ./WISL_WIDM/Framework/Apps/msg_hdlr_task/msg_data_object.o
                0x000000000800d7bc                Find_SDO
 .text.Set_PDO  0x000000000800d7fc       0x3a ./WISL_WIDM/Framework/Apps/msg_hdlr_task/msg_data_object.o
                0x000000000800d7fc                Set_PDO
 .text.Get_PDO  0x000000000800d836       0x28 ./WISL_WIDM/Framework/Apps/msg_hdlr_task/msg_data_object.o
                0x000000000800d836                Get_PDO
 .text.Call_SDO
                0x000000000800d85e       0x4e ./WISL_WIDM/Framework/Apps/msg_hdlr_task/msg_data_object.o
                0x000000000800d85e                Call_SDO
 .text.Set_SDO_args
                0x000000000800d8ac       0x7a ./WISL_WIDM/Framework/Apps/msg_hdlr_task/msg_data_object.o
                0x000000000800d8ac                Set_SDO_args
 .text.Convert_Byte_Length
                0x000000000800d926      0x100 ./WISL_WIDM/Framework/Apps/msg_hdlr_task/msg_hdlr_task.o
 .text.Get_Header
                0x000000000800da26       0x2e ./WISL_WIDM/Framework/Apps/msg_hdlr_task/msg_hdlr_task.o
 .text.Recv_EMCY
                0x000000000800da54       0x20 ./WISL_WIDM/Framework/Apps/msg_hdlr_task/msg_hdlr_task.o
 .text.Convert_Bytes_to_SDO_req
                0x000000000800da74       0x78 ./WISL_WIDM/Framework/Apps/msg_hdlr_task/msg_hdlr_task.o
 .text.Read_SDO
                0x000000000800daec      0x1e8 ./WISL_WIDM/Framework/Apps/msg_hdlr_task/msg_hdlr_task.o
 .text.Unpack_SDO
                0x000000000800dcd4       0x70 ./WISL_WIDM/Framework/Apps/msg_hdlr_task/msg_hdlr_task.o
 .text.Convert_SDOres_to_Bytes
                0x000000000800dd44       0x98 ./WISL_WIDM/Framework/Apps/msg_hdlr_task/msg_hdlr_task.o
 .text.Pack_SDO
                0x000000000800dddc      0x160 ./WISL_WIDM/Framework/Apps/msg_hdlr_task/msg_hdlr_task.o
 .text.Send_SDO
                0x000000000800df3c       0x70 ./WISL_WIDM/Framework/Apps/msg_hdlr_task/msg_hdlr_task.o
 .text.Convert_Bytes_to_PDO
                0x000000000800dfac       0x5a ./WISL_WIDM/Framework/Apps/msg_hdlr_task/msg_hdlr_task.o
 .text.Unpack_PDO
                0x000000000800e006       0x70 ./WISL_WIDM/Framework/Apps/msg_hdlr_task/msg_hdlr_task.o
 .text.Convert_PDO_to_Bytes
                0x000000000800e076       0x62 ./WISL_WIDM/Framework/Apps/msg_hdlr_task/msg_hdlr_task.o
 .text.Pack_PDO
                0x000000000800e0d8       0xb0 ./WISL_WIDM/Framework/Apps/msg_hdlr_task/msg_hdlr_task.o
 .text.Send_PDO
                0x000000000800e188       0x94 ./WISL_WIDM/Framework/Apps/msg_hdlr_task/msg_hdlr_task.o
 .text.Ext_Send_PDO
                0x000000000800e21c       0x24 ./WISL_WIDM/Framework/Apps/msg_hdlr_task/msg_hdlr_task.o
 .text.Set_PDO_Dummy
                0x000000000800e240       0x78 ./WISL_WIDM/Framework/Apps/msg_hdlr_task/msg_hdlr_task.o
 .text.Check_Trajectory_Error
                0x000000000800e2b8       0x5c ./WISL_WIDM/Framework/Apps/msg_hdlr_task/msg_hdlr_task.o
 .text.Assemble_Trajectory
                0x000000000800e314       0xc0 ./WISL_WIDM/Framework/Apps/msg_hdlr_task/msg_hdlr_task.o
 .text.Add_PDO_to_Send
                0x000000000800e3d4      0x1b8 ./WISL_WIDM/Framework/Apps/msg_hdlr_task/msg_hdlr_task.o
 .text.Clear_PDO_to_Send
                0x000000000800e58c       0x30 ./WISL_WIDM/Framework/Apps/msg_hdlr_task/msg_hdlr_task.o
 .text.Send_USB_Trick
                0x000000000800e5bc       0x50 ./WISL_WIDM/Framework/Apps/msg_hdlr_task/msg_hdlr_task.o
 .text.Send_MSG
                0x000000000800e60c       0xe0 ./WISL_WIDM/Framework/Apps/msg_hdlr_task/msg_hdlr_task.o
                0x000000000800e60c                Send_MSG
 .text.Fdcan_Rx_Hdlr
                0x000000000800e6ec       0xb0 ./WISL_WIDM/Framework/Apps/msg_hdlr_task/msg_hdlr_task.o
 .text.Get_State_Callback
                0x000000000800e79c       0x3c ./WISL_WIDM/Framework/Apps/msg_hdlr_task/msg_hdlr_task.o
 .text.Set_State_Callback
                0x000000000800e7d8       0x3c ./WISL_WIDM/Framework/Apps/msg_hdlr_task/msg_hdlr_task.o
 .text.Get_Routine_Callback
                0x000000000800e814       0x7c ./WISL_WIDM/Framework/Apps/msg_hdlr_task/msg_hdlr_task.o
 .text.Set_Routine_Callback
                0x000000000800e890       0xb8 ./WISL_WIDM/Framework/Apps/msg_hdlr_task/msg_hdlr_task.o
 .text.Set_Send_PDO_List
                0x000000000800e948       0x60 ./WISL_WIDM/Framework/Apps/msg_hdlr_task/msg_hdlr_task.o
 .text.Set_MS_Enum
                0x000000000800e9a8       0x30 ./WISL_WIDM/Framework/Apps/msg_hdlr_task/msg_hdlr_task.o
 .text.Set_GUI_COMM_OnOff
                0x000000000800e9d8       0x30 ./WISL_WIDM/Framework/Apps/msg_hdlr_task/msg_hdlr_task.o
 .text.Set_GUI_COMM_Command
                0x000000000800ea08       0x30 ./WISL_WIDM/Framework/Apps/msg_hdlr_task/msg_hdlr_task.o
 .text.StateOff_Ent
                0x000000000800ea38       0x28 ./WISL_WIDM/Framework/Apps/msg_hdlr_task/msg_hdlr_task.o
 .text.StateStandby_Ent
                0x000000000800ea60        0xe ./WISL_WIDM/Framework/Apps/msg_hdlr_task/msg_hdlr_task.o
 .text.StateStandby_Run
                0x000000000800ea6e        0xe ./WISL_WIDM/Framework/Apps/msg_hdlr_task/msg_hdlr_task.o
 .text.StateStandby_Ext
                0x000000000800ea7c        0xe ./WISL_WIDM/Framework/Apps/msg_hdlr_task/msg_hdlr_task.o
 *fill*         0x000000000800ea8a        0x2 
 .text.StateEnable_Ent
                0x000000000800ea8c       0x1c ./WISL_WIDM/Framework/Apps/msg_hdlr_task/msg_hdlr_task.o
 .text.StateEnable_Run
                0x000000000800eaa8       0x20 ./WISL_WIDM/Framework/Apps/msg_hdlr_task/msg_hdlr_task.o
 .text.StateEnable_Ext
                0x000000000800eac8       0x28 ./WISL_WIDM/Framework/Apps/msg_hdlr_task/msg_hdlr_task.o
 .text.StateError_Run
                0x000000000800eaf0        0xe ./WISL_WIDM/Framework/Apps/msg_hdlr_task/msg_hdlr_task.o
 *fill*         0x000000000800eafe        0x2 
 .text.Init_Msg_Hdlr
                0x000000000800eb00      0x2c8 ./WISL_WIDM/Framework/Apps/msg_hdlr_task/msg_hdlr_task.o
                0x000000000800eb00                Init_Msg_Hdlr
 .text.Run_Msg_Hdlr
                0x000000000800edc8       0x14 ./WISL_WIDM/Framework/Apps/msg_hdlr_task/msg_hdlr_task.o
                0x000000000800edc8                Run_Msg_Hdlr
 .text.Create_Routine_Entity
                0x000000000800eddc       0x34 ./WISL_WIDM/Framework/Lib/Src/routine.o
                0x000000000800eddc                Create_Routine_Entity
 .text.Init_Routine
                0x000000000800ee10       0x72 ./WISL_WIDM/Framework/Lib/Src/routine.o
                0x000000000800ee10                Init_Routine
 *fill*         0x000000000800ee82        0x2 
 .text.Ent_Routines
                0x000000000800ee84       0x80 ./WISL_WIDM/Framework/Lib/Src/routine.o
                0x000000000800ee84                Ent_Routines
 .text.Run_Routines
                0x000000000800ef04       0x6c ./WISL_WIDM/Framework/Lib/Src/routine.o
                0x000000000800ef04                Run_Routines
 .text.Ext_Routines
                0x000000000800ef70       0x80 ./WISL_WIDM/Framework/Lib/Src/routine.o
                0x000000000800ef70                Ext_Routines
 .text.Clear_Routines
                0x000000000800eff0       0x38 ./WISL_WIDM/Framework/Lib/Src/routine.o
                0x000000000800eff0                Clear_Routines
 .text.Push_Routine
                0x000000000800f028       0x62 ./WISL_WIDM/Framework/Lib/Src/routine.o
                0x000000000800f028                Push_Routine
 *fill*         0x000000000800f08a        0x2 
 .text.Transition_Map
                0x000000000800f08c       0x98 ./WISL_WIDM/Framework/Lib/Src/state_machine.o
 .text.Create_State_Entity
                0x000000000800f124       0x34 ./WISL_WIDM/Framework/Lib/Src/state_machine.o
                0x000000000800f124                Create_State_Entity
 .text.Init_State_Machine
                0x000000000800f158       0x68 ./WISL_WIDM/Framework/Lib/Src/state_machine.o
                0x000000000800f158                Init_State_Machine
 .text.Run_State_Machine
                0x000000000800f1c0       0xe0 ./WISL_WIDM/Framework/Lib/Src/state_machine.o
                0x000000000800f1c0                Run_State_Machine
 .text.Transition_State
                0x000000000800f2a0       0x44 ./WISL_WIDM/Framework/Lib/Src/state_machine.o
                0x000000000800f2a0                Transition_State
 .text.Init_Task
                0x000000000800f2e4       0x24 ./WISL_WIDM/Framework/Lib/Src/task.o
                0x000000000800f2e4                Init_Task
 .text.Run_Task
                0x000000000800f308       0x1a ./WISL_WIDM/Framework/Lib/Src/task.o
                0x000000000800f308                Run_Task
 .text.Set_Task_State_Entity
                0x000000000800f322       0x52 ./WISL_WIDM/Framework/Lib/Src/task.o
                0x000000000800f322                Set_Task_State_Entity
 .text.Set_Task_Routine_Entity
                0x000000000800f374       0x3e ./WISL_WIDM/Framework/Lib/Src/task.o
                0x000000000800f374                Set_Task_Routine_Entity
 *fill*         0x000000000800f3b2        0x2 
 .text.__assert_func
                0x000000000800f3b4       0x3c c:/st/stm32cubeide_1.8.0/stm32cubeide/plugins/com.st.stm32cube.ide.mcu.externaltools.gnu-tools-for-stm32.9-2020-q2-update.win32_2.0.0.202105311346/tools/bin/../lib/gcc/arm-none-eabi/9.3.1/../../../../arm-none-eabi/lib/thumb/v7e-m+dp/hard\libc_nano.a(lib_a-assert.o)
                0x000000000800f3b4                __assert_func
 .text.__errno  0x000000000800f3f0        0xc c:/st/stm32cubeide_1.8.0/stm32cubeide/plugins/com.st.stm32cube.ide.mcu.externaltools.gnu-tools-for-stm32.9-2020-q2-update.win32_2.0.0.202105311346/tools/bin/../lib/gcc/arm-none-eabi/9.3.1/../../../../arm-none-eabi/lib/thumb/v7e-m+dp/hard\libc_nano.a(lib_a-errno.o)
                0x000000000800f3f0                __errno
 .text.fprintf  0x000000000800f3fc       0x24 c:/st/stm32cubeide_1.8.0/stm32cubeide/plugins/com.st.stm32cube.ide.mcu.externaltools.gnu-tools-for-stm32.9-2020-q2-update.win32_2.0.0.202105311346/tools/bin/../lib/gcc/arm-none-eabi/9.3.1/../../../../arm-none-eabi/lib/thumb/v7e-m+dp/hard\libc_nano.a(lib_a-fprintf.o)
                0x000000000800f3fc                fiprintf
                0x000000000800f3fc                fprintf
 .text.__libc_init_array
                0x000000000800f420       0x48 c:/st/stm32cubeide_1.8.0/stm32cubeide/plugins/com.st.stm32cube.ide.mcu.externaltools.gnu-tools-for-stm32.9-2020-q2-update.win32_2.0.0.202105311346/tools/bin/../lib/gcc/arm-none-eabi/9.3.1/../../../../arm-none-eabi/lib/thumb/v7e-m+dp/hard\libc_nano.a(lib_a-init.o)
                0x000000000800f420                __libc_init_array
 .text.malloc   0x000000000800f468       0x10 c:/st/stm32cubeide_1.8.0/stm32cubeide/plugins/com.st.stm32cube.ide.mcu.externaltools.gnu-tools-for-stm32.9-2020-q2-update.win32_2.0.0.202105311346/tools/bin/../lib/gcc/arm-none-eabi/9.3.1/../../../../arm-none-eabi/lib/thumb/v7e-m+dp/hard\libc_nano.a(lib_a-malloc.o)
                0x000000000800f468                malloc
 .text.free     0x000000000800f478       0x10 c:/st/stm32cubeide_1.8.0/stm32cubeide/plugins/com.st.stm32cube.ide.mcu.externaltools.gnu-tools-for-stm32.9-2020-q2-update.win32_2.0.0.202105311346/tools/bin/../lib/gcc/arm-none-eabi/9.3.1/../../../../arm-none-eabi/lib/thumb/v7e-m+dp/hard\libc_nano.a(lib_a-malloc.o)
                0x000000000800f478                free
 .text.memcpy   0x000000000800f488       0x1c c:/st/stm32cubeide_1.8.0/stm32cubeide/plugins/com.st.stm32cube.ide.mcu.externaltools.gnu-tools-for-stm32.9-2020-q2-update.win32_2.0.0.202105311346/tools/bin/../lib/gcc/arm-none-eabi/9.3.1/../../../../arm-none-eabi/lib/thumb/v7e-m+dp/hard\libc_nano.a(lib_a-memcpy-stub.o)
                0x000000000800f488                memcpy
 .text.memset   0x000000000800f4a4       0x10 c:/st/stm32cubeide_1.8.0/stm32cubeide/plugins/com.st.stm32cube.ide.mcu.externaltools.gnu-tools-for-stm32.9-2020-q2-update.win32_2.0.0.202105311346/tools/bin/../lib/gcc/arm-none-eabi/9.3.1/../../../../arm-none-eabi/lib/thumb/v7e-m+dp/hard\libc_nano.a(lib_a-memset.o)
                0x000000000800f4a4                memset
 .text._free_r  0x000000000800f4b4       0xa0 c:/st/stm32cubeide_1.8.0/stm32cubeide/plugins/com.st.stm32cube.ide.mcu.externaltools.gnu-tools-for-stm32.9-2020-q2-update.win32_2.0.0.202105311346/tools/bin/../lib/gcc/arm-none-eabi/9.3.1/../../../../arm-none-eabi/lib/thumb/v7e-m+dp/hard\libc_nano.a(lib_a-nano-freer.o)
                0x000000000800f4b4                _free_r
 .text._malloc_r
                0x000000000800f554       0xb4 c:/st/stm32cubeide_1.8.0/stm32cubeide/plugins/com.st.stm32cube.ide.mcu.externaltools.gnu-tools-for-stm32.9-2020-q2-update.win32_2.0.0.202105311346/tools/bin/../lib/gcc/arm-none-eabi/9.3.1/../../../../arm-none-eabi/lib/thumb/v7e-m+dp/hard\libc_nano.a(lib_a-nano-mallocr.o)
                0x000000000800f554                _malloc_r
 .text.__sfputc_r
                0x000000000800f608       0x2e c:/st/stm32cubeide_1.8.0/stm32cubeide/plugins/com.st.stm32cube.ide.mcu.externaltools.gnu-tools-for-stm32.9-2020-q2-update.win32_2.0.0.202105311346/tools/bin/../lib/gcc/arm-none-eabi/9.3.1/../../../../arm-none-eabi/lib/thumb/v7e-m+dp/hard\libc_nano.a(lib_a-nano-vfprintf.o)
 .text.__sfputs_r
                0x000000000800f636       0x24 c:/st/stm32cubeide_1.8.0/stm32cubeide/plugins/com.st.stm32cube.ide.mcu.externaltools.gnu-tools-for-stm32.9-2020-q2-update.win32_2.0.0.202105311346/tools/bin/../lib/gcc/arm-none-eabi/9.3.1/../../../../arm-none-eabi/lib/thumb/v7e-m+dp/hard\libc_nano.a(lib_a-nano-vfprintf.o)
                0x000000000800f636                __sfputs_r
 *fill*         0x000000000800f65a        0x2 
 .text._vfprintf_r
                0x000000000800f65c      0x260 c:/st/stm32cubeide_1.8.0/stm32cubeide/plugins/com.st.stm32cube.ide.mcu.externaltools.gnu-tools-for-stm32.9-2020-q2-update.win32_2.0.0.202105311346/tools/bin/../lib/gcc/arm-none-eabi/9.3.1/../../../../arm-none-eabi/lib/thumb/v7e-m+dp/hard\libc_nano.a(lib_a-nano-vfprintf.o)
                0x000000000800f65c                _vfprintf_r
                0x000000000800f65c                _vfiprintf_r
 .text._printf_common
                0x000000000800f8bc       0xda c:/st/stm32cubeide_1.8.0/stm32cubeide/plugins/com.st.stm32cube.ide.mcu.externaltools.gnu-tools-for-stm32.9-2020-q2-update.win32_2.0.0.202105311346/tools/bin/../lib/gcc/arm-none-eabi/9.3.1/../../../../arm-none-eabi/lib/thumb/v7e-m+dp/hard\libc_nano.a(lib_a-nano-vfprintf_i.o)
                0x000000000800f8bc                _printf_common
 *fill*         0x000000000800f996        0x2 
 .text._printf_i
                0x000000000800f998      0x24c c:/st/stm32cubeide_1.8.0/stm32cubeide/plugins/com.st.stm32cube.ide.mcu.externaltools.gnu-tools-for-stm32.9-2020-q2-update.win32_2.0.0.202105311346/tools/bin/../lib/gcc/arm-none-eabi/9.3.1/../../../../arm-none-eabi/lib/thumb/v7e-m+dp/hard\libc_nano.a(lib_a-nano-vfprintf_i.o)
                0x000000000800f998                _printf_i
 .text.realloc  0x000000000800fbe4       0x10 c:/st/stm32cubeide_1.8.0/stm32cubeide/plugins/com.st.stm32cube.ide.mcu.externaltools.gnu-tools-for-stm32.9-2020-q2-update.win32_2.0.0.202105311346/tools/bin/../lib/gcc/arm-none-eabi/9.3.1/../../../../arm-none-eabi/lib/thumb/v7e-m+dp/hard\libc_nano.a(lib_a-realloc.o)
                0x000000000800fbe4                realloc
 .text._sbrk_r  0x000000000800fbf4       0x20 c:/st/stm32cubeide_1.8.0/stm32cubeide/plugins/com.st.stm32cube.ide.mcu.externaltools.gnu-tools-for-stm32.9-2020-q2-update.win32_2.0.0.202105311346/tools/bin/../lib/gcc/arm-none-eabi/9.3.1/../../../../arm-none-eabi/lib/thumb/v7e-m+dp/hard\libc_nano.a(lib_a-sbrkr.o)
                0x000000000800fbf4                _sbrk_r
 .text.__swbuf_r
                0x000000000800fc14       0xa4 c:/st/stm32cubeide_1.8.0/stm32cubeide/plugins/com.st.stm32cube.ide.mcu.externaltools.gnu-tools-for-stm32.9-2020-q2-update.win32_2.0.0.202105311346/tools/bin/../lib/gcc/arm-none-eabi/9.3.1/../../../../arm-none-eabi/lib/thumb/v7e-m+dp/hard\libc_nano.a(lib_a-wbuf.o)
                0x000000000800fc14                __swbuf_r
 .text.__swsetup_r
                0x000000000800fcb8       0xdc c:/st/stm32cubeide_1.8.0/stm32cubeide/plugins/com.st.stm32cube.ide.mcu.externaltools.gnu-tools-for-stm32.9-2020-q2-update.win32_2.0.0.202105311346/tools/bin/../lib/gcc/arm-none-eabi/9.3.1/../../../../arm-none-eabi/lib/thumb/v7e-m+dp/hard\libc_nano.a(lib_a-wsetup.o)
                0x000000000800fcb8                __swsetup_r
 .text.abort    0x000000000800fd94        0xe c:/st/stm32cubeide_1.8.0/stm32cubeide/plugins/com.st.stm32cube.ide.mcu.externaltools.gnu-tools-for-stm32.9-2020-q2-update.win32_2.0.0.202105311346/tools/bin/../lib/gcc/arm-none-eabi/9.3.1/../../../../arm-none-eabi/lib/thumb/v7e-m+dp/hard\libc_nano.a(lib_a-abort.o)
                0x000000000800fd94                abort
 *fill*         0x000000000800fda2        0x2 
 .text.__sflush_r
                0x000000000800fda4      0x10c c:/st/stm32cubeide_1.8.0/stm32cubeide/plugins/com.st.stm32cube.ide.mcu.externaltools.gnu-tools-for-stm32.9-2020-q2-update.win32_2.0.0.202105311346/tools/bin/../lib/gcc/arm-none-eabi/9.3.1/../../../../arm-none-eabi/lib/thumb/v7e-m+dp/hard\libc_nano.a(lib_a-fflush.o)
                0x000000000800fda4                __sflush_r
 .text._fflush_r
                0x000000000800feb0       0x78 c:/st/stm32cubeide_1.8.0/stm32cubeide/plugins/com.st.stm32cube.ide.mcu.externaltools.gnu-tools-for-stm32.9-2020-q2-update.win32_2.0.0.202105311346/tools/bin/../lib/gcc/arm-none-eabi/9.3.1/../../../../arm-none-eabi/lib/thumb/v7e-m+dp/hard\libc_nano.a(lib_a-fflush.o)
                0x000000000800feb0                _fflush_r
 .text.std      0x000000000800ff28       0x48 c:/st/stm32cubeide_1.8.0/stm32cubeide/plugins/com.st.stm32cube.ide.mcu.externaltools.gnu-tools-for-stm32.9-2020-q2-update.win32_2.0.0.202105311346/tools/bin/../lib/gcc/arm-none-eabi/9.3.1/../../../../arm-none-eabi/lib/thumb/v7e-m+dp/hard\libc_nano.a(lib_a-findfp.o)
 .text._cleanup_r
                0x000000000800ff70        0xc c:/st/stm32cubeide_1.8.0/stm32cubeide/plugins/com.st.stm32cube.ide.mcu.externaltools.gnu-tools-for-stm32.9-2020-q2-update.win32_2.0.0.202105311346/tools/bin/../lib/gcc/arm-none-eabi/9.3.1/../../../../arm-none-eabi/lib/thumb/v7e-m+dp/hard\libc_nano.a(lib_a-findfp.o)
                0x000000000800ff70                _cleanup_r
 .text.__sfmoreglue
                0x000000000800ff7c       0x2c c:/st/stm32cubeide_1.8.0/stm32cubeide/plugins/com.st.stm32cube.ide.mcu.externaltools.gnu-tools-for-stm32.9-2020-q2-update.win32_2.0.0.202105311346/tools/bin/../lib/gcc/arm-none-eabi/9.3.1/../../../../arm-none-eabi/lib/thumb/v7e-m+dp/hard\libc_nano.a(lib_a-findfp.o)
                0x000000000800ff7c                __sfmoreglue
 .text.__sfp_lock_acquire
                0x000000000800ffa8        0xc c:/st/stm32cubeide_1.8.0/stm32cubeide/plugins/com.st.stm32cube.ide.mcu.externaltools.gnu-tools-for-stm32.9-2020-q2-update.win32_2.0.0.202105311346/tools/bin/../lib/gcc/arm-none-eabi/9.3.1/../../../../arm-none-eabi/lib/thumb/v7e-m+dp/hard\libc_nano.a(lib_a-findfp.o)
                0x000000000800ffa8                __sfp_lock_acquire
 .text.__sfp_lock_release
                0x000000000800ffb4        0xc c:/st/stm32cubeide_1.8.0/stm32cubeide/plugins/com.st.stm32cube.ide.mcu.externaltools.gnu-tools-for-stm32.9-2020-q2-update.win32_2.0.0.202105311346/tools/bin/../lib/gcc/arm-none-eabi/9.3.1/../../../../arm-none-eabi/lib/thumb/v7e-m+dp/hard\libc_nano.a(lib_a-findfp.o)
                0x000000000800ffb4                __sfp_lock_release
 .text.__sinit_lock_acquire
                0x000000000800ffc0        0xc c:/st/stm32cubeide_1.8.0/stm32cubeide/plugins/com.st.stm32cube.ide.mcu.externaltools.gnu-tools-for-stm32.9-2020-q2-update.win32_2.0.0.202105311346/tools/bin/../lib/gcc/arm-none-eabi/9.3.1/../../../../arm-none-eabi/lib/thumb/v7e-m+dp/hard\libc_nano.a(lib_a-findfp.o)
                0x000000000800ffc0                __sinit_lock_acquire
 .text.__sinit_lock_release
                0x000000000800ffcc        0xc c:/st/stm32cubeide_1.8.0/stm32cubeide/plugins/com.st.stm32cube.ide.mcu.externaltools.gnu-tools-for-stm32.9-2020-q2-update.win32_2.0.0.202105311346/tools/bin/../lib/gcc/arm-none-eabi/9.3.1/../../../../arm-none-eabi/lib/thumb/v7e-m+dp/hard\libc_nano.a(lib_a-findfp.o)
                0x000000000800ffcc                __sinit_lock_release
 .text.__sinit  0x000000000800ffd8       0x70 c:/st/stm32cubeide_1.8.0/stm32cubeide/plugins/com.st.stm32cube.ide.mcu.externaltools.gnu-tools-for-stm32.9-2020-q2-update.win32_2.0.0.202105311346/tools/bin/../lib/gcc/arm-none-eabi/9.3.1/../../../../arm-none-eabi/lib/thumb/v7e-m+dp/hard\libc_nano.a(lib_a-findfp.o)
                0x000000000800ffd8                __sinit
 .text.__sfp    0x0000000008010048       0x8c c:/st/stm32cubeide_1.8.0/stm32cubeide/plugins/com.st.stm32cube.ide.mcu.externaltools.gnu-tools-for-stm32.9-2020-q2-update.win32_2.0.0.202105311346/tools/bin/../lib/gcc/arm-none-eabi/9.3.1/../../../../arm-none-eabi/lib/thumb/v7e-m+dp/hard\libc_nano.a(lib_a-findfp.o)
                0x0000000008010048                __sfp
 .text._fwalk_reent
                0x00000000080100d4       0x3e c:/st/stm32cubeide_1.8.0/stm32cubeide/plugins/com.st.stm32cube.ide.mcu.externaltools.gnu-tools-for-stm32.9-2020-q2-update.win32_2.0.0.202105311346/tools/bin/../lib/gcc/arm-none-eabi/9.3.1/../../../../arm-none-eabi/lib/thumb/v7e-m+dp/hard\libc_nano.a(lib_a-fwalk.o)
                0x00000000080100d4                _fwalk_reent
 .text.__retarget_lock_init_recursive
                0x0000000008010112        0x2 c:/st/stm32cubeide_1.8.0/stm32cubeide/plugins/com.st.stm32cube.ide.mcu.externaltools.gnu-tools-for-stm32.9-2020-q2-update.win32_2.0.0.202105311346/tools/bin/../lib/gcc/arm-none-eabi/9.3.1/../../../../arm-none-eabi/lib/thumb/v7e-m+dp/hard\libc_nano.a(lib_a-lock.o)
                0x0000000008010112                __retarget_lock_init_recursive
 .text.__retarget_lock_acquire_recursive
                0x0000000008010114        0x2 c:/st/stm32cubeide_1.8.0/stm32cubeide/plugins/com.st.stm32cube.ide.mcu.externaltools.gnu-tools-for-stm32.9-2020-q2-update.win32_2.0.0.202105311346/tools/bin/../lib/gcc/arm-none-eabi/9.3.1/../../../../arm-none-eabi/lib/thumb/v7e-m+dp/hard\libc_nano.a(lib_a-lock.o)
                0x0000000008010114                __retarget_lock_acquire_recursive
 .text.__retarget_lock_release_recursive
                0x0000000008010116        0x2 c:/st/stm32cubeide_1.8.0/stm32cubeide/plugins/com.st.stm32cube.ide.mcu.externaltools.gnu-tools-for-stm32.9-2020-q2-update.win32_2.0.0.202105311346/tools/bin/../lib/gcc/arm-none-eabi/9.3.1/../../../../arm-none-eabi/lib/thumb/v7e-m+dp/hard\libc_nano.a(lib_a-lock.o)
                0x0000000008010116                __retarget_lock_release_recursive
 .text.__swhatbuf_r
                0x0000000008010118       0x48 c:/st/stm32cubeide_1.8.0/stm32cubeide/plugins/com.st.stm32cube.ide.mcu.externaltools.gnu-tools-for-stm32.9-2020-q2-update.win32_2.0.0.202105311346/tools/bin/../lib/gcc/arm-none-eabi/9.3.1/../../../../arm-none-eabi/lib/thumb/v7e-m+dp/hard\libc_nano.a(lib_a-makebuf.o)
                0x0000000008010118                __swhatbuf_r
 .text.__smakebuf_r
                0x0000000008010160       0x80 c:/st/stm32cubeide_1.8.0/stm32cubeide/plugins/com.st.stm32cube.ide.mcu.externaltools.gnu-tools-for-stm32.9-2020-q2-update.win32_2.0.0.202105311346/tools/bin/../lib/gcc/arm-none-eabi/9.3.1/../../../../arm-none-eabi/lib/thumb/v7e-m+dp/hard\libc_nano.a(lib_a-makebuf.o)
                0x0000000008010160                __smakebuf_r
 .text.__malloc_lock
                0x00000000080101e0        0xc c:/st/stm32cubeide_1.8.0/stm32cubeide/plugins/com.st.stm32cube.ide.mcu.externaltools.gnu-tools-for-stm32.9-2020-q2-update.win32_2.0.0.202105311346/tools/bin/../lib/gcc/arm-none-eabi/9.3.1/../../../../arm-none-eabi/lib/thumb/v7e-m+dp/hard\libc_nano.a(lib_a-mlock.o)
                0x00000000080101e0                __malloc_lock
 .text.__malloc_unlock
                0x00000000080101ec        0xc c:/st/stm32cubeide_1.8.0/stm32cubeide/plugins/com.st.stm32cube.ide.mcu.externaltools.gnu-tools-for-stm32.9-2020-q2-update.win32_2.0.0.202105311346/tools/bin/../lib/gcc/arm-none-eabi/9.3.1/../../../../arm-none-eabi/lib/thumb/v7e-m+dp/hard\libc_nano.a(lib_a-mlock.o)
                0x00000000080101ec                __malloc_unlock
 .text._realloc_r
                0x00000000080101f8       0x4c c:/st/stm32cubeide_1.8.0/stm32cubeide/plugins/com.st.stm32cube.ide.mcu.externaltools.gnu-tools-for-stm32.9-2020-q2-update.win32_2.0.0.202105311346/tools/bin/../lib/gcc/arm-none-eabi/9.3.1/../../../../arm-none-eabi/lib/thumb/v7e-m+dp/hard\libc_nano.a(lib_a-nano-reallocr.o)
                0x00000000080101f8                _realloc_r
 .text._raise_r
                0x0000000008010244       0x50 c:/st/stm32cubeide_1.8.0/stm32cubeide/plugins/com.st.stm32cube.ide.mcu.externaltools.gnu-tools-for-stm32.9-2020-q2-update.win32_2.0.0.202105311346/tools/bin/../lib/gcc/arm-none-eabi/9.3.1/../../../../arm-none-eabi/lib/thumb/v7e-m+dp/hard\libc_nano.a(lib_a-signal.o)
                0x0000000008010244                _raise_r
 .text.raise    0x0000000008010294       0x10 c:/st/stm32cubeide_1.8.0/stm32cubeide/plugins/com.st.stm32cube.ide.mcu.externaltools.gnu-tools-for-stm32.9-2020-q2-update.win32_2.0.0.202105311346/tools/bin/../lib/gcc/arm-none-eabi/9.3.1/../../../../arm-none-eabi/lib/thumb/v7e-m+dp/hard\libc_nano.a(lib_a-signal.o)
                0x0000000008010294                raise
 .text._kill_r  0x00000000080102a4       0x24 c:/st/stm32cubeide_1.8.0/stm32cubeide/plugins/com.st.stm32cube.ide.mcu.externaltools.gnu-tools-for-stm32.9-2020-q2-update.win32_2.0.0.202105311346/tools/bin/../lib/gcc/arm-none-eabi/9.3.1/../../../../arm-none-eabi/lib/thumb/v7e-m+dp/hard\libc_nano.a(lib_a-signalr.o)
                0x00000000080102a4                _kill_r
 .text._getpid_r
                0x00000000080102c8        0x4 c:/st/stm32cubeide_1.8.0/stm32cubeide/plugins/com.st.stm32cube.ide.mcu.externaltools.gnu-tools-for-stm32.9-2020-q2-update.win32_2.0.0.202105311346/tools/bin/../lib/gcc/arm-none-eabi/9.3.1/../../../../arm-none-eabi/lib/thumb/v7e-m+dp/hard\libc_nano.a(lib_a-signalr.o)
                0x00000000080102c8                _getpid_r
 .text.__sread  0x00000000080102cc       0x22 c:/st/stm32cubeide_1.8.0/stm32cubeide/plugins/com.st.stm32cube.ide.mcu.externaltools.gnu-tools-for-stm32.9-2020-q2-update.win32_2.0.0.202105311346/tools/bin/../lib/gcc/arm-none-eabi/9.3.1/../../../../arm-none-eabi/lib/thumb/v7e-m+dp/hard\libc_nano.a(lib_a-stdio.o)
                0x00000000080102cc                __sread
 .text.__swrite
                0x00000000080102ee       0x38 c:/st/stm32cubeide_1.8.0/stm32cubeide/plugins/com.st.stm32cube.ide.mcu.externaltools.gnu-tools-for-stm32.9-2020-q2-update.win32_2.0.0.202105311346/tools/bin/../lib/gcc/arm-none-eabi/9.3.1/../../../../arm-none-eabi/lib/thumb/v7e-m+dp/hard\libc_nano.a(lib_a-stdio.o)
                0x00000000080102ee                __swrite
 .text.__sseek  0x0000000008010326       0x24 c:/st/stm32cubeide_1.8.0/stm32cubeide/plugins/com.st.stm32cube.ide.mcu.externaltools.gnu-tools-for-stm32.9-2020-q2-update.win32_2.0.0.202105311346/tools/bin/../lib/gcc/arm-none-eabi/9.3.1/../../../../arm-none-eabi/lib/thumb/v7e-m+dp/hard\libc_nano.a(lib_a-stdio.o)
                0x0000000008010326                __sseek
 .text.__sclose
                0x000000000801034a        0x8 c:/st/stm32cubeide_1.8.0/stm32cubeide/plugins/com.st.stm32cube.ide.mcu.externaltools.gnu-tools-for-stm32.9-2020-q2-update.win32_2.0.0.202105311346/tools/bin/../lib/gcc/arm-none-eabi/9.3.1/../../../../arm-none-eabi/lib/thumb/v7e-m+dp/hard\libc_nano.a(lib_a-stdio.o)
                0x000000000801034a                __sclose
 *fill*         0x0000000008010352        0x2 
 .text._write_r
                0x0000000008010354       0x24 c:/st/stm32cubeide_1.8.0/stm32cubeide/plugins/com.st.stm32cube.ide.mcu.externaltools.gnu-tools-for-stm32.9-2020-q2-update.win32_2.0.0.202105311346/tools/bin/../lib/gcc/arm-none-eabi/9.3.1/../../../../arm-none-eabi/lib/thumb/v7e-m+dp/hard\libc_nano.a(lib_a-writer.o)
                0x0000000008010354                _write_r
 .text._close_r
                0x0000000008010378       0x20 c:/st/stm32cubeide_1.8.0/stm32cubeide/plugins/com.st.stm32cube.ide.mcu.externaltools.gnu-tools-for-stm32.9-2020-q2-update.win32_2.0.0.202105311346/tools/bin/../lib/gcc/arm-none-eabi/9.3.1/../../../../arm-none-eabi/lib/thumb/v7e-m+dp/hard\libc_nano.a(lib_a-closer.o)
                0x0000000008010378                _close_r
 .text._fstat_r
                0x0000000008010398       0x24 c:/st/stm32cubeide_1.8.0/stm32cubeide/plugins/com.st.stm32cube.ide.mcu.externaltools.gnu-tools-for-stm32.9-2020-q2-update.win32_2.0.0.202105311346/tools/bin/../lib/gcc/arm-none-eabi/9.3.1/../../../../arm-none-eabi/lib/thumb/v7e-m+dp/hard\libc_nano.a(lib_a-fstatr.o)
                0x0000000008010398                _fstat_r
 .text._isatty_r
                0x00000000080103bc       0x20 c:/st/stm32cubeide_1.8.0/stm32cubeide/plugins/com.st.stm32cube.ide.mcu.externaltools.gnu-tools-for-stm32.9-2020-q2-update.win32_2.0.0.202105311346/tools/bin/../lib/gcc/arm-none-eabi/9.3.1/../../../../arm-none-eabi/lib/thumb/v7e-m+dp/hard\libc_nano.a(lib_a-isattyr.o)
                0x00000000080103bc                _isatty_r
 .text._lseek_r
                0x00000000080103dc       0x24 c:/st/stm32cubeide_1.8.0/stm32cubeide/plugins/com.st.stm32cube.ide.mcu.externaltools.gnu-tools-for-stm32.9-2020-q2-update.win32_2.0.0.202105311346/tools/bin/../lib/gcc/arm-none-eabi/9.3.1/../../../../arm-none-eabi/lib/thumb/v7e-m+dp/hard\libc_nano.a(lib_a-lseekr.o)
                0x00000000080103dc                _lseek_r
 .text._malloc_usable_size_r
                0x0000000008010400       0x10 c:/st/stm32cubeide_1.8.0/stm32cubeide/plugins/com.st.stm32cube.ide.mcu.externaltools.gnu-tools-for-stm32.9-2020-q2-update.win32_2.0.0.202105311346/tools/bin/../lib/gcc/arm-none-eabi/9.3.1/../../../../arm-none-eabi/lib/thumb/v7e-m+dp/hard\libc_nano.a(lib_a-nano-msizer.o)
                0x0000000008010400                _malloc_usable_size_r
 .text._read_r  0x0000000008010410       0x24 c:/st/stm32cubeide_1.8.0/stm32cubeide/plugins/com.st.stm32cube.ide.mcu.externaltools.gnu-tools-for-stm32.9-2020-q2-update.win32_2.0.0.202105311346/tools/bin/../lib/gcc/arm-none-eabi/9.3.1/../../../../arm-none-eabi/lib/thumb/v7e-m+dp/hard\libc_nano.a(lib_a-readr.o)
                0x0000000008010410                _read_r
 .text.checkint
                0x0000000008010434       0x6a c:/st/stm32cubeide_1.8.0/stm32cubeide/plugins/com.st.stm32cube.ide.mcu.externaltools.gnu-tools-for-stm32.9-2020-q2-update.win32_2.0.0.202105311346/tools/bin/../lib/gcc/arm-none-eabi/9.3.1/../../../../arm-none-eabi/lib/thumb/v7e-m+dp/hard\libm.a(lib_a-pow.o)
 *fill*         0x000000000801049e        0x2 
 .text.pow      0x00000000080104a0      0x584 c:/st/stm32cubeide_1.8.0/stm32cubeide/plugins/com.st.stm32cube.ide.mcu.externaltools.gnu-tools-for-stm32.9-2020-q2-update.win32_2.0.0.202105311346/tools/bin/../lib/gcc/arm-none-eabi/9.3.1/../../../../arm-none-eabi/lib/thumb/v7e-m+dp/hard\libm.a(lib_a-pow.o)
                0x00000000080104a0                pow
 *fill*         0x0000000008010a24        0x4 
 .text.atan     0x0000000008010a28      0x1f4 c:/st/stm32cubeide_1.8.0/stm32cubeide/plugins/com.st.stm32cube.ide.mcu.externaltools.gnu-tools-for-stm32.9-2020-q2-update.win32_2.0.0.202105311346/tools/bin/../lib/gcc/arm-none-eabi/9.3.1/../../../../arm-none-eabi/lib/thumb/v7e-m+dp/hard\libm.a(lib_a-s_atan.o)
                0x0000000008010a28                atan
 .text.fabs     0x0000000008010c1c       0x12 c:/st/stm32cubeide_1.8.0/stm32cubeide/plugins/com.st.stm32cube.ide.mcu.externaltools.gnu-tools-for-stm32.9-2020-q2-update.win32_2.0.0.202105311346/tools/bin/../lib/gcc/arm-none-eabi/9.3.1/../../../../arm-none-eabi/lib/thumb/v7e-m+dp/hard\libm.a(lib_a-s_fabs.o)
                0x0000000008010c1c                fabs
 *fill*         0x0000000008010c2e        0x2 
 .text.tanh     0x0000000008010c30       0xac c:/st/stm32cubeide_1.8.0/stm32cubeide/plugins/com.st.stm32cube.ide.mcu.externaltools.gnu-tools-for-stm32.9-2020-q2-update.win32_2.0.0.202105311346/tools/bin/../lib/gcc/arm-none-eabi/9.3.1/../../../../arm-none-eabi/lib/thumb/v7e-m+dp/hard\libm.a(lib_a-s_tanh.o)
                0x0000000008010c30                tanh
 .text.atan2    0x0000000008010cdc        0x4 c:/st/stm32cubeide_1.8.0/stm32cubeide/plugins/com.st.stm32cube.ide.mcu.externaltools.gnu-tools-for-stm32.9-2020-q2-update.win32_2.0.0.202105311346/tools/bin/../lib/gcc/arm-none-eabi/9.3.1/../../../../arm-none-eabi/lib/thumb/v7e-m+dp/hard\libm.a(lib_a-w_atan2.o)
                0x0000000008010cdc                atan2
 .text.sqrt     0x0000000008010ce0       0x54 c:/st/stm32cubeide_1.8.0/stm32cubeide/plugins/com.st.stm32cube.ide.mcu.externaltools.gnu-tools-for-stm32.9-2020-q2-update.win32_2.0.0.202105311346/tools/bin/../lib/gcc/arm-none-eabi/9.3.1/../../../../arm-none-eabi/lib/thumb/v7e-m+dp/hard\libm.a(lib_a-w_sqrt.o)
                0x0000000008010ce0                sqrt
 *fill*         0x0000000008010d34        0x4 