Archive member included to satisfy reference by file (symbol)

c:/st/stm32cubeide_1.8.0/stm32cubeide/plugins/com.st.stm32cube.ide.mcu.externaltools.gnu-tools-for-stm32.9-2020-q2-update.win32_2.0.0.202105311346/tools/bin/../lib/gcc/arm-none-eabi/9.3.1/../../../../arm-none-eabi/lib/thumb/v7e-m+dp/hard\libc_nano.a(lib_a-assert.o)
                              ./WISL_WIDM/Framework/Apps/msg_hdlr_task/msg_hdlr_task.o (__assert_func)
c:/st/stm32cubeide_1.8.0/stm32cubeide/plugins/com.st.stm32cube.ide.mcu.externaltools.gnu-tools-for-stm32.9-2020-q2-update.win32_2.0.0.202105311346/tools/bin/../lib/gcc/arm-none-eabi/9.3.1/../../../../arm-none-eabi/lib/thumb/v7e-m+dp/hard\libc_nano.a(lib_a-errno.o)
                              ./Core/Src/syscalls.o (__errno)
c:/st/stm32cubeide_1.8.0/stm32cubeide/plugins/com.st.stm32cube.ide.mcu.externaltools.gnu-tools-for-stm32.9-2020-q2-update.win32_2.0.0.202105311346/tools/bin/../lib/gcc/arm-none-eabi/9.3.1/../../../../arm-none-eabi/lib/thumb/v7e-m+dp/hard\libc_nano.a(lib_a-exit.o)
                              c:/st/stm32cubeide_1.8.0/stm32cubeide/plugins/com.st.stm32cube.ide.mcu.externaltools.gnu-tools-for-stm32.9-2020-q2-update.win32_2.0.0.202105311346/tools/bin/../lib/gcc/arm-none-eabi/9.3.1/../../../../arm-none-eabi/lib/thumb/v7e-m+dp/hard/crt0.o (exit)
c:/st/stm32cubeide_1.8.0/stm32cubeide/plugins/com.st.stm32cube.ide.mcu.externaltools.gnu-tools-for-stm32.9-2020-q2-update.win32_2.0.0.202105311346/tools/bin/../lib/gcc/arm-none-eabi/9.3.1/../../../../arm-none-eabi/lib/thumb/v7e-m+dp/hard\libc_nano.a(lib_a-fprintf.o)
                              c:/st/stm32cubeide_1.8.0/stm32cubeide/plugins/com.st.stm32cube.ide.mcu.externaltools.gnu-tools-for-stm32.9-2020-q2-update.win32_2.0.0.202105311346/tools/bin/../lib/gcc/arm-none-eabi/9.3.1/../../../../arm-none-eabi/lib/thumb/v7e-m+dp/hard\libc_nano.a(lib_a-assert.o) (fiprintf)
c:/st/stm32cubeide_1.8.0/stm32cubeide/plugins/com.st.stm32cube.ide.mcu.externaltools.gnu-tools-for-stm32.9-2020-q2-update.win32_2.0.0.202105311346/tools/bin/../lib/gcc/arm-none-eabi/9.3.1/../../../../arm-none-eabi/lib/thumb/v7e-m+dp/hard\libc_nano.a(lib_a-impure.o)
                              c:/st/stm32cubeide_1.8.0/stm32cubeide/plugins/com.st.stm32cube.ide.mcu.externaltools.gnu-tools-for-stm32.9-2020-q2-update.win32_2.0.0.202105311346/tools/bin/../lib/gcc/arm-none-eabi/9.3.1/../../../../arm-none-eabi/lib/thumb/v7e-m+dp/hard\libc_nano.a(lib_a-exit.o) (_global_impure_ptr)
c:/st/stm32cubeide_1.8.0/stm32cubeide/plugins/com.st.stm32cube.ide.mcu.externaltools.gnu-tools-for-stm32.9-2020-q2-update.win32_2.0.0.202105311346/tools/bin/../lib/gcc/arm-none-eabi/9.3.1/../../../../arm-none-eabi/lib/thumb/v7e-m+dp/hard\libc_nano.a(lib_a-init.o)
                              c:/st/stm32cubeide_1.8.0/stm32cubeide/plugins/com.st.stm32cube.ide.mcu.externaltools.gnu-tools-for-stm32.9-2020-q2-update.win32_2.0.0.202105311346/tools/bin/../lib/gcc/arm-none-eabi/9.3.1/../../../../arm-none-eabi/lib/thumb/v7e-m+dp/hard/crt0.o (__libc_init_array)
c:/st/stm32cubeide_1.8.0/stm32cubeide/plugins/com.st.stm32cube.ide.mcu.externaltools.gnu-tools-for-stm32.9-2020-q2-update.win32_2.0.0.202105311346/tools/bin/../lib/gcc/arm-none-eabi/9.3.1/../../../../arm-none-eabi/lib/thumb/v7e-m+dp/hard\libc_nano.a(lib_a-malloc.o)
                              ./WISL_WIDM/Framework/Apps/imu_ctrl_task/imu_ctrl_task.o (malloc)
c:/st/stm32cubeide_1.8.0/stm32cubeide/plugins/com.st.stm32cube.ide.mcu.externaltools.gnu-tools-for-stm32.9-2020-q2-update.win32_2.0.0.202105311346/tools/bin/../lib/gcc/arm-none-eabi/9.3.1/../../../../arm-none-eabi/lib/thumb/v7e-m+dp/hard\libc_nano.a(lib_a-memcpy-stub.o)
                              ./Drivers/STM32H7xx_HAL_Driver/Src/stm32h7xx_hal_fdcan.o (memcpy)
c:/st/stm32cubeide_1.8.0/stm32cubeide/plugins/com.st.stm32cube.ide.mcu.externaltools.gnu-tools-for-stm32.9-2020-q2-update.win32_2.0.0.202105311346/tools/bin/../lib/gcc/arm-none-eabi/9.3.1/../../../../arm-none-eabi/lib/thumb/v7e-m+dp/hard\libc_nano.a(lib_a-memset.o)
                              c:/st/stm32cubeide_1.8.0/stm32cubeide/plugins/com.st.stm32cube.ide.mcu.externaltools.gnu-tools-for-stm32.9-2020-q2-update.win32_2.0.0.202105311346/tools/bin/../lib/gcc/arm-none-eabi/9.3.1/../../../../arm-none-eabi/lib/thumb/v7e-m+dp/hard/crt0.o (memset)
c:/st/stm32cubeide_1.8.0/stm32cubeide/plugins/com.st.stm32cube.ide.mcu.externaltools.gnu-tools-for-stm32.9-2020-q2-update.win32_2.0.0.202105311346/tools/bin/../lib/gcc/arm-none-eabi/9.3.1/../../../../arm-none-eabi/lib/thumb/v7e-m+dp/hard\libc_nano.a(lib_a-nano-freer.o)
                              c:/st/stm32cubeide_1.8.0/stm32cubeide/plugins/com.st.stm32cube.ide.mcu.externaltools.gnu-tools-for-stm32.9-2020-q2-update.win32_2.0.0.202105311346/tools/bin/../lib/gcc/arm-none-eabi/9.3.1/../../../../arm-none-eabi/lib/thumb/v7e-m+dp/hard\libc_nano.a(lib_a-malloc.o) (_free_r)
[...]
Memory Configuration

Name             Origin             Length             Attributes
FLASH            0x0000000008000000 0x0000000000020000 xr
DTCMRAM          0x0000000020000000 0x0000000000020000 xrw
RAM_D1           0x0000000024000000 0x0000000000080000 xrw
RAM_D2           0x0000000030000000 0x0000000000048000 xrw
RAM_D3           0x0000000038000000 0x0000000000010000 xrw
ITCMRAM          0x0000000000000000 0x0000000000010000 xrw
*default*        0x0000000000000000 0xffffffffffffffff

Linker script and memory map

LOAD c:/st/stm32cubeide_1.8.0/stm32cubeide/plugins/com.st.stm32cube.ide.mcu.externaltools.gnu-tools-for-stm32.9-2020-q2-update.win32_2.0.0.202105311346/tools/bin/../lib/gcc/arm-none-eabi/9.3.1/thumb/v7e-m+dp/hard/crti.o
LOAD c:/st/stm32cubeide_1.8.0/stm32cubeide/plugins/com.st.stm32cube.ide.mcu.externaltools.gnu-tools-for-stm32.9-2020-q2-update.win32_2.0.0.202105311346/tools/bin/../lib/gcc/arm-none-eabi/9.3.1/thumb/v7e-m+dp/hard/crtbegin.o
LOAD c:/st/stm32cubeide_1.8.0/stm32cubeide/plugins/com.st.stm32cube.ide.mcu.externaltools.gnu-tools-for-stm32.9-2020-q2-update.win32_2.0.0.202105311346/tools/bin/../lib/gcc/arm-none-eabi/9.3.1/../../../../arm-none-eabi/lib/thumb/v7e-m+dp/hard/crt0.o
LOAD ./Core/Src/fdcan.o
LOAD ./Core/Src/gpio.o
LOAD ./Core/Src/i2c.o
LOAD ./Core/Src/main.o
LOAD ./Core/Src/stm32h7xx_hal_msp.o
LOAD ./Core/Src/stm32h7xx_it.o
LOAD ./Core/Src/syscalls.o
LOAD ./Core/Src/sysmem.o
LOAD ./Core/Src/system_stm32h7xx.o
LOAD ./Core/Src/tim.o
LOAD ./Core/Startup/startup_stm32h750vbtx.o
LOAD ./Drivers/STM32H7xx_HAL_Driver/Src/stm32h7xx_hal.o
LOAD ./Drivers/STM32H7xx_HAL_Driver/Src/stm32h7xx_hal_cortex.o
LOAD ./Drivers/STM32H7xx_HAL_Driver/Src/stm32h7xx_hal_dma.o
LOAD ./Drivers/STM32H7xx_HAL_Driver/Src/stm32h7xx_hal_dma_ex.o
LOAD ./Drivers/STM32H7xx_HAL_Driver/Src/stm32h7xx_hal_exti.o
LOAD ./Drivers/STM32H7xx_HAL_Driver/Src/stm32h7xx_hal_fdcan.o
LOAD ./Drivers/STM32H7xx_HAL_Driver/Src/stm32h7xx_hal_flash.o
LOAD ./Drivers/STM32H7xx_HAL_Driver/Src/stm32h7xx_hal_flash_ex.o
LOAD ./Drivers/STM32H7xx_HAL_Driver/Src/stm32h7xx_hal_gpio.o
LOAD ./Drivers/STM32H7xx_HAL_Driver/Src/stm32h7xx_hal_hsem.o
LOAD ./Drivers/STM32H7xx_HAL_Driver/Src/stm32h7xx_hal_i2c.o
LOAD ./Drivers/STM32H7xx_HAL_Driver/Src/stm32h7xx_hal_i2c_ex.o
LOAD ./Drivers/STM32H7xx_HAL_Driver/Src/stm32h7xx_hal_mdma.o
LOAD ./Drivers/STM32H7xx_HAL_Driver/Src/stm32h7xx_hal_pwr.o
LOAD ./Drivers/STM32H7xx_HAL_Driver/Src/stm32h7xx_hal_pwr_ex.o
LOAD ./Drivers/STM32H7xx_HAL_Driver/Src/stm32h7xx_hal_rcc.o
LOAD ./Drivers/STM32H7xx_HAL_Driver/Src/stm32h7xx_hal_rcc_ex.o
LOAD ./Drivers/STM32H7xx_HAL_Driver/Src/stm32h7xx_hal_tim.o
LOAD ./Drivers/STM32H7xx_HAL_Driver/Src/stm32h7xx_hal_tim_ex.o
LOAD ./WISL_WIDM/Drivers/BSP/BM1422AGMV/Src/bsp_bm1422agmv.o
LOAD ./WISL_WIDM/Drivers/BSP/BumbleBee/BumbleBee.o
LOAD ./WISL_WIDM/Drivers/BSP/BumbleBee/object_dictionaries.o
LOAD ./WISL_WIDM/Drivers/BSP/ICM20608G/Src/bsp_icm20608G.o
LOAD ./WISL_WIDM/Drivers/IOIF/IOIF_I2C/Src/ioif_3axis_imu.o
LOAD ./WISL_WIDM/Drivers/IOIF/IOIF_I2C/Src/ioif_6axis_imu.o
LOAD ./WISL_WIDM/Drivers/IOIF/IOIF_I2C/Src/ioif_i2c_func.o
LOAD ./WISL_WIDM/Drivers/IOIF/Src/ioif_fdcan.o
LOAD ./WISL_WIDM/Drivers/IOIF/Src/ioif_gpio.o
LOAD ./WISL_WIDM/Drivers/IOIF/Src/ioif_tim.o
LOAD ./WISL_WIDM/Framework/Apps/imu_ctrl_task/imu_ctrl_task.o
LOAD ./WISL_WIDM/Framework/Apps/imu_ctrl_task/widm_calculation.o
LOAD ./WISL_WIDM/Framework/Apps/msg_hdlr_task/msg_data_object.o
LOAD ./WISL_WIDM/Framework/Apps/msg_hdlr_task/msg_hdlr_task.o
LOAD ./WISL_WIDM/Framework/Lib/Src/routine.o
LOAD ./WISL_WIDM/Framework/Lib/Src/state_machine.o
LOAD ./WISL_WIDM/Framework/Lib/Src/task.o
START GROUP
LOAD c:/st/stm32cubeide_1.8.0/stm32cubeide/plugins/com.st.stm32cube.ide.mcu.externaltools.gnu-tools-for-stm32.9-2020-q2-update.win32_2.0.0.202105311346/tools/bin/../lib/gcc/arm-none-eabi/9.3.1/../../../../arm-none-eabi/lib/thumb/v7e-m+dp/hard\libc_nano.a
LOAD c:/st/stm32cubeide_1.8.0/stm32cubeide/plugins/com.st.stm32cube.ide.mcu.externaltools.gnu-tools-for-stm32.9-2020-q2-update.win32_2.0.0.202105311346/tools/bin/../lib/gcc/arm-none-eabi/9.3.1/../../../../arm-none-eabi/lib/thumb/v7e-m+dp/hard\libm.a
END GROUP
START GROUP
LOAD c:/st/stm32cubeide_1.8.0/stm32cubeide/plugins/com.st.stm32cube.ide.mcu.externaltools.gnu-tools-for-stm32.9-2020-q2-update.win32_2.0.0.202105311346/tools/bin/../lib/gcc/arm-none-eabi/9.3.1/thumb/v7e-m+dp/hard\libgcc.a
LOAD c:/st/stm32cubeide_1.8.0/stm32cubeide/plugins/com.st.stm32cube.ide.mcu.externaltools.gnu-tools-for-stm32.9-2020-q2-update.win32_2.0.0.202105311346/tools/bin/../lib/gcc/arm-none-eabi/9.3.1/../../../../arm-none-eabi/lib/thumb/v7e-m+dp/hard\libc_nano.a
END GROUP
START GROUP
LOAD c:/st/stm32cubeide_1.8.0/stm32cubeide/plugins/com.st.stm32cube.ide.mcu.externaltools.gnu-tools-for-stm32.9-2020-q2-update.win32_2.0.0.202105311346/tools/bin/../lib/gcc/arm-none-eabi/9.3.1/thumb/v7e-m+dp/hard\libgcc.a
LOAD c:/st/stm32cubeide_1.8.0/stm32cubeide/plugins/com.st.stm32cube.ide.mcu.externaltools.gnu-tools-for-stm32.9-2020-q2-update.win32_2.0.0.202105311346/tools/bin/../lib/gcc/arm-none-eabi/9.3.1/../../../../arm-none-eabi/lib/thumb/v7e-m+dp/hard\libc_nano.a
LOAD c:/st/stm32cubeide_1.8.0/stm32cubeide/plugins/com.st.stm32cube.ide.mcu.externaltools.gnu-tools-for-stm32.9-2020-q2-update.win32_2.0.0.202105311346/tools/bin/../lib/gcc/arm-none-eabi/9.3.1/../../../../arm-none-eabi/lib/thumb/v7e-m+dp/hard\libnosys.a
END GROUP
START GROUP
LOAD c:/st/stm32cubeide_1.8.0/stm32cubeide/plugins/com.st.stm32cube.ide.mcu.externaltools.gnu-tools-for-stm32.9-2020-q2-update.win32_2.0.0.202105311346/tools/bin/../lib/gcc/arm-none-eabi/9.3.1/thumb/v7e-m+dp/hard\libgcc.a
LOAD c:/st/stm32cubeide_1.8.0/stm32cubeide/plugins/com.st.stm32cube.ide.mcu.externaltools.gnu-tools-for-stm32.9-2020-q2-update.win32_2.0.0.202105311346/tools/bin/../lib/gcc/arm-none-eabi/9.3.1/../../../../arm-none-eabi/lib/thumb/v7e-m+dp/hard\libc_nano.a
LOAD c:/st/stm32cubeide_1.8.0/stm32cubeide/plugins/com.st.stm32cube.ide.mcu.externaltools.gnu-tools-for-stm32.9-2020-q2-update.win32_2.0.0.202105311346/tools/bin/../lib/gcc/arm-none-eabi/9.3.1/../../../../arm-none-eabi/lib/thumb/v7e-m+dp/hard\libnosys.a
END GROUP
LOAD c:/st/stm32cubeide_1.8.0/stm32cubeide/plugins/com.st.stm32cube.ide.mcu.externaltools.gnu-tools-for-stm32.9-2020-q2-update.win32_2.0.0.202105311346/tools/bin/../lib/gcc/arm-none-eabi/9.3.1/thumb/v7e-m+dp/hard/crtend.o
LOAD c:/st/stm32cubeide_1.8.0/stm32cubeide/plugins/com.st.stm32cube.ide.mcu.externaltools.gnu-tools-for-stm32.9-2020-q2-update.win32_2.0.0.202105311346/tools/bin/../lib/gcc/arm-none-eabi/9.3.1/thumb/v7e-m+dp/hard/crtn.o
                0x0000000024080000                _estack = (ORIGIN (RAM_D1) + LENGTH (RAM_D1))
                0x0000000000000200                _Min_Heap_Size = 0x200
                0x0000000000000400                _Min_Stack_Size = 0x400

.isr_vector     0x0000000008000000      0x298
                0x0000000008000000                . = ALIGN (0x4)
 *(.isr_vector)
 .isr_vector    0x0000000008000000      0x298 ./Core/Startup/startup_stm32h750vbtx.o
                0x0000000008000000                g_pfnVectors
                0x0000000008000298                . = ALIGN (0x4)

.text           0x0000000008000298     0xb454
                0x0000000008000298                . = ALIGN (0x4)
 *(.text)
 .text          0x0000000008000298       0x40 c:/st/stm32cubeide_1.8.0/stm32cubeide/plugins/com.st.stm32cube.ide.mcu.externaltools.gnu-tools-for-stm32.9-2020-q2-update.win32_2.0.0.202105311346/tools/bin/../lib/gcc/arm-none-eabi/9.3.1/thumb/v7e-m+dp/hard/crtbegin.o
 *(.text*)
 .text.MX_FDCAN1_Init
                0x00000000080002d8       0xcc ./Core/Src/fdcan.o
                0x00000000080002d8                MX_FDCAN1_Init
 .text.HAL_FDCAN_MspInit
                0x00000000080003a4       0xfc ./Core/Src/fdcan.o
                0x00000000080003a4                HAL_FDCAN_MspInit
 .text.MX_GPIO_Init
                0x00000000080004a0      0x19c ./Core/Src/gpio.o
                0x00000000080004a0                MX_GPIO_Init
 .text.MX_I2C1_Init
                0x000000000800063c       0x80 ./Core/Src/i2c.o
                0x000000000800063c                MX_I2C1_Init
 .text.MX_I2C3_Init
                0x00000000080006bc       0x80 ./Core/Src/i2c.o
                0x00000000080006bc                MX_I2C3_Init
 .text.HAL_I2C_MspInit
                0x000000000800073c      0x1d0 ./Core/Src/i2c.o
                0x000000000800073c                HAL_I2C_MspInit
 .text.main     0x000000000800090c      0x10c ./Core/Src/main.o
                0x000000000800090c                main
 .text.SystemClock_Config
                0x0000000008000a18       0xf4 ./Core/Src/main.o
                0x0000000008000a18                SystemClock_Config
 .text.MPU_Config
                0x0000000008000b0c       0x5a ./Core/Src/main.o
 .text.Error_Handler
                0x0000000008000b66        0xa ./Core/Src/main.o
                0x0000000008000b66                Error_Handler
 .text.HAL_MspInit
                0x0000000008000b70       0x34 ./Core/Src/stm32h7xx_hal_msp.o
                0x0000000008000b70                HAL_MspInit
 .text.NMI_Handler
                0x0000000008000ba4        0x6 ./Core/Src/stm32h7xx_it.o
                0x0000000008000ba4                NMI_Handler
 .text.HardFault_Handler
                0x0000000008000baa        0x6 ./Core/Src/stm32h7xx_it.o
                0x0000000008000baa                HardFault_Handler
 .text.MemManage_Handler
                0x0000000008000bb0        0x6 ./Core/Src/stm32h7xx_it.o
                0x0000000008000bb0                MemManage_Handler
 .text.BusFault_Handler
                0x0000000008000bb6        0x6 ./Core/Src/stm32h7xx_it.o
                0x0000000008000bb6                BusFault_Handler
 .text.UsageFault_Handler
                0x0000000008000bbc        0x6 ./Core/Src/stm32h7xx_it.o
                0x0000000008000bbc                UsageFault_Handler
 .text.SVC_Handler
                0x0000000008000bc2        0xe ./Core/Src/stm32h7xx_it.o
                0x0000000008000bc2                SVC_Handler
 .text.DebugMon_Handler
                0x0000000008000bd0        0xe ./Core/Src/stm32h7xx_it.o
                0x0000000008000bd0                DebugMon_Handler
 .text.PendSV_Handler
                0x0000000008000bde        0xe ./Core/Src/stm32h7xx_it.o
                0x0000000008000bde                PendSV_Handler
 .text.SysTick_Handler
                0x0000000008000bec        0xc ./Core/Src/stm32h7xx_it.o
                0x0000000008000bec                SysTick_Handler
 .text.FDCAN1_IT0_IRQHandler
                0x0000000008000bf8       0x14 ./Core/Src/stm32h7xx_it.o
                0x0000000008000bf8                FDCAN1_IT0_IRQHandler
 .text.FDCAN1_IT1_IRQHandler
                0x0000000008000c0c       0x14 ./Core/Src/stm32h7xx_it.o
                0x0000000008000c0c                FDCAN1_IT1_IRQHandler
 .text.TIM3_IRQHandler
                0x0000000008000c20       0x14 ./Core/Src/stm32h7xx_it.o
                0x0000000008000c20                TIM3_IRQHandler
 .text.I2C1_EV_IRQHandler
                0x0000000008000c34       0x14 ./Core/Src/stm32h7xx_it.o
                0x0000000008000c34                I2C1_EV_IRQHandler
 .text.TIM6_DAC_IRQHandler
                0x0000000008000c48       0x14 ./Core/Src/stm32h7xx_it.o
                0x0000000008000c48                TIM6_DAC_IRQHandler
 .text.FDCAN_CAL_IRQHandler
                0x0000000008000c5c       0x14 ./Core/Src/stm32h7xx_it.o
                0x0000000008000c5c                FDCAN_CAL_IRQHandler
 .text.I2C3_EV_IRQHandler
                0x0000000008000c70       0x14 ./Core/Src/stm32h7xx_it.o
                0x0000000008000c70                I2C3_EV_IRQHandler
 .text._sbrk    0x0000000008000c84       0x6c ./Core/Src/sysmem.o
                0x0000000008000c84                _sbrk
 .text.SystemInit
                0x0000000008000cf0      0x110 ./Core/Src/system_stm32h7xx.o
                0x0000000008000cf0                SystemInit
 .text.MX_TIM3_Init
                0x0000000008000e00       0x9c ./Core/Src/tim.o
                0x0000000008000e00                MX_TIM3_Init
 .text.MX_TIM6_Init
                0x0000000008000e9c       0x6c ./Core/Src/tim.o
                0x0000000008000e9c                MX_TIM6_Init
 .text.HAL_TIM_Base_MspInit
                0x0000000008000f08       0x90 ./Core/Src/tim.o
                0x0000000008000f08                HAL_TIM_Base_MspInit
 .text.Reset_Handler
                0x0000000008000f98       0x50 ./Core/Startup/startup_stm32h750vbtx.o
                0x0000000008000f98                Reset_Handler
 .text.Default_Handler
                0x0000000008000fe8        0x2 ./Core/Startup/startup_stm32h750vbtx.o
                0x0000000008000fe8                RTC_Alarm_IRQHandler
                0x0000000008000fe8                HASH_RNG_IRQHandler
                0x0000000008000fe8                EXTI2_IRQHandler
                0x0000000008000fe8                TIM8_CC_IRQHandler
                0x0000000008000fe8                HRTIM1_Master_IRQHandler
                0x0000000008000fe8                UART8_IRQHandler
                0x0000000008000fe8                SPI4_IRQHandler
                0x0000000008000fe8                TIM1_CC_IRQHandler
                0x0000000008000fe8                BDMA_Channel6_IRQHandler
                0x0000000008000fe8                DMA2_Stream5_IRQHandler
                0x0000000008000fe8                HRTIM1_FLT_IRQHandler
                0x0000000008000fe8                JPEG_IRQHandler
                0x0000000008000fe8                DMA1_Stream5_IRQHandler
                0x0000000008000fe8                BDMA_Channel1_IRQHandler
                0x0000000008000fe8                HRTIM1_TIMD_IRQHandler
                0x0000000008000fe8                TAMP_STAMP_IRQHandler
                0x0000000008000fe8                EXTI3_IRQHandler
                0x0000000008000fe8                LPTIM4_IRQHandler
                0x0000000008000fe8                TIM8_TRG_COM_TIM14_IRQHandler
                0x0000000008000fe8                LPTIM2_IRQHandler
                0x0000000008000fe8                DFSDM1_FLT1_IRQHandler
                0x0000000008000fe8                DMAMUX2_OVR_IRQHandler
                0x0000000008000fe8                TIM8_UP_TIM13_IRQHandler
                0x0000000008000fe8                I2C3_ER_IRQHandler
                0x0000000008000fe8                DFSDM1_FLT2_IRQHandler
                0x0000000008000fe8                MDMA_IRQHandler
                0x0000000008000fe8                LPTIM3_IRQHandler
                0x0000000008000fe8                HSEM1_IRQHandler
                0x0000000008000fe8                EXTI0_IRQHandler
                0x0000000008000fe8                I2C2_EV_IRQHandler
                0x0000000008000fe8                DMA1_Stream2_IRQHandler
                0x0000000008000fe8                FPU_IRQHandler
                0x0000000008000fe8                OTG_HS_WKUP_IRQHandler
                0x0000000008000fe8                LTDC_ER_IRQHandler
                0x0000000008000fe8                DMA2_Stream2_IRQHandler
                0x0000000008000fe8                HRTIM1_TIME_IRQHandler
                0x0000000008000fe8                SPI1_IRQHandler
                0x0000000008000fe8                DCMI_IRQHandler
                0x0000000008000fe8                HRTIM1_TIMC_IRQHandler
                0x0000000008000fe8                DMA2_Stream3_IRQHandler
                0x0000000008000fe8                SAI2_IRQHandler
                0x0000000008000fe8                DFSDM1_FLT3_IRQHandler
                0x0000000008000fe8                USART6_IRQHandler
                0x0000000008000fe8                TIM17_IRQHandler
                0x0000000008000fe8                USART3_IRQHandler
                0x0000000008000fe8                BDMA_Channel7_IRQHandler
                0x0000000008000fe8                CRYP_IRQHandler
                0x0000000008000fe8                LPTIM5_IRQHandler
                0x0000000008000fe8                UART5_IRQHandler
                0x0000000008000fe8                ADC3_IRQHandler
                0x0000000008000fe8                DMA2_Stream0_IRQHandler
                0x0000000008000fe8                TIM4_IRQHandler
                0x0000000008000fe8                BDMA_Channel2_IRQHandler
                0x0000000008000fe8                QUADSPI_IRQHandler
                0x0000000008000fe8                DMA1_Stream6_IRQHandler
                0x0000000008000fe8                DMAMUX1_OVR_IRQHandler
                0x0000000008000fe8                DMA1_Stream1_IRQHandler
                0x0000000008000fe8                TIM16_IRQHandler
                0x0000000008000fe8                UART4_IRQHandler
                0x0000000008000fe8                BDMA_Channel5_IRQHandler
                0x0000000008000fe8                RCC_IRQHandler
                0x0000000008000fe8                TIM8_BRK_TIM12_IRQHandler
                0x0000000008000fe8                TIM1_TRG_COM_IRQHandler
                0x0000000008000fe8                Default_Handler
                0x0000000008000fe8                ECC_IRQHandler
                0x0000000008000fe8                CEC_IRQHandler
                0x0000000008000fe8                EXTI15_10_IRQHandler
                0x0000000008000fe8                BDMA_Channel0_IRQHandler
                0x0000000008000fe8                ADC_IRQHandler
                0x0000000008000fe8                DMA1_Stream7_IRQHandler
                0x0000000008000fe8                HRTIM1_TIMA_IRQHandler
                0x0000000008000fe8                SPI5_IRQHandler
                0x0000000008000fe8                TIM7_IRQHandler
                0x0000000008000fe8                SDMMC1_IRQHandler
                0x0000000008000fe8                TIM5_IRQHandler
                0x0000000008000fe8                DMA2_Stream7_IRQHandler
                0x0000000008000fe8                TIM15_IRQHandler
                0x0000000008000fe8                PVD_AVD_IRQHandler
                0x0000000008000fe8                EXTI9_5_IRQHandler
                0x0000000008000fe8                RTC_WKUP_IRQHandler
                0x0000000008000fe8                LTDC_IRQHandler
                0x0000000008000fe8                SAI3_IRQHandler
                0x0000000008000fe8                ETH_WKUP_IRQHandler
                0x0000000008000fe8                SPDIF_RX_IRQHandler
                0x0000000008000fe8                SPI2_IRQHandler
                0x0000000008000fe8                OTG_HS_EP1_IN_IRQHandler
                0x0000000008000fe8                DMA1_Stream0_IRQHandler
                0x0000000008000fe8                CRS_IRQHandler
                0x0000000008000fe8                EXTI4_IRQHandler
                0x0000000008000fe8                HRTIM1_TIMB_IRQHandler
                0x0000000008000fe8                FDCAN2_IT1_IRQHandler
                0x0000000008000fe8                ETH_IRQHandler
                0x0000000008000fe8                TIM1_UP_IRQHandler
                0x0000000008000fe8                BDMA_Channel4_IRQHandler
                0x0000000008000fe8                OTG_HS_EP1_OUT_IRQHandler
                0x0000000008000fe8                WWDG_IRQHandler
                0x0000000008000fe8                SPI6_IRQHandler
                0x0000000008000fe8                MDIOS_IRQHandler
                0x0000000008000fe8                I2C4_EV_IRQHandler
                0x0000000008000fe8                FDCAN2_IT0_IRQHandler
                0x0000000008000fe8                LPUART1_IRQHandler
                0x0000000008000fe8                TIM2_IRQHandler
                0x0000000008000fe8                OTG_FS_WKUP_IRQHandler
                0x0000000008000fe8                OTG_HS_IRQHandler
                0x0000000008000fe8                DMA2D_IRQHandler
                0x0000000008000fe8                TIM1_BRK_IRQHandler
                0x0000000008000fe8                EXTI1_IRQHandler
                0x0000000008000fe8                SDMMC2_IRQHandler
                0x0000000008000fe8                OTG_FS_EP1_OUT_IRQHandler
                0x0000000008000fe8                BDMA_Channel3_IRQHandler
                0x0000000008000fe8                UART7_IRQHandler
                0x0000000008000fe8                MDIOS_WKUP_IRQHandler
                0x0000000008000fe8                USART2_IRQHandler
                0x0000000008000fe8                DFSDM1_FLT0_IRQHandler
                0x0000000008000fe8                SAI4_IRQHandler
                0x0000000008000fe8                I2C2_ER_IRQHandler
                0x0000000008000fe8                DMA2_Stream1_IRQHandler
                0x0000000008000fe8                FLASH_IRQHandler
                0x0000000008000fe8                DMA2_Stream4_IRQHandler
                0x0000000008000fe8                USART1_IRQHandler
                0x0000000008000fe8                OTG_FS_IRQHandler
                0x0000000008000fe8                SPI3_IRQHandler
                0x0000000008000fe8                WAKEUP_PIN_IRQHandler
                0x0000000008000fe8                DMA1_Stream4_IRQHandler
                0x0000000008000fe8                OTG_FS_EP1_IN_IRQHandler
                0x0000000008000fe8                I2C1_ER_IRQHandler
                0x0000000008000fe8                FMC_IRQHandler
                0x0000000008000fe8                SWPMI1_IRQHandler
                0x0000000008000fe8                COMP1_IRQHandler
                0x0000000008000fe8                LPTIM1_IRQHandler
                0x0000000008000fe8                I2C4_ER_IRQHandler
                0x0000000008000fe8                DMA2_Stream6_IRQHandler
                0x0000000008000fe8                SAI1_IRQHandler
                0x0000000008000fe8                DMA1_Stream3_IRQHandler
 *fill*         0x0000000008000fea        0x2 
 .text.HAL_Init
                0x0000000008000fec       0x78 ./Drivers/STM32H7xx_HAL_Driver/Src/stm32h7xx_hal.o
                0x0000000008000fec                HAL_Init
 .text.HAL_InitTick
                0x0000000008001064       0x6c ./Drivers/STM32H7xx_HAL_Driver/Src/stm32h7xx_hal.o
                0x0000000008001064                HAL_InitTick
 .text.HAL_IncTick
                0x00000000080010d0       0x28 ./Drivers/STM32H7xx_HAL_Driver/Src/stm32h7xx_hal.o
                0x00000000080010d0                HAL_IncTick
 .text.HAL_GetTick
                0x00000000080010f8       0x18 ./Drivers/STM32H7xx_HAL_Driver/Src/stm32h7xx_hal.o
                0x00000000080010f8                HAL_GetTick
 .text.HAL_GetREVID
                0x0000000008001110       0x18 ./Drivers/STM32H7xx_HAL_Driver/Src/stm32h7xx_hal.o
                0x0000000008001110                HAL_GetREVID
 .text.__NVIC_SetPriorityGrouping
                0x0000000008001128       0x48 ./Drivers/STM32H7xx_HAL_Driver/Src/stm32h7xx_hal_cortex.o
 .text.__NVIC_GetPriorityGrouping
                0x0000000008001170       0x1c ./Drivers/STM32H7xx_HAL_Driver/Src/stm32h7xx_hal_cortex.o
 .text.__NVIC_EnableIRQ
                0x000000000800118c       0x3c ./Drivers/STM32H7xx_HAL_Driver/Src/stm32h7xx_hal_cortex.o
 .text.__NVIC_SetPriority
                0x00000000080011c8       0x54 ./Drivers/STM32H7xx_HAL_Driver/Src/stm32h7xx_hal_cortex.o
 .text.NVIC_EncodePriority
                0x000000000800121c       0x66 ./Drivers/STM32H7xx_HAL_Driver/Src/stm32h7xx_hal_cortex.o
 *fill*         0x0000000008001282        0x2 
 .text.SysTick_Config
                0x0000000008001284       0x44 ./Drivers/STM32H7xx_HAL_Driver/Src/stm32h7xx_hal_cortex.o
 .text.HAL_NVIC_SetPriorityGrouping
                0x00000000080012c8       0x16 ./Drivers/STM32H7xx_HAL_Driver/Src/stm32h7xx_hal_cortex.o
                0x00000000080012c8                HAL_NVIC_SetPriorityGrouping
 .text.HAL_NVIC_SetPriority
                0x00000000080012de       0x34 ./Drivers/STM32H7xx_HAL_Driver/Src/stm32h7xx_hal_cortex.o
                0x00000000080012de                HAL_NVIC_SetPriority
 .text.HAL_NVIC_EnableIRQ
                0x0000000008001312       0x1c ./Drivers/STM32H7xx_HAL_Driver/Src/stm32h7xx_hal_cortex.o
                0x0000000008001312                HAL_NVIC_EnableIRQ
 .text.HAL_SYSTICK_Config
                0x000000000800132e       0x18 ./Drivers/STM32H7xx_HAL_Driver/Src/stm32h7xx_hal_cortex.o
                0x000000000800132e                HAL_SYSTICK_Config
 *fill*         0x0000000008001346        0x2 
 .text.HAL_MPU_Disable
                0x0000000008001348       0x30 ./Drivers/STM32H7xx_HAL_Driver/Src/stm32h7xx_hal_cortex.o
                0x0000000008001348                HAL_MPU_Disable
 .text.HAL_MPU_Enable
                0x0000000008001378       0x40 ./Drivers/STM32H7xx_HAL_Driver/Src/stm32h7xx_hal_cortex.o
                0x0000000008001378                HAL_MPU_Enable
 .text.HAL_MPU_ConfigRegion
                0x00000000080013b8       0x88 ./Drivers/STM32H7xx_HAL_Driver/Src/stm32h7xx_hal_cortex.o
                0x00000000080013b8                HAL_MPU_ConfigRegion
 .text.HAL_FDCAN_Init
                0x0000000008001440      0x3c4 ./Drivers/STM32H7xx_HAL_Driver/Src/stm32h7xx_hal_fdcan.o
                0x0000000008001440                HAL_FDCAN_Init
 .text.HAL_FDCAN_GetRxMessage
                0x0000000008001804      0x2dc ./Drivers/STM32H7xx_HAL_Driver/Src/stm32h7xx_hal_fdcan.o
                0x0000000008001804                HAL_FDCAN_GetRxMessage
 .text.HAL_FDCAN_IRQHandler
                0x0000000008001ae0      0x4bc ./Drivers/STM32H7xx_HAL_Driver/Src/stm32h7xx_hal_fdcan.o
                0x0000000008001ae0                HAL_FDCAN_IRQHandler
 .text.HAL_FDCAN_ClockCalibrationCallback
                0x0000000008001f9c       0x16 ./Drivers/STM32H7xx_HAL_Driver/Src/stm32h7xx_hal_fdcan.o
                0x0000000008001f9c                HAL_FDCAN_ClockCalibrationCallback
 .text.HAL_FDCAN_TxEventFifoCallback
                0x0000000008001fb2       0x16 ./Drivers/STM32H7xx_HAL_Driver/Src/stm32h7xx_hal_fdcan.o
                0x0000000008001fb2                HAL_FDCAN_TxEventFifoCallback
 .text.HAL_FDCAN_RxFifo1Callback
                0x0000000008001fc8       0x16 ./Drivers/STM32H7xx_HAL_Driver/Src/stm32h7xx_hal_fdcan.o
                0x0000000008001fc8                HAL_FDCAN_RxFifo1Callback
 .text.HAL_FDCAN_TxFifoEmptyCallback
                0x0000000008001fde       0x14 ./Drivers/STM32H7xx_HAL_Driver/Src/stm32h7xx_hal_fdcan.o
                0x0000000008001fde                HAL_FDCAN_TxFifoEmptyCallback
 .text.HAL_FDCAN_TxBufferCompleteCallback
                0x0000000008001ff2       0x16 ./Drivers/STM32H7xx_HAL_Driver/Src/stm32h7xx_hal_fdcan.o
                0x0000000008001ff2                HAL_FDCAN_TxBufferCompleteCallback
 .text.HAL_FDCAN_TxBufferAbortCallback
                0x0000000008002008       0x16 ./Drivers/STM32H7xx_HAL_Driver/Src/stm32h7xx_hal_fdcan.o
                0x0000000008002008                HAL_FDCAN_TxBufferAbortCallback
 .text.HAL_FDCAN_RxBufferNewMessageCallback
                0x000000000800201e       0x14 ./Drivers/STM32H7xx_HAL_Driver/Src/stm32h7xx_hal_fdcan.o
                0x000000000800201e                HAL_FDCAN_RxBufferNewMessageCallback
 .text.HAL_FDCAN_TimestampWraparoundCallback
                0x0000000008002032       0x14 ./Drivers/STM32H7xx_HAL_Driver/Src/stm32h7xx_hal_fdcan.o
                0x0000000008002032                HAL_FDCAN_TimestampWraparoundCallback
 .text.HAL_FDCAN_TimeoutOccurredCallback
                0x0000000008002046       0x14 ./Drivers/STM32H7xx_HAL_Driver/Src/stm32h7xx_hal_fdcan.o
                0x0000000008002046                HAL_FDCAN_TimeoutOccurredCallback
 .text.HAL_FDCAN_HighPriorityMessageCallback
                0x000000000800205a       0x14 ./Drivers/STM32H7xx_HAL_Driver/Src/stm32h7xx_hal_fdcan.o
                0x000000000800205a                HAL_FDCAN_HighPriorityMessageCallback
 .text.HAL_FDCAN_ErrorCallback
                0x000000000800206e       0x14 ./Drivers/STM32H7xx_HAL_Driver/Src/stm32h7xx_hal_fdcan.o
                0x000000000800206e                HAL_FDCAN_ErrorCallback
 .text.HAL_FDCAN_ErrorStatusCallback
                0x0000000008002082       0x16 ./Drivers/STM32H7xx_HAL_Driver/Src/stm32h7xx_hal_fdcan.o
                0x0000000008002082                HAL_FDCAN_ErrorStatusCallback
 .text.HAL_FDCAN_TT_ScheduleSyncCallback
                0x0000000008002098       0x16 ./Drivers/STM32H7xx_HAL_Driver/Src/stm32h7xx_hal_fdcan.o
                0x0000000008002098                HAL_FDCAN_TT_ScheduleSyncCallback
 .text.HAL_FDCAN_TT_TimeMarkCallback
                0x00000000080020ae       0x16 ./Drivers/STM32H7xx_HAL_Driver/Src/stm32h7xx_hal_fdcan.o
                0x00000000080020ae                HAL_FDCAN_TT_TimeMarkCallback
 .text.HAL_FDCAN_TT_StopWatchCallback
                0x00000000080020c4       0x18 ./Drivers/STM32H7xx_HAL_Driver/Src/stm32h7xx_hal_fdcan.o
                0x00000000080020c4                HAL_FDCAN_TT_StopWatchCallback
 .text.HAL_FDCAN_TT_GlobalTimeCallback
                0x00000000080020dc       0x16 ./Drivers/STM32H7xx_HAL_Driver/Src/stm32h7xx_hal_fdcan.o
                0x00000000080020dc                HAL_FDCAN_TT_GlobalTimeCallback
 *fill*         0x00000000080020f2        0x2 
 .text.FDCAN_CalcultateRamBlockAddresses
                0x00000000080020f4      0x30c ./Drivers/STM32H7xx_HAL_Driver/Src/stm32h7xx_hal_fdcan.o
 .text.HAL_GPIO_Init
                0x0000000008002400      0x360 ./Drivers/STM32H7xx_HAL_Driver/Src/stm32h7xx_hal_gpio.o
                0x0000000008002400                HAL_GPIO_Init
 .text.HAL_GPIO_WritePin
                0x0000000008002760       0x32 ./Drivers/STM32H7xx_HAL_Driver/Src/stm32h7xx_hal_gpio.o
                0x0000000008002760                HAL_GPIO_WritePin
 *fill*         0x0000000008002792        0x2 
 .text.HAL_I2C_Init
                0x0000000008002794      0x120 ./Drivers/STM32H7xx_HAL_Driver/Src/stm32h7xx_hal_i2c.o
                0x0000000008002794                HAL_I2C_Init
 .text.HAL_I2C_Mem_Write
                0x00000000080028b4      0x228 ./Drivers/STM32H7xx_HAL_Driver/Src/stm32h7xx_hal_i2c.o
                0x00000000080028b4                HAL_I2C_Mem_Write
 .text.HAL_I2C_Mem_Read
                0x0000000008002adc      0x234 ./Drivers/STM32H7xx_HAL_Driver/Src/stm32h7xx_hal_i2c.o
                0x0000000008002adc                HAL_I2C_Mem_Read
 .text.HAL_I2C_IsDeviceReady
                0x0000000008002d10      0x210 ./Drivers/STM32H7xx_HAL_Driver/Src/stm32h7xx_hal_i2c.o
                0x0000000008002d10                HAL_I2C_IsDeviceReady
 .text.HAL_I2C_EV_IRQHandler
                0x0000000008002f20       0x34 ./Drivers/STM32H7xx_HAL_Driver/Src/stm32h7xx_hal_i2c.o
                0x0000000008002f20                HAL_I2C_EV_IRQHandler
 .text.I2C_RequestMemoryWrite
                0x0000000008002f54       0xa8 ./Drivers/STM32H7xx_HAL_Driver/Src/stm32h7xx_hal_i2c.o
 .text.I2C_RequestMemoryRead
                0x0000000008002ffc       0xa8 ./Drivers/STM32H7xx_HAL_Driver/Src/stm32h7xx_hal_i2c.o
 .text.I2C_Flush_TXDR
                0x00000000080030a4       0x48 ./Drivers/STM32H7xx_HAL_Driver/Src/stm32h7xx_hal_i2c.o
 .text.I2C_WaitOnFlagUntilTimeout
                0x00000000080030ec       0x80 ./Drivers/STM32H7xx_HAL_Driver/Src/stm32h7xx_hal_i2c.o
 .text.I2C_WaitOnTXISFlagUntilTimeout
                0x000000000800316c       0x80 ./Drivers/STM32H7xx_HAL_Driver/Src/stm32h7xx_hal_i2c.o
 .text.I2C_WaitOnSTOPFlagUntilTimeout
                0x00000000080031ec       0x78 ./Drivers/STM32H7xx_HAL_Driver/Src/stm32h7xx_hal_i2c.o
 .text.I2C_IsErrorOccurred
                0x0000000008003264      0x1d8 ./Drivers/STM32H7xx_HAL_Driver/Src/stm32h7xx_hal_i2c.o
 .text.I2C_TransferConfig
                0x000000000800343c       0x64 ./Drivers/STM32H7xx_HAL_Driver/Src/stm32h7xx_hal_i2c.o
 .text.HAL_I2CEx_ConfigAnalogFilter
                0x00000000080034a0       0x96 ./Drivers/STM32H7xx_HAL_Driver/Src/stm32h7xx_hal_i2c_ex.o
                0x00000000080034a0                HAL_I2CEx_ConfigAnalogFilter
 .text.HAL_I2CEx_ConfigDigitalFilter
                0x0000000008003536       0x98 ./Drivers/STM32H7xx_HAL_Driver/Src/stm32h7xx_hal_i2c_ex.o
                0x0000000008003536                HAL_I2CEx_ConfigDigitalFilter
 *fill*         0x00000000080035ce        0x2 
 .text.HAL_PWREx_ConfigSupply
                0x00000000080035d0       0x74 ./Drivers/STM32H7xx_HAL_Driver/Src/stm32h7xx_hal_pwr_ex.o
                0x00000000080035d0                HAL_PWREx_ConfigSupply
 .text.HAL_RCC_OscConfig
                0x0000000008003644      0x858 ./Drivers/STM32H7xx_HAL_Driver/Src/stm32h7xx_hal_rcc.o
                0x0000000008003644                HAL_RCC_OscConfig
 .text.HAL_RCC_ClockConfig
                0x0000000008003e9c      0x36c ./Drivers/STM32H7xx_HAL_Driver/Src/stm32h7xx_hal_rcc.o
                0x0000000008003e9c                HAL_RCC_ClockConfig
 .text.HAL_RCC_GetSysClockFreq
                0x0000000008004208      0x2f4 ./Drivers/STM32H7xx_HAL_Driver/Src/stm32h7xx_hal_rcc.o
                0x0000000008004208                HAL_RCC_GetSysClockFreq
 .text.HAL_RCCEx_PeriphCLKConfig
                0x00000000080044fc      0xe80 ./Drivers/STM32H7xx_HAL_Driver/Src/stm32h7xx_hal_rcc_ex.o
                0x00000000080044fc                HAL_RCCEx_PeriphCLKConfig
 .text.RCCEx_PLL2_Config
                0x000000000800537c      0x164 ./Drivers/STM32H7xx_HAL_Driver/Src/stm32h7xx_hal_rcc_ex.o
 .text.RCCEx_PLL3_Config
                0x00000000080054e0      0x164 ./Drivers/STM32H7xx_HAL_Driver/Src/stm32h7xx_hal_rcc_ex.o
 .text.HAL_TIM_Base_Init
                0x0000000008005644       0xae ./Drivers/STM32H7xx_HAL_Driver/Src/stm32h7xx_hal_tim.o
                0x0000000008005644                HAL_TIM_Base_Init
 *fill*         0x00000000080056f2        0x2 
 .text.HAL_TIM_Base_Start_IT
                0x00000000080056f4       0xf0 ./Drivers/STM32H7xx_HAL_Driver/Src/stm32h7xx_hal_tim.o
                0x00000000080056f4                HAL_TIM_Base_Start_IT
 .text.HAL_TIM_IRQHandler
                0x00000000080057e4      0x23e ./Drivers/STM32H7xx_HAL_Driver/Src/stm32h7xx_hal_tim.o
                0x00000000080057e4                HAL_TIM_IRQHandler
 *fill*         0x0000000008005a22        0x2 
 .text.HAL_TIM_ConfigClockSource
                0x0000000008005a24      0x1f0 ./Drivers/STM32H7xx_HAL_Driver/Src/stm32h7xx_hal_tim.o
                0x0000000008005a24                HAL_TIM_ConfigClockSource
 .text.HAL_TIM_OC_DelayElapsedCallback
                0x0000000008005c14       0x14 ./Drivers/STM32H7xx_HAL_Driver/Src/stm32h7xx_hal_tim.o
                0x0000000008005c14                HAL_TIM_OC_DelayElapsedCallback
 .text.HAL_TIM_IC_CaptureCallback
                0x0000000008005c28       0x14 ./Drivers/STM32H7xx_HAL_Driver/Src/stm32h7xx_hal_tim.o
                0x0000000008005c28                HAL_TIM_IC_CaptureCallback
 .text.HAL_TIM_PWM_PulseFinishedCallback
                0x0000000008005c3c       0x14 ./Drivers/STM32H7xx_HAL_Driver/Src/stm32h7xx_hal_tim.o
                0x0000000008005c3c                HAL_TIM_PWM_PulseFinishedCallback
 .text.HAL_TIM_TriggerCallback
                0x0000000008005c50       0x14 ./Drivers/STM32H7xx_HAL_Driver/Src/stm32h7xx_hal_tim.o
                0x0000000008005c50                HAL_TIM_TriggerCallback
 .text.TIM_Base_SetConfig
                0x0000000008005c64      0x134 ./Drivers/STM32H7xx_HAL_Driver/Src/stm32h7xx_hal_tim.o
                0x0000000008005c64                TIM_Base_SetConfig
 .text.TIM_TI1_ConfigInputStage
                0x0000000008005d98       0x5e ./Drivers/STM32H7xx_HAL_Driver/Src/stm32h7xx_hal_tim.o
 .text.TIM_TI2_ConfigInputStage
                0x0000000008005df6       0x60 ./Drivers/STM32H7xx_HAL_Driver/Src/stm32h7xx_hal_tim.o
 *fill*         0x0000000008005e56        0x2 
 .text.TIM_ITRx_SetConfig
                0x0000000008005e58       0x3c ./Drivers/STM32H7xx_HAL_Driver/Src/stm32h7xx_hal_tim.o
 .text.TIM_ETR_SetConfig
                0x0000000008005e94       0x40 ./Drivers/STM32H7xx_HAL_Driver/Src/stm32h7xx_hal_tim.o
                0x0000000008005e94                TIM_ETR_SetConfig
 .text.HAL_TIMEx_MasterConfigSynchronization
                0x0000000008005ed4      0x11c ./Drivers/STM32H7xx_HAL_Driver/Src/stm32h7xx_hal_tim_ex.o
                0x0000000008005ed4                HAL_TIMEx_MasterConfigSynchronization
 .text.HAL_TIMEx_CommutCallback
                0x0000000008005ff0       0x14 ./Drivers/STM32H7xx_HAL_Driver/Src/stm32h7xx_hal_tim_ex.o
                0x0000000008005ff0                HAL_TIMEx_CommutCallback
 .text.HAL_TIMEx_BreakCallback
                0x0000000008006004       0x14 ./Drivers/STM32H7xx_HAL_Driver/Src/stm32h7xx_hal_tim_ex.o
                0x0000000008006004                HAL_TIMEx_BreakCallback
 .text.HAL_TIMEx_Break2Callback
                0x0000000008006018       0x14 ./Drivers/STM32H7xx_HAL_Driver/Src/stm32h7xx_hal_tim_ex.o
                0x0000000008006018                HAL_TIMEx_Break2Callback
 .text.Write_Reg_BM1422AGMV
                0x000000000800602c       0x2c ./WISL_WIDM/Drivers/BSP/BM1422AGMV/Src/bsp_bm1422agmv.o
 .text.Set_Reg_BM1422AGMV
                0x0000000008006058       0x2e ./WISL_WIDM/Drivers/BSP/BM1422AGMV/Src/bsp_bm1422agmv.o
 .text.Set_Ioctx_BM1422AGMV
                0x0000000008006086       0x6a ./WISL_WIDM/Drivers/BSP/BM1422AGMV/Src/bsp_bm1422agmv.o
                0x0000000008006086                Set_Ioctx_BM1422AGMV
 .text.Init_BM1422AGMV
                0x00000000080060f0       0xc0 ./WISL_WIDM/Drivers/BSP/BM1422AGMV/Src/bsp_bm1422agmv.o
                0x00000000080060f0                Init_BM1422AGMV
 .text.Get_Value_BM1422AGMV
                0x00000000080061b0       0x8c ./WISL_WIDM/Drivers/BSP/BM1422AGMV/Src/bsp_bm1422agmv.o
                0x00000000080061b0                Get_Value_BM1422AGMV
 .text.Assemble_SDO
                0x000000000800623c       0x22 ./WISL_WIDM/Drivers/BSP/BumbleBee/object_dictionaries.o
 .text.Assemble_PDO
                0x000000000800625e       0x2a ./WISL_WIDM/Drivers/BSP/BumbleBee/object_dictionaries.o
 .text.Create_SDOTable_ObjDictionary
                0x0000000008006288      0x494 ./WISL_WIDM/Drivers/BSP/BumbleBee/object_dictionaries.o
                0x0000000008006288                Create_SDOTable_ObjDictionary
 .text.Create_PDOTable_ObjDictionary
                0x000000000800671c      0x430 ./WISL_WIDM/Drivers/BSP/BumbleBee/object_dictionaries.o
                0x000000000800671c                Create_PDOTable_ObjDictionary
 .text.Write_Reg_ICM20608G
                0x0000000008006b4c       0x2c ./WISL_WIDM/Drivers/BSP/ICM20608G/Src/bsp_icm20608G.o
 .text.Set_Reg_ICM20608G
                0x0000000008006b78       0x2e ./WISL_WIDM/Drivers/BSP/ICM20608G/Src/bsp_icm20608G.o
 .text.Set_Ioctx_ICM20608G
                0x0000000008006ba6       0x6a ./WISL_WIDM/Drivers/BSP/ICM20608G/Src/bsp_icm20608G.o
                0x0000000008006ba6                Set_Ioctx_ICM20608G
 .text.Init_ICM20608G
                0x0000000008006c10       0xac ./WISL_WIDM/Drivers/BSP/ICM20608G/Src/bsp_icm20608G.o
                0x0000000008006c10                Init_ICM20608G
 .text.Get_Value_ICM20608G
                0x0000000008006cbc      0x12c ./WISL_WIDM/Drivers/BSP/ICM20608G/Src/bsp_icm20608G.o
                0x0000000008006cbc                Get_Value_ICM20608G
 .text.IsDevReady_3Axis_IMU
                0x0000000008006de8       0x1c ./WISL_WIDM/Drivers/IOIF/IOIF_I2C/Src/ioif_3axis_imu.o
 .text.Read_3Axis_IMU
                0x0000000008006e04       0x30 ./WISL_WIDM/Drivers/IOIF/IOIF_I2C/Src/ioif_3axis_imu.o
 .text.Write_3Axis_IMU
                0x0000000008006e34       0x30 ./WISL_WIDM/Drivers/IOIF/IOIF_I2C/Src/ioif_3axis_imu.o
 .text.Init_3Axis_IMU
                0x0000000008006e64       0x70 ./WISL_WIDM/Drivers/IOIF/IOIF_I2C/Src/ioif_3axis_imu.o
                0x0000000008006e64                Init_3Axis_IMU
 .text.Get_Value_3Axis_IMU
                0x0000000008006ed4       0x3c ./WISL_WIDM/Drivers/IOIF/IOIF_I2C/Src/ioif_3axis_imu.o
                0x0000000008006ed4                Get_Value_3Axis_IMU
 .text.IsDevReady_6Axis_IMU
                0x0000000008006f10       0x1c ./WISL_WIDM/Drivers/IOIF/IOIF_I2C/Src/ioif_6axis_imu.o
 .text.Read_6Axis_IMU
                0x0000000008006f2c       0x30 ./WISL_WIDM/Drivers/IOIF/IOIF_I2C/Src/ioif_6axis_imu.o
 .text.Write_6Axis_IMU
                0x0000000008006f5c       0x30 ./WISL_WIDM/Drivers/IOIF/IOIF_I2C/Src/ioif_6axis_imu.o
 .text.Init_6Axis_IMU
                0x0000000008006f8c       0x74 ./WISL_WIDM/Drivers/IOIF/IOIF_I2C/Src/ioif_6axis_imu.o
                0x0000000008006f8c                Init_6Axis_IMU
 .text.Get_Value_6Axis_IMU
                0x0000000008007000       0x3c ./WISL_WIDM/Drivers/IOIF/IOIF_I2C/Src/ioif_6axis_imu.o
                0x0000000008007000                Get_Value_6Axis_IMU
 .text.IsDevReady_I2C1
                0x000000000800703c       0x24 ./WISL_WIDM/Drivers/IOIF/IOIF_I2C/Src/ioif_i2c_func.o
                0x000000000800703c                IsDevReady_I2C1
 .text.IsDevReady_I2C3
                0x0000000008007060       0x24 ./WISL_WIDM/Drivers/IOIF/IOIF_I2C/Src/ioif_i2c_func.o
                0x0000000008007060                IsDevReady_I2C3
 .text.Mem_Write_I2C1
                0x0000000008007084       0x64 ./WISL_WIDM/Drivers/IOIF/IOIF_I2C/Src/ioif_i2c_func.o
                0x0000000008007084                Mem_Write_I2C1
 .text.Mem_Read_I2C1
                0x00000000080070e8       0x64 ./WISL_WIDM/Drivers/IOIF/IOIF_I2C/Src/ioif_i2c_func.o
                0x00000000080070e8                Mem_Read_I2C1
 .text.Mem_Write_I2C3
                0x000000000800714c       0x64 ./WISL_WIDM/Drivers/IOIF/IOIF_I2C/Src/ioif_i2c_func.o
                0x000000000800714c                Mem_Write_I2C3
 .text.Mem_Read_I2C3
                0x00000000080071b0       0x64 ./WISL_WIDM/Drivers/IOIF/IOIF_I2C/Src/ioif_i2c_func.o
                0x00000000080071b0                Mem_Read_I2C3
 .text.HAL_FDCAN_RxFifo0Callback
                0x0000000008007214       0x88 ./WISL_WIDM/Drivers/IOIF/Src/ioif_fdcan.o
                0x0000000008007214                HAL_FDCAN_RxFifo0Callback
 .text.Start_TIM3
                0x000000000800729c       0x14 ./WISL_WIDM/Drivers/IOIF/Src/ioif_tim.o
                0x000000000800729c                Start_TIM3
 .text.HAL_TIM_PeriodElapsedCallback
                0x00000000080072b0       0x54 ./WISL_WIDM/Drivers/IOIF/Src/ioif_tim.o
                0x00000000080072b0                HAL_TIM_PeriodElapsedCallback
 .text.Reset_Parameters
                0x0000000008007304       0xb8 ./WISL_WIDM/Framework/Apps/imu_ctrl_task/imu_ctrl_task.o
 .text.Set_Initial_Angle_Values
                0x00000000080073bc       0x46 ./WISL_WIDM/Framework/Apps/imu_ctrl_task/imu_ctrl_task.o
 *fill*         0x0000000008007402        0x6 
 .text.Calculate_Initial_Thigh_Angle
                0x0000000008007408      0x148 ./WISL_WIDM/Framework/Apps/imu_ctrl_task/imu_ctrl_task.o
 .text.Run_Complementary_Filter
                0x0000000008007550       0x3c ./WISL_WIDM/Framework/Apps/imu_ctrl_task/imu_ctrl_task.o
 .text.Run_Normalization_And_Get_Gait_Phase
                0x000000000800758c       0x70 ./WISL_WIDM/Framework/Apps/imu_ctrl_task/imu_ctrl_task.o
 *fill*         0x00000000080075fc        0x4 
 .text.Reduce_Noise_In_Sensor_Data
                0x0000000008007600      0x13c ./WISL_WIDM/Framework/Apps/imu_ctrl_task/imu_ctrl_task.o
 .text.Compute_Phase_Radius
                0x000000000800773c       0x50 ./WISL_WIDM/Framework/Apps/imu_ctrl_task/imu_ctrl_task.o
 .text.Update_Walking_State
                0x000000000800778c       0x96 ./WISL_WIDM/Framework/Apps/imu_ctrl_task/imu_ctrl_task.o
 *fill*         0x0000000008007822        0x2 
 .text.Check_Walking_State
                0x0000000008007824       0xd0 ./WISL_WIDM/Framework/Apps/imu_ctrl_task/imu_ctrl_task.o
 .text.Setting_Assist_Force_and_Time
                0x00000000080078f4       0x2a ./WISL_WIDM/Framework/Apps/imu_ctrl_task/imu_ctrl_task.o
 .text.Is_Within_Range
                0x000000000800791e       0x9e ./WISL_WIDM/Framework/Apps/imu_ctrl_task/imu_ctrl_task.o
 .text.Set_Trigger
                0x00000000080079bc       0xde ./WISL_WIDM/Framework/Apps/imu_ctrl_task/imu_ctrl_task.o
 .text.Update_IMU_Raw_Value
                0x0000000008007a9a       0x86 ./WISL_WIDM/Framework/Apps/imu_ctrl_task/imu_ctrl_task.o
 .text.Run_Total_function
                0x0000000008007b20      0x108 ./WISL_WIDM/Framework/Apps/imu_ctrl_task/imu_ctrl_task.o
 .text.Get_State_Callback
                0x0000000008007c28       0x3c ./WISL_WIDM/Framework/Apps/imu_ctrl_task/imu_ctrl_task.o
 .text.Set_State_Callback
                0x0000000008007c64       0x3c ./WISL_WIDM/Framework/Apps/imu_ctrl_task/imu_ctrl_task.o
 .text.Get_Routine_Callback
                0x0000000008007ca0       0x7c ./WISL_WIDM/Framework/Apps/imu_ctrl_task/imu_ctrl_task.o
 .text.Set_Routine_Callback
                0x0000000008007d1c       0xb8 ./WISL_WIDM/Framework/Apps/imu_ctrl_task/imu_ctrl_task.o
 .text.StateOff_Run
                0x0000000008007dd4       0x50 ./WISL_WIDM/Framework/Apps/imu_ctrl_task/imu_ctrl_task.o
 .text.StateStandby_Run
                0x0000000008007e24       0x14 ./WISL_WIDM/Framework/Apps/imu_ctrl_task/imu_ctrl_task.o
 .text.StateEnable_Ent
                0x0000000008007e38        0xe ./WISL_WIDM/Framework/Apps/imu_ctrl_task/imu_ctrl_task.o
 *fill*         0x0000000008007e46        0x2 
 .text.StateEnable_Run
                0x0000000008007e48       0x14 ./WISL_WIDM/Framework/Apps/imu_ctrl_task/imu_ctrl_task.o
 .text.StateEnable_Ext
                0x0000000008007e5c        0xe ./WISL_WIDM/Framework/Apps/imu_ctrl_task/imu_ctrl_task.o
 .text.StateError_Run
                0x0000000008007e6a        0xe ./WISL_WIDM/Framework/Apps/imu_ctrl_task/imu_ctrl_task.o
 .text.Init_Imu_Ctrl
                0x0000000008007e78      0x2b8 ./WISL_WIDM/Framework/Apps/imu_ctrl_task/imu_ctrl_task.o
                0x0000000008007e78                Init_Imu_Ctrl
 .text.Run_Imu_Ctrl
                0x0000000008008130       0x14 ./WISL_WIDM/Framework/Apps/imu_ctrl_task/imu_ctrl_task.o
                0x0000000008008130                Run_Imu_Ctrl
 .text.Set_Init_Parameters
                0x0000000008008144      0x11c ./WISL_WIDM/Framework/Apps/imu_ctrl_task/widm_calculation.o
                0x0000000008008144                Set_Init_Parameters
 .text.Save_Previous_Value
                0x0000000008008260       0x68 ./WISL_WIDM/Framework/Apps/imu_ctrl_task/widm_calculation.o
                0x0000000008008260                Save_Previous_Value
 .text.Calculate_Square_Root_Sum
                0x00000000080082c8       0x64 ./WISL_WIDM/Framework/Apps/imu_ctrl_task/widm_calculation.o
                0x00000000080082c8                Calculate_Square_Root_Sum
 .text.Calculate_Absolute_Value_Float
                0x000000000800832c       0x20 ./WISL_WIDM/Framework/Apps/imu_ctrl_task/widm_calculation.o
                0x000000000800832c                Calculate_Absolute_Value_Float
 *fill*         0x000000000800834c        0x4 
 .text.Calculate_Delta
                0x0000000008008350       0x40 ./WISL_WIDM/Framework/Apps/imu_ctrl_task/widm_calculation.o
                0x0000000008008350                Calculate_Delta
 .text.Calculate_xbar_Update_mu
                0x0000000008008390       0xa0 ./WISL_WIDM/Framework/Apps/imu_ctrl_task/widm_calculation.o
                0x0000000008008390                Calculate_xbar_Update_mu
 .text.Generate_Fuzzy_Input
                0x0000000008008430       0xc8 ./WISL_WIDM/Framework/Apps/imu_ctrl_task/widm_calculation.o
                0x0000000008008430                Generate_Fuzzy_Input
 .text.Calculate_Fuzzy_Wc
                0x00000000080084f8       0x96 ./WISL_WIDM/Framework/Apps/imu_ctrl_task/widm_calculation.o
                0x00000000080084f8                Calculate_Fuzzy_Wc
 .text.Perform_LPF_on_Acc
                0x000000000800858e       0x62 ./WISL_WIDM/Framework/Apps/imu_ctrl_task/widm_calculation.o
                0x000000000800858e                Perform_LPF_on_Acc
 .text.Perform_HPF_on_Gyro
                0x00000000080085f0       0x5a ./WISL_WIDM/Framework/Apps/imu_ctrl_task/widm_calculation.o
                0x00000000080085f0                Perform_HPF_on_Gyro
 *fill*         0x000000000800864a        0x6 
 .text.Run_TVCF
                0x0000000008008650      0x168 ./WISL_WIDM/Framework/Apps/imu_ctrl_task/widm_calculation.o
                0x0000000008008650                Run_TVCF
 .text.Get_Max_Float
                0x00000000080087b8       0x38 ./WISL_WIDM/Framework/Apps/imu_ctrl_task/widm_calculation.o
                0x00000000080087b8                Get_Max_Float
 .text.Get_Min_Float
                0x00000000080087f0       0x38 ./WISL_WIDM/Framework/Apps/imu_ctrl_task/widm_calculation.o
                0x00000000080087f0                Get_Min_Float
 .text.Set_First_Half_Gait_Phase_Parameters
                0x0000000008008828       0xc8 ./WISL_WIDM/Framework/Apps/imu_ctrl_task/widm_calculation.o
                0x0000000008008828                Set_First_Half_Gait_Phase_Parameters
 .text.Set_Second_Half_Gait_Phase_Parameters
                0x00000000080088f0       0xd2 ./WISL_WIDM/Framework/Apps/imu_ctrl_task/widm_calculation.o
                0x00000000080088f0                Set_Second_Half_Gait_Phase_Parameters
 .text.Prepare_for_Circular_Normalization
                0x00000000080089c2       0x72 ./WISL_WIDM/Framework/Apps/imu_ctrl_task/widm_calculation.o
                0x00000000080089c2                Prepare_for_Circular_Normalization
 *fill*         0x0000000008008a34        0x4 
 .text.Get_Current_Gait_Phase
                0x0000000008008a38      0x178 ./WISL_WIDM/Framework/Apps/imu_ctrl_task/widm_calculation.o
                0x0000000008008a38                Get_Current_Gait_Phase
 .text.Set_Assist_Force_Timing_Params
                0x0000000008008bb0      0x1d0 ./WISL_WIDM/Framework/Apps/imu_ctrl_task/widm_calculation.o
                0x0000000008008bb0                Set_Assist_Force_Timing_Params
 .text.Update_Assist_Params
                0x0000000008008d80       0x4e ./WISL_WIDM/Framework/Apps/imu_ctrl_task/widm_calculation.o
                0x0000000008008d80                Update_Assist_Params
 .text.Transfer_Phase_State
                0x0000000008008dce      0x112 ./WISL_WIDM/Framework/Apps/imu_ctrl_task/widm_calculation.o
                0x0000000008008dce                Transfer_Phase_State
 .text.Update_Assist_Force
                0x0000000008008ee0      0x404 ./WISL_WIDM/Framework/Apps/imu_ctrl_task/widm_calculation.o
                0x0000000008008ee0                Update_Assist_Force
 .text.Get_Msg_Data_Type_Info
                0x00000000080092e4       0xec ./WISL_WIDM/Framework/Apps/msg_hdlr_task/msg_data_object.o
                0x00000000080092e4                Get_Msg_Data_Type_Info
 .text.Create_DOD
                0x00000000080093d0       0x30 ./WISL_WIDM/Framework/Apps/msg_hdlr_task/msg_data_object.o
                0x00000000080093d0                Create_DOD
 .text.Create_PDO
                0x0000000008009400      0x174 ./WISL_WIDM/Framework/Apps/msg_hdlr_task/msg_data_object.o
                0x0000000008009400                Create_PDO
 .text.Create_SDO
                0x0000000008009574      0x120 ./WISL_WIDM/Framework/Apps/msg_hdlr_task/msg_data_object.o
                0x0000000008009574                Create_SDO
 .text.Create_Routine_Entity
                0x0000000008009694       0x34 ./WISL_WIDM/Framework/Lib/Src/routine.o
                0x0000000008009694                Create_Routine_Entity
 .text.Init_Routine
                0x00000000080096c8       0x72 ./WISL_WIDM/Framework/Lib/Src/routine.o
                0x00000000080096c8                Init_Routine
 .text.Run_Routines
                0x000000000800973a       0x6c ./WISL_WIDM/Framework/Lib/Src/routine.o
                0x000000000800973a                Run_Routines
 .text.Clear_Routines
                0x00000000080097a6       0x38 ./WISL_WIDM/Framework/Lib/Src/routine.o
                0x00000000080097a6                Clear_Routines
 .text.Push_Routine
                0x00000000080097de       0x62 ./WISL_WIDM/Framework/Lib/Src/routine.o
                0x00000000080097de                Push_Routine
 .text.Transition_Map
                0x0000000008009840       0x98 ./WISL_WIDM/Framework/Lib/Src/state_machine.o
 .text.Create_State_Entity
                0x00000000080098d8       0x34 ./WISL_WIDM/Framework/Lib/Src/state_machine.o
                0x00000000080098d8                Create_State_Entity
 .text.Init_State_Machine
                0x000000000800990c       0x68 ./WISL_WIDM/Framework/Lib/Src/state_machine.o
                0x000000000800990c                Init_State_Machine
 .text.Run_State_Machine
                0x0000000008009974       0xe0 ./WISL_WIDM/Framework/Lib/Src/state_machine.o
                0x0000000008009974                Run_State_Machine
 .text.Transition_State
                0x0000000008009a54       0x44 ./WISL_WIDM/Framework/Lib/Src/state_machine.o
                0x0000000008009a54                Transition_State
 .text.Init_Task
                0x0000000008009a98       0x24 ./WISL_WIDM/Framework/Lib/Src/task.o
                0x0000000008009a98                Init_Task
 .text.Run_Task
                0x0000000008009abc       0x1a ./WISL_WIDM/Framework/Lib/Src/task.o
                0x0000000008009abc                Run_Task
 .text.Set_Task_State_Entity
                0x0000000008009ad6       0x52 ./WISL_WIDM/Framework/Lib/Src/task.o
                0x0000000008009ad6                Set_Task_State_Entity
 .text.Set_Task_Routine_Entity
                0x0000000008009b28       0x3e ./WISL_WIDM/Framework/Lib/Src/task.o
                0x0000000008009b28                Set_Task_Routine_Entity
 *fill*         0x0000000008009b66        0x2 
 .text.__errno  0x0000000008009b68        0xc c:/st/stm32cubeide_1.8.0/stm32cubeide/plugins/com.st.stm32cube.ide.mcu.externaltools.gnu-tools-for-stm32.9-2020-q2-update.win32_2.0.0.202105311346/tools/bin/../lib/gcc/arm-none-eabi/9.3.1/../../../../arm-none-eabi/lib/thumb/v7e-m+dp/hard\libc_nano.a(lib_a-errno.o)
                0x0000000008009b68                __errno
 .text.__libc_init_array
                0x0000000008009b74       0x48 c:/st/stm32cubeide_1.8.0/stm32cubeide/plugins/com.st.stm32cube.ide.mcu.externaltools.gnu-tools-for-stm32.9-2020-q2-update.win32_2.0.0.202105311346/tools/bin/../lib/gcc/arm-none-eabi/9.3.1/../../../../arm-none-eabi/lib/thumb/v7e-m+dp/hard\libc_nano.a(lib_a-init.o)
                0x0000000008009b74                __libc_init_array
 .text.malloc   0x0000000008009bbc       0x10 c:/st/stm32cubeide_1.8.0/stm32cubeide/plugins/com.st.stm32cube.ide.mcu.externaltools.gnu-tools-for-stm32.9-2020-q2-update.win32_2.0.0.202105311346/tools/bin/../lib/gcc/arm-none-eabi/9.3.1/../../../../arm-none-eabi/lib/thumb/v7e-m+dp/hard\libc_nano.a(lib_a-malloc.o)
                0x0000000008009bbc                malloc
 .text.memcpy   0x0000000008009bcc       0x1c c:/st/stm32cubeide_1.8.0/stm32cubeide/plugins/com.st.stm32cube.ide.mcu.externaltools.gnu-tools-for-stm32.9-2020-q2-update.win32_2.0.0.202105311346/tools/bin/../lib/gcc/arm-none-eabi/9.3.1/../../../../arm-none-eabi/lib/thumb/v7e-m+dp/hard\libc_nano.a(lib_a-memcpy-stub.o)
                0x0000000008009bcc                memcpy
 .text.memset   0x0000000008009be8       0x10 c:/st/stm32cubeide_1.8.0/stm32cubeide/plugins/com.st.stm32cube.ide.mcu.externaltools.gnu-tools-for-stm32.9-2020-q2-update.win32_2.0.0.202105311346/tools/bin/../lib/gcc/arm-none-eabi/9.3.1/../../../../arm-none-eabi/lib/thumb/v7e-m+dp/hard\libc_nano.a(lib_a-memset.o)
                0x0000000008009be8                memset
 .text._malloc_r
                0x0000000008009bf8       0xb4 c:/st/stm32cubeide_1.8.0/stm32cubeide/plugins/com.st.stm32cube.ide.mcu.externaltools.gnu-tools-for-stm32.9-2020-q2-update.win32_2.0.0.202105311346/tools/bin/../lib/gcc/arm-none-eabi/9.3.1/../../../../arm-none-eabi/lib/thumb/v7e-m+dp/hard\libc_nano.a(lib_a-nano-mallocr.o)
                0x0000000008009bf8                _malloc_r
 .text._sbrk_r  0x0000000008009cac       0x20 c:/st/stm32cubeide_1.8.0/stm32cubeide/plugins/com.st.stm32cube.ide.mcu.externaltools.gnu-tools-for-stm32.9-2020-q2-update.win32_2.0.0.202105311346/tools/bin/../lib/gcc/arm-none-eabi/9.3.1/../../../../arm-none-eabi/lib/thumb/v7e-m+dp/hard\libc_nano.a(lib_a-sbrkr.o)
                0x0000000008009cac                _sbrk_r
 .text.__retarget_lock_acquire_recursive
                0x0000000008009ccc        0x2 c:/st/stm32cubeide_1.8.0/stm32cubeide/plugins/com.st.stm32cube.ide.mcu.externaltools.gnu-tools-for-stm32.9-2020-q2-update.win32_2.0.0.202105311346/tools/bin/../lib/gcc/arm-none-eabi/9.3.1/../../../../arm-none-eabi/lib/thumb/v7e-m+dp/hard\libc_nano.a(lib_a-lock.o)
                0x0000000008009ccc                __retarget_lock_acquire_recursive
 .text.__retarget_lock_release_recursive
                0x0000000008009cce        0x2 c:/st/stm32cubeide_1.8.0/stm32cubeide/plugins/com.st.stm32cube.ide.mcu.externaltools.gnu-tools-for-stm32.9-2020-q2-update.win32_2.0.0.202105311346/tools/bin/../lib/gcc/arm-none-eabi/9.3.1/../../../../arm-none-eabi/lib/thumb/v7e-m+dp/hard\libc_nano.a(lib_a-lock.o)
                0x0000000008009cce                __retarget_lock_release_recursive
 .text.__malloc_lock
                0x0000000008009cd0        0xc c:/st/stm32cubeide_1.8.0/stm32cubeide/plugins/com.st.stm32cube.ide.mcu.externaltools.gnu-tools-for-stm32.9-2020-q2-update.win32_2.0.0.202105311346/tools/bin/../lib/gcc/arm-none-eabi/9.3.1/../../../../arm-none-eabi/lib/thumb/v7e-m+dp/hard\libc_nano.a(lib_a-mlock.o)
                0x0000000008009cd0                __malloc_lock
 .text.__malloc_unlock
                0x0000000008009cdc        0xc c:/st/stm32cubeide_1.8.0/stm32cubeide/plugins/com.st.stm32cube.ide.mcu.externaltools.gnu-tools-for-stm32.9-2020-q2-update.win32_2.0.0.202105311346/tools/bin/../lib/gcc/arm-none-eabi/9.3.1/../../../../arm-none-eabi/lib/thumb/v7e-m+dp/hard\libc_nano.a(lib_a-mlock.o)
                0x0000000008009cdc                __malloc_unlock
 .text.checkint
                0x0000000008009ce8       0x6a c:/st/stm32cubeide_1.8.0/stm32cubeide/plugins/com.st.stm32cube.ide.mcu.externaltools.gnu-tools-for-stm32.9-2020-q2-update.win32_2.0.0.202105311346/tools/bin/../lib/gcc/arm-none-eabi/9.3.1/../../../../arm-none-eabi/lib/thumb/v7e-m+dp/hard\libm.a(lib_a-pow.o)
 *fill*         0x0000000008009d52        0x6 
 .text.pow      0x0000000008009d58      0x584 c:/st/stm32cubeide_1.8.0/stm32cubeide/plugins/com.st.stm32cube.ide.mcu.externaltools.gnu-tools-for-stm32.9-2020-q2-update.win32_2.0.0.202105311346/tools/bin/../lib/gcc/arm-none-eabi/9.3.1/../../../../arm-none-eabi/lib/thumb/v7e-m+dp/hard\libm.a(lib_a-pow.o)
                0x0000000008009d58                pow
 *fill*         0x000000000800a2dc        0x4 
 .text.atan     0x000000000800a2e0      0x1f4 c:/st/stm32cubeide_1.8.0/stm32cubeide/plugins/com.st.stm32cube.ide.mcu.externaltools.gnu-tools-for-stm32.9-2020-q2-update.win32_2.0.0.202105311346/tools/bin/../lib/gcc/arm-none-eabi/9.3.1/../../../../arm-none-eabi/lib/thumb/v7e-m+dp/hard\libm.a(lib_a-s_atan.o)
                0x000000000800a2e0                atan
 .text.fabs     0x000000000800a4d4       0x12 c:/st/stm32cubeide_1.8.0/stm32cubeide/plugins/com.st.stm32cube.ide.mcu.externaltools.gnu-tools-for-stm32.9-2020-q2-update.win32_2.0.0.202105311346/tools/bin/../lib/gcc/arm-none-eabi/9.3.1/../../../../arm-none-eabi/lib/thumb/v7e-m+dp/hard\libm.a(lib_a-s_fabs.o)
                0x000000000800a4d4                fabs
 *fill*         0x000000000800a4e6        0x2 
 .text.sin      0x000000000800a4e8       0x90 c:/st/stm32cubeide_1.8.0/stm32cubeide/plugins/com.st.stm32cube.ide.mcu.externaltools.gnu-tools-for-stm32.9-2020-q2-update.win32_2.0.0.202105311346/tools/bin/../lib/gcc/arm-none-eabi/9.3.1/../../../../arm-none-eabi/lib/thumb/v7e-m+dp/hard\libm.a(lib_a-s_sin.o)
                0x000000000800a4e8                sin
 .text.tanh     0x000000000800a578       0xac c:/st/stm32cubeide_1.8.0/stm32cubeide/plugins/com.st.stm32cube.ide.mcu.externaltools.gnu-tools-for-stm32.9-2020-q2-update.win32_2.0.0.202105311346/tools/bin/../lib/gcc/arm-none-eabi/9.3.1/../../../../arm-none-eabi/lib/thumb/v7e-m+dp/hard\libm.a(lib_a-s_tanh.o)
                0x000000000800a578                tanh
 .text.atan2    0x000000000800a624        0x4 c:/st/stm32cubeide_1.8.0/stm32cubeide/plugins/com.st.stm32cube.ide.mcu.externaltools.gnu-tools-for-stm32.9-2020-q2-update.win32_2.0.0.202105311346/tools/bin/../lib/gcc/arm-none-eabi/9.3.1/../../../../arm-none-eabi/lib/thumb/v7e-m+dp/hard\libm.a(lib_a-w_atan2.o)
                0x000000000800a624                atan2
 .text.sqrt     0x000000000800a628       0x54 c:/st/stm32cubeide_1.8.0/stm32cubeide/plugins/com.st.stm32cube.ide.mcu.externaltools.gnu-tools-for-stm32.9-2020-q2-update.win32_2.0.0.202105311346/tools/bin/../lib/gcc/arm-none-eabi/9.3.1/../../../../arm-none-eabi/lib/thumb/v7e-m+dp/hard\libm.a(lib_a-w_sqrt.o)
                0x000000000800a628                sqrt
 *fill*         0x000000000800a67c        0x4 
 .text.__ieee754_atan2
                0x000000000800a680      0x19c c:/st/stm32cubeide_1.8.0/stm32cubeide/plugins/com.st.stm32cube.ide.mcu.externaltools.gnu-tools-for-stm32.9-2020-q2-update.win32_2.0.0.202105311346/tools/bin/../lib/gcc/arm-none-eabi/9.3.1/../../../../arm-none-eabi/lib/thumb/v7e-m+dp/hard\libm.a(lib_a-e_atan2.o)
                0x000000000800a680                __ieee754_atan2
 *fill*         0x000000000800a81c        0x4 
 .text.__ieee754_rem_pio2
                0x000000000800a820      0x280 c:/st/stm32cubeide_1.8.0/stm32cubeide/plugins/com.st.stm32cube.ide.mcu.externaltools.gnu-tools-for-stm32.9-2020-q2-update.win32_2.0.0.202105311346/tools/bin/../lib/gcc/arm-none-eabi/9.3.1/../../../../arm-none-eabi/lib/thumb/v7e-m+dp/hard\libm.a(lib_a-e_rem_pio2.o)
                0x000000000800a820                __ieee754_rem_pio2
 .text.__ieee754_sqrt
                0x000000000800aaa0        0x6 c:/st/stm32cubeide_1.8.0/stm32cubeide/plugins/com.st.stm32cube.ide.mcu.externaltools.gnu-tools-for-stm32.9-2020-q2-update.win32_2.0.0.202105311346/tools/bin/../lib/gcc/arm-none-eabi/9.3.1/../../../../arm-none-eabi/lib/thumb/v7e-m+dp/hard\libm.a(lib_a-e_sqrt.o)
                0x000000000800aaa0                __ieee754_sqrt
 *fill*         0x000000000800aaa6        0x2 
 .text.__kernel_cos
                0x000000000800aaa8       0xd8 c:/st/stm32cubeide_1.8.0/stm32cubeide/plugins/com.st.stm32cube.ide.mcu.externaltools.gnu-tools-for-stm32.9-2020-q2-update.win32_2.0.0.202105311346/tools/bin/../lib/gcc/arm-none-eabi/9.3.1/../../../../arm-none-eabi/lib/thumb/v7e-m+dp/hard\libm.a(lib_a-k_cos.o)
                0x000000000800aaa8                __kernel_cos
 .text.__kernel_rem_pio2
                0x000000000800ab80      0x500 c:/st/stm32cubeide_1.8.0/stm32cubeide/plugins/com.st.stm32cube.ide.mcu.externaltools.gnu-tools-for-stm32.9-2020-q2-update.win32_2.0.0.202105311346/tools/bin/../lib/gcc/arm-none-eabi/9.3.1/../../../../arm-none-eabi/lib/thumb/v7e-m+dp/hard\libm.a(lib_a-k_rem_pio2.o)
                0x000000000800ab80                __kernel_rem_pio2
 .text.__kernel_sin
                0x000000000800b080       0xb0 c:/st/stm32cubeide_1.8.0/stm32cubeide/plugins/com.st.stm32cube.ide.mcu.externaltools.gnu-tools-for-stm32.9-2020-q2-update.win32_2.0.0.202105311346/tools/bin/../lib/gcc/arm-none-eabi/9.3.1/../../../../arm-none-eabi/lib/thumb/v7e-m+dp/hard\libm.a(lib_a-k_sin.o)
                0x000000000800b080                __kernel_sin
 .text.with_errno
                0x000000000800b130       0x16 c:/st/stm32cubeide_1.8.0/stm32cubeide/plugins/com.st.stm32cube.ide.mcu.externaltools.gnu-tools-for-stm32.9-2020-q2-update.win32_2.0.0.202105311346/tools/bin/../lib/gcc/arm-none-eabi/9.3.1/../../../../arm-none-eabi/lib/thumb/v7e-m+dp/hard\libm.a(lib_a-math_err.o)
 .text.xflow    0x000000000800b146       0x22 c:/st/stm32cubeide_1.8.0/stm32cubeide/plugins/com.st.stm32cube.ide.mcu.externaltools.gnu-tools-for-stm32.9-2020-q2-update.win32_2.0.0.202105311346/tools/bin/../lib/gcc/arm-none-eabi/9.3.1/../../../../arm-none-eabi/lib/thumb/v7e-m+dp/hard\libm.a(lib_a-math_err.o)
 .text.__math_uflow
                0x000000000800b168       0x10 c:/st/stm32cubeide_1.8.0/stm32cubeide/plugins/com.st.stm32cube.ide.mcu.externaltools.gnu-tools-for-stm32.9-2020-q2-update.win32_2.0.0.202105311346/tools/bin/../lib/gcc/arm-none-eabi/9.3.1/../../../../arm-none-eabi/lib/thumb/v7e-m+dp/hard\libm.a(lib_a-math_err.o)
                0x000000000800b168                __math_uflow
 .text.__math_oflow
                0x000000000800b178       0x10 c:/st/stm32cubeide_1.8.0/stm32cubeide/plugins/com.st.stm32cube.ide.mcu.externaltools.gnu-tools-for-stm32.9-2020-q2-update.win32_2.0.0.202105311346/tools/bin/../lib/gcc/arm-none-eabi/9.3.1/../../../../arm-none-eabi/lib/thumb/v7e-m+dp/hard\libm.a(lib_a-math_err.o)
                0x000000000800b178                __math_oflow
 .text.__math_divzero
                0x000000000800b188       0x30 c:/st/stm32cubeide_1.8.0/stm32cubeide/plugins/com.st.stm32cube.ide.mcu.externaltools.gnu-tools-for-stm32.9-2020-q2-update.win32_2.0.0.202105311346/tools/bin/../lib/gcc/arm-none-eabi/9.3.1/../../../../arm-none-eabi/lib/thumb/v7e-m+dp/hard\libm.a(lib_a-math_err.o)
                0x000000000800b188                __math_divzero
 .text.__math_invalid
                0x000000000800b1b8       0x1e c:/st/stm32cubeide_1.8.0/stm32cubeide/plugins/com.st.stm32cube.ide.mcu.externaltools.gnu-tools-for-stm32.9-2020-q2-update.win32_2.0.0.202105311346/tools/bin/../lib/gcc/arm-none-eabi/9.3.1/../../../../arm-none-eabi/lib/thumb/v7e-m+dp/hard\libm.a(lib_a-math_err.o)
                0x000000000800b1b8                __math_invalid
 .text.__math_check_uflow
                0x000000000800b1d6       0x12 c:/st/stm32cubeide_1.8.0/stm32cubeide/plugins/com.st.stm32cube.ide.mcu.externaltools.gnu-tools-for-stm32.9-2020-q2-update.win32_2.0.0.202105311346/tools/bin/../lib/gcc/arm-none-eabi/9.3.1/../../../../arm-none-eabi/lib/thumb/v7e-m+dp/hard\libm.a(lib_a-math_err.o)
                0x000000000800b1d6                __math_check_uflow
 .text.__math_check_oflow
                0x000000000800b1e8       0x28 c:/st/stm32cubeide_1.8.0/stm32cubeide/plugins/com.st.stm32cube.ide.mcu.externaltools.gnu-tools-for-stm32.9-2020-q2-update.win32_2.0.0.202105311346/tools/bin/../lib/gcc/arm-none-eabi/9.3.1/../../../../arm-none-eabi/lib/thumb/v7e-m+dp/hard\libm.a(lib_a-math_err.o)
                0x000000000800b1e8                __math_check_oflow
 .text.expm1    0x000000000800b210      0x2b8 c:/st/stm32cubeide_1.8.0/stm32cubeide/plugins/com.st.stm32cube.ide.mcu.externaltools.gnu-tools-for-stm32.9-2020-q2-update.win32_2.0.0.202105311346/tools/bin/../lib/gcc/arm-none-eabi/9.3.1/../../../../arm-none-eabi/lib/thumb/v7e-m+dp/hard\libm.a(lib_a-s_expm1.o)
                0x000000000800b210                expm1
 .text.floor    0x000000000800b4c8       0xe8 c:/st/stm32cubeide_1.8.0/stm32cubeide/plugins/com.st.stm32cube.ide.mcu.externaltools.gnu-tools-for-stm32.9-2020-q2-update.win32_2.0.0.202105311346/tools/bin/../lib/gcc/arm-none-eabi/9.3.1/../../../../arm-none-eabi/lib/thumb/v7e-m+dp/hard\libm.a(lib_a-s_floor.o)
                0x000000000800b4c8                floor
 .text.scalbn   0x000000000800b5b0      0x124 c:/st/stm32cubeide_1.8.0/stm32cubeide/plugins/com.st.stm32cube.ide.mcu.externaltools.gnu-tools-for-stm32.9-2020-q2-update.win32_2.0.0.202105311346/tools/bin/../lib/gcc/arm-none-eabi/9.3.1/../../../../arm-none-eabi/lib/thumb/v7e-m+dp/hard\libm.a(lib_a-s_scalbn.o)
                0x000000000800b5b0                scalbn
 *(.glue_7)
 .glue_7        0x000000000800b6d4        0x0 linker stubs
 *(.glue_7t)
 .glue_7t       0x000000000800b6d4        0x0 linker stubs
 *(.eh_frame)
 .eh_frame      0x000000000800b6d4        0x0 c:/st/stm32cubeide_1.8.0/stm32cubeide/plugins/com.st.stm32cube.ide.mcu.externaltools.gnu-tools-for-stm32.9-2020-q2-update.win32_2.0.0.202105311346/tools/bin/../lib/gcc/arm-none-eabi/9.3.1/thumb/v7e-m+dp/hard/crtbegin.o
 *(.init)
 .init          0x000000000800b6d4        0x4 c:/st/stm32cubeide_1.8.0/stm32cubeide/plugins/com.st.stm32cube.ide.mcu.externaltools.gnu-tools-for-stm32.9-2020-q2-update.win32_2.0.0.202105311346/tools/bin/../lib/gcc/arm-none-eabi/9.3.1/thumb/v7e-m+dp/hard/crti.o
                0x000000000800b6d4                _init
 .init          0x000000000800b6d8        0x8 c:/st/stm32cubeide_1.8.0/stm32cubeide/plugins/com.st.stm32cube.ide.mcu.externaltools.gnu-tools-for-stm32.9-2020-q2-update.win32_2.0.0.202105311346/tools/bin/../lib/gcc/arm-none-eabi/9.3.1/thumb/v7e-m+dp/hard/crtn.o
 *(.fini)
 .fini          0x000000000800b6e0        0x4 c:/st/stm32cubeide_1.8.0/stm32cubeide/plugins/com.st.stm32cube.ide.mcu.externaltools.gnu-tools-for-stm32.9-2020-q2-update.win32_2.0.0.202105311346/tools/bin/../lib/gcc/arm-none-eabi/9.3.1/thumb/v7e-m+dp/hard/crti.o
                0x000000000800b6e0                _fini
 .fini          0x000000000800b6e4        0x8 c:/st/stm32cubeide_1.8.0/stm32cubeide/plugins/com.st.stm32cube.ide.mcu.externaltools.gnu-tools-for-stm32.9-2020-q2-update.win32_2.0.0.202105311346/tools/bin/../lib/gcc/arm-none-eabi/9.3.1/thumb/v7e-m+dp/hard/crtn.o
                0x000000000800b6ec                . = ALIGN (0x4)
                0x000000000800b6ec                _etext = .

.vfp11_veneer   0x000000000800b6ec        0x0
 .vfp11_veneer  0x000000000800b6ec        0x0 linker stubs

.v4_bx          0x000000000800b6ec        0x0
 .v4_bx         0x000000000800b6ec        0x0 linker stubs

.iplt           0x000000000800b6ec        0x0
 .iplt          0x000000000800b6ec        0x0 c:/st/stm32cubeide_1.8.0/stm32cubeide/plugins/com.st.stm32cube.ide.mcu.externaltools.gnu-tools-for-stm32.9-2020-q2-update.win32_2.0.0.202105311346/tools/bin/../lib/gcc/arm-none-eabi/9.3.1/thumb/v7e-m+dp/hard/crtbegin.o

.rodata         0x000000000800b6f0     0x1c50
                0x000000000800b6f0                . = ALIGN (0x4)
 *(.rodata)
 .rodata        0x000000000800b6f0       0x4c ./Drivers/STM32H7xx_HAL_Driver/Src/stm32h7xx_hal_fdcan.o
 .rodata        0x000000000800b73c       0x18 ./WISL_WIDM/Drivers/IOIF/IOIF_I2C/Src/ioif_3axis_imu.o
 .rodata        0x000000000800b754       0x18 ./WISL_WIDM/Drivers/IOIF/IOIF_I2C/Src/ioif_6axis_imu.o
 .rodata        0x000000000800b76c       0x51 ./WISL_WIDM/Framework/Apps/msg_hdlr_task/msg_data_object.o
 *(.rodata*)
 *fill*         0x000000000800b7bd        0x3 
 .rodata.D1CorePrescTable
                0x000000000800b7c0       0x10 ./Core/Src/system_stm32h7xx.o
                0x000000000800b7c0                D1CorePrescTable
 .rodata.DLCtoBytes
                0x000000000800b7d0       0x10 ./Drivers/STM32H7xx_HAL_Driver/Src/stm32h7xx_hal_fdcan.o
 .rodata.__sf_fake_stderr
                0x000000000800b7e0       0x20 c:/st/stm32cubeide_1.8.0/stm32cubeide/plugins/com.st.stm32cube.ide.mcu.externaltools.gnu-tools-for-stm32.9-2020-q2-update.win32_2.0.0.202105311346/tools/bin/../lib/gcc/arm-none-eabi/9.3.1/../../../../arm-none-eabi/lib/thumb/v7e-m+dp/hard\libc_nano.a(lib_a-findfp.o)
                0x000000000800b7e0                __sf_fake_stderr
 .rodata.__sf_fake_stdin
                0x000000000800b800       0x20 c:/st/stm32cubeide_1.8.0/stm32cubeide/plugins/com.st.stm32cube.ide.mcu.externaltools.gnu-tools-for-stm32.9-2020-q2-update.win32_2.0.0.202105311346/tools/bin/../lib/gcc/arm-none-eabi/9.3.1/../../../../arm-none-eabi/lib/thumb/v7e-m+dp/hard\libc_nano.a(lib_a-findfp.o)
                0x000000000800b800                __sf_fake_stdin
 .rodata.__sf_fake_stdout
                0x000000000800b820       0x20 c:/st/stm32cubeide_1.8.0/stm32cubeide/plugins/com.st.stm32cube.ide.mcu.externaltools.gnu-tools-for-stm32.9-2020-q2-update.win32_2.0.0.202105311346/tools/bin/../lib/gcc/arm-none-eabi/9.3.1/../../../../arm-none-eabi/lib/thumb/v7e-m+dp/hard\libc_nano.a(lib_a-findfp.o)
                0x000000000800b820                __sf_fake_stdout
 .rodata.__pow_log_data
                0x000000000800b840     0x1048 c:/st/stm32cubeide_1.8.0/stm32cubeide/plugins/com.st.stm32cube.ide.mcu.externaltools.gnu-tools-for-stm32.9-2020-q2-update.win32_2.0.0.202105311346/tools/bin/../lib/gcc/arm-none-eabi/9.3.1/../../../../arm-none-eabi/lib/thumb/v7e-m+dp/hard\libm.a(lib_a-pow_log_data.o)
                0x000000000800b840                __pow_log_data
 .rodata.atanhi
                0x000000000800c888       0x20 c:/st/stm32cubeide_1.8.0/stm32cubeide/plugins/com.st.stm32cube.ide.mcu.externaltools.gnu-tools-for-stm32.9-2020-q2-update.win32_2.0.0.202105311346/tools/bin/../lib/gcc/arm-none-eabi/9.3.1/../../../../arm-none-eabi/lib/thumb/v7e-m+dp/hard\libm.a(lib_a-s_atan.o)
 .rodata.atanlo
                0x000000000800c8a8       0x20 c:/st/stm32cubeide_1.8.0/stm32cubeide/plugins/com.st.stm32cube.ide.mcu.externaltools.gnu-tools-for-stm32.9-2020-q2-update.win32_2.0.0.202105311346/tools/bin/../lib/gcc/arm-none-eabi/9.3.1/../../../../arm-none-eabi/lib/thumb/v7e-m+dp/hard\libm.a(lib_a-s_atan.o)
 .rodata.CSWTCH.8
                0x000000000800c8c8       0x18 c:/st/stm32cubeide_1.8.0/stm32cubeide/plugins/com.st.stm32cube.ide.mcu.externaltools.gnu-tools-for-stm32.9-2020-q2-update.win32_2.0.0.202105311346/tools/bin/../lib/gcc/arm-none-eabi/9.3.1/../../../../arm-none-eabi/lib/thumb/v7e-m+dp/hard\libm.a(lib_a-e_atan2.o)
 .rodata.CSWTCH.9
                0x000000000800c8e0       0x18 c:/st/stm32cubeide_1.8.0/stm32cubeide/plugins/com.st.stm32cube.ide.mcu.externaltools.gnu-tools-for-stm32.9-2020-q2-update.win32_2.0.0.202105311346/tools/bin/../lib/gcc/arm-none-eabi/9.3.1/../../../../arm-none-eabi/lib/thumb/v7e-m+dp/hard\libm.a(lib_a-e_atan2.o)
 .rodata.npio2_hw
                0x000000000800c8f8       0x80 c:/st/stm32cubeide_1.8.0/stm32cubeide/plugins/com.st.stm32cube.ide.mcu.externaltools.gnu-tools-for-stm32.9-2020-q2-update.win32_2.0.0.202105311346/tools/bin/../lib/gcc/arm-none-eabi/9.3.1/../../../../arm-none-eabi/lib/thumb/v7e-m+dp/hard\libm.a(lib_a-e_rem_pio2.o)
 .rodata.two_over_pi
                0x000000000800c978      0x108 c:/st/stm32cubeide_1.8.0/stm32cubeide/plugins/com.st.stm32cube.ide.mcu.externaltools.gnu-tools-for-stm32.9-2020-q2-update.win32_2.0.0.202105311346/tools/bin/../lib/gcc/arm-none-eabi/9.3.1/../../../../arm-none-eabi/lib/thumb/v7e-m+dp/hard\libm.a(lib_a-e_rem_pio2.o)
 .rodata.__exp_data
                0x000000000800ca80      0x870 c:/st/stm32cubeide_1.8.0/stm32cubeide/plugins/com.st.stm32cube.ide.mcu.externaltools.gnu-tools-for-stm32.9-2020-q2-update.win32_2.0.0.202105311346/tools/bin/../lib/gcc/arm-none-eabi/9.3.1/../../../../arm-none-eabi/lib/thumb/v7e-m+dp/hard\libm.a(lib_a-exp_data.o)
                0x000000000800ca80                __exp_data
 .rodata.PIo2   0x000000000800d2f0       0x40 c:/st/stm32cubeide_1.8.0/stm32cubeide/plugins/com.st.stm32cube.ide.mcu.externaltools.gnu-tools-for-stm32.9-2020-q2-update.win32_2.0.0.202105311346/tools/bin/../lib/gcc/arm-none-eabi/9.3.1/../../../../arm-none-eabi/lib/thumb/v7e-m+dp/hard\libm.a(lib_a-k_rem_pio2.o)
 .rodata.init_jk
                0x000000000800d330       0x10 c:/st/stm32cubeide_1.8.0/stm32cubeide/plugins/com.st.stm32cube.ide.mcu.externaltools.gnu-tools-for-stm32.9-2020-q2-update.win32_2.0.0.202105311346/tools/bin/../lib/gcc/arm-none-eabi/9.3.1/../../../../arm-none-eabi/lib/thumb/v7e-m+dp/hard\libm.a(lib_a-k_rem_pio2.o)
                0x000000000800d340                . = ALIGN (0x4)

.rel.dyn        0x000000000800d340        0x0
 .rel.iplt      0x000000000800d340        0x0 c:/st/stm32cubeide_1.8.0/stm32cubeide/plugins/com.st.stm32cube.ide.mcu.externaltools.gnu-tools-for-stm32.9-2020-q2-update.win32_2.0.0.202105311346/tools/bin/../lib/gcc/arm-none-eabi/9.3.1/thumb/v7e-m+dp/hard/crtbegin.o

.ARM.extab
 *(.ARM.extab* .gnu.linkonce.armextab.*)

.ARM            0x000000000800d340        0x0
                0x000000000800d340                __exidx_start = .
 *(.ARM.exidx*)
                0x000000000800d340                __exidx_end = .

.preinit_array  0x000000000800d340        0x0
                0x000000000800d340                PROVIDE (__preinit_array_start = .)
 *(.preinit_array*)
                0x000000000800d340                PROVIDE (__preinit_array_end = .)

.init_array     0x000000000800d340        0x4
                0x000000000800d340                PROVIDE (__init_array_start = .)
 *(SORT_BY_NAME(.init_array.*))
 *(.init_array*)
 .init_array    0x000000000800d340        0x4 c:/st/stm32cubeide_1.8.0/stm32cubeide/plugins/com.st.stm32cube.ide.mcu.externaltools.gnu-tools-for-stm32.9-2020-q2-update.win32_2.0.0.202105311346/tools/bin/../lib/gcc/arm-none-eabi/9.3.1/thumb/v7e-m+dp/hard/crtbegin.o
                0x000000000800d344                PROVIDE (__init_array_end = .)

.fini_array     0x000000000800d344        0x4
                [!provide]                        PROVIDE (__fini_array_start = .)
 *(SORT_BY_NAME(.fini_array.*))
 *(.fini_array*)
 .fini_array    0x000000000800d344        0x4 c:/st/stm32cubeide_1.8.0/stm32cubeide/plugins/com.st.stm32cube.ide.mcu.externaltools.gnu-tools-for-stm32.9-2020-q2-update.win32_2.0.0.202105311346/tools/bin/../lib/gcc/arm-none-eabi/9.3.1/thumb/v7e-m+dp/hard/crtbegin.o
                [!provide]                        PROVIDE (__fini_array_end = .)
                0x000000000800d348                _sidata = LOADADDR (.data)

.data           0x0000000024000000       0x78 load address 0x000000000800d348
                0x0000000024000000                . = ALIGN (0x4)
                0x0000000024000000                _sdata = .
 *(.data)
 *(.data*)
 .data.SystemCoreClock
                0x0000000024000000        0x4 ./Core/Src/system_stm32h7xx.o
                0x0000000024000000                SystemCoreClock
 .data.SystemD2Clock
                0x0000000024000004        0x4 ./Core/Src/system_stm32h7xx.o
                0x0000000024000004                SystemD2Clock
 .data.uwTickPrio
                0x0000000024000008        0x4 ./Drivers/STM32H7xx_HAL_Driver/Src/stm32h7xx_hal.o
                0x0000000024000008                uwTickPrio
 .data.uwTickFreq
                0x000000002400000c        0x1 ./Drivers/STM32H7xx_HAL_Driver/Src/stm32h7xx_hal.o
                0x000000002400000c                uwTickFreq
 *fill*         0x000000002400000d        0x3 
 .data._impure_ptr
                0x0000000024000010        0x4 c:/st/stm32cubeide_1.8.0/stm32cubeide/plugins/com.st.stm32cube.ide.mcu.externaltools.gnu-tools-for-stm32.9-2020-q2-update.win32_2.0.0.202105311346/tools/bin/../lib/gcc/arm-none-eabi/9.3.1/../../../../arm-none-eabi/lib/thumb/v7e-m+dp/hard\libc_nano.a(lib_a-impure.o)
                0x0000000024000010                _impure_ptr
 .data.impure_data
                0x0000000024000014       0x60 c:/st/stm32cubeide_1.8.0/stm32cubeide/plugins/com.st.stm32cube.ide.mcu.externaltools.gnu-tools-for-stm32.9-2020-q2-update.win32_2.0.0.202105311346/tools/bin/../lib/gcc/arm-none-eabi/9.3.1/../../../../arm-none-eabi/lib/thumb/v7e-m+dp/hard\libc_nano.a(lib_a-impure.o)
 .data.__fdlib_version
                0x0000000024000074        0x1 c:/st/stm32cubeide_1.8.0/stm32cubeide/plugins/com.st.stm32cube.ide.mcu.externaltools.gnu-tools-for-stm32.9-2020-q2-update.win32_2.0.0.202105311346/tools/bin/../lib/gcc/arm-none-eabi/9.3.1/../../../../arm-none-eabi/lib/thumb/v7e-m+dp/hard\libm.a(lib_a-s_lib_ver.o)
                0x0000000024000074                __fdlib_version
 *(.RamFunc)
 *(.RamFunc*)
                0x0000000024000078                . = ALIGN (0x4)
 *fill*         0x0000000024000075        0x3 
                0x0000000024000078                _edata = .

.igot.plt       0x0000000024000078        0x0 load address 0x000000000800d3c0
 .igot.plt      0x0000000024000078        0x0 c:/st/stm32cubeide_1.8.0/stm32cubeide/plugins/com.st.stm32cube.ide.mcu.externaltools.gnu-tools-for-stm32.9-2020-q2-update.win32_2.0.0.202105311346/tools/bin/../lib/gcc/arm-none-eabi/9.3.1/thumb/v7e-m+dp/hard/crtbegin.o
                0x0000000024000078                . = ALIGN (0x4)

.bss            0x0000000024000078     0xd554 load address 0x000000000800d3c0
                0x0000000024000078                _sbss = .
                0x0000000024000078                __bss_start__ = _sbss
 *(.bss)
 .bss           0x0000000024000078       0x1c c:/st/stm32cubeide_1.8.0/stm32cubeide/plugins/com.st.stm32cube.ide.mcu.externaltools.gnu-tools-for-stm32.9-2020-q2-update.win32_2.0.0.202105311346/tools/bin/../lib/gcc/arm-none-eabi/9.3.1/thumb/v7e-m+dp/hard/crtbegin.o
 *(.bss*)
 .bss.__sbrk_heap_end
                0x0000000024000094        0x4 ./Core/Src/sysmem.o
 .bss.t_res.6052
                0x0000000024000098        0x1 ./WISL_WIDM/Drivers/BSP/BM1422AGMV/Src/bsp_bm1422agmv.o
 .bss.t_res.6055
                0x0000000024000099        0x1 ./WISL_WIDM/Drivers/BSP/ICM20608G/Src/bsp_icm20608G.o
 *fill*         0x000000002400009a        0x2 
 .bss.__malloc_free_list
                0x000000002400009c        0x4 c:/st/stm32cubeide_1.8.0/stm32cubeide/plugins/com.st.stm32cube.ide.mcu.externaltools.gnu-tools-for-stm32.9-2020-q2-update.win32_2.0.0.202105311346/tools/bin/../lib/gcc/arm-none-eabi/9.3.1/../../../../arm-none-eabi/lib/thumb/v7e-m+dp/hard\libc_nano.a(lib_a-nano-mallocr.o)
                0x000000002400009c                __malloc_free_list
 .bss.__malloc_sbrk_start
                0x00000000240000a0        0x4 c:/st/stm32cubeide_1.8.0/stm32cubeide/plugins/com.st.stm32cube.ide.mcu.externaltools.gnu-tools-for-stm32.9-2020-q2-update.win32_2.0.0.202105311346/tools/bin/../lib/gcc/arm-none-eabi/9.3.1/../../../../arm-none-eabi/lib/thumb/v7e-m+dp/hard\libc_nano.a(lib_a-nano-mallocr.o)
                0x00000000240000a0                __malloc_sbrk_start
 *(COMMON)
 COMMON         0x00000000240000a4       0xa0 ./Core/Src/fdcan.o
                0x00000000240000a4                hfdcan1
 COMMON         0x0000000024000144       0x98 ./Core/Src/i2c.o
                0x0000000024000144                hi2c3
                0x0000000024000190                hi2c1
 COMMON         0x00000000240001dc     0xd318 ./Core/Src/main.o
                0x00000000240001dc                SDO_Table
                0x0000000024000344                comm_loop_cnt
                0x0000000024000348                ioif_tim13_callback_ptr
                0x000000002400034c                ioif_tim1_callback_ptr
                0x0000000024000350                ioif_tim6_callback_ptr
                0x0000000024000354                ioif_tim14_callback_ptr
                0x0000000024000358                sdo_req_list
                0x000000002400035c                RxData2
                0x000000002400039c                s_current_ref
                0x00000000240003ac                sync_mode_onoff
                0x00000000240003b0                pdo_send_list
                0x00000000240003b4                msg_dods
                0x00000000240030e4                msg_hdlr_loop_cnt
                0x00000000240030e8                fdcanTxData
                0x0000000024003128                sdo_res_list
                0x000000002400312c                rpy
                0x0000000024003138                ioif_tim2_callback_ptr
                0x000000002400313c                ioif_tim17_callback_ptr
                0x0000000024003140                ioif_tim16_callback_ptr
                0x0000000024003144                bm1422agmv_obj
                0x000000002400316c                hi2c2
                0x00000000240031b8                Msg_Hdlr_Error_Type
                0x00000000240031bc                ioif_ext_gpio1_callback_ptr
                0x00000000240031c0                ioif_ext_gpio9_callback_ptr
                0x00000000240031c4                walking
                0x00000000240031c8                th_params
                0x00000000240031d8                msg_time_elapsed
                0x00000000240031dc                trajectory_buffer
                0x000000002400ce20                node_id
                0x000000002400ce24                msg_hdlr_task
                0x000000002400ceec                GUI_command
                0x000000002400ceed                test_cmd_1
                0x000000002400cef0                ioif_ext_gpio3_callback_ptr
                0x000000002400cef4                ioif_tim3_callback_ptr
                0x000000002400cef8                fnc_code
                0x000000002400cefc                thigh_angle_tvcf_demo
                0x000000002400cf00                ioif_tim9_callback_ptr
                0x000000002400cf04                ioif_ext_gpio8_callback_ptr
                0x000000002400cf08                ioif_ext_gpio5_callback_ptr
                0x000000002400cf0c                fuzzy_params
                0x000000002400cf38                ioif_ext_gpio4_callback_ptr
                0x000000002400cf3c                ioif_tim5_callback_ptr
                0x000000002400cf40                MS_enum
                0x000000002400cf44                err_code
                0x000000002400cf48                GUI_onoff
                0x000000002400cf4c                assist_params
                0x000000002400cf88                fdcan_rx_callback_ptr
                0x000000002400cf8c                fdcan2_obj
                0x000000002400d008                ioif_ext_gpio2_callback_ptr
                0x000000002400d00c                thigh_angle_params
                0x000000002400d054                ioif_tim11_callback_ptr
                0x000000002400d058                ioif_tim4_callback_ptr
                0x000000002400d05c                usbRxData
                0x000000002400d09c                ioif_tim10_callback_ptr
                0x000000002400d0a0                ioif_ext_gpio10_callback_ptr
                0x000000002400d0a4                ori_node
                0x000000002400d0a8                ioif_tim8_callback_ptr
                0x000000002400d0ac                s_position_ref
                0x000000002400d0bc                gait_params
                0x000000002400d0c8                Imu_Ctrl_Error_Type
                0x000000002400d0cc                acc_gyro_data
                0x000000002400d0e4                ioif_tim12_callback_ptr
                0x000000002400d0e8                sensor_params
                0x000000002400d130                icm20608_obj
                0x000000002400d164                fdcan1_obj
                0x000000002400d1e0                ioif_tim15_callback_ptr
                0x000000002400d1e4                attach_plane
                0x000000002400d1e8                PDO_Table
                0x000000002400d350                comm_type
                0x000000002400d354                fdcanRxData
                0x000000002400d394                MSG_time_elapsed
                0x000000002400d398                RxData1
                0x000000002400d3d8                mag_data
                0x000000002400d3e4                test_cmd
                0x000000002400d3e8                wc_test
                0x000000002400d3ec                ioif_ext_gpio6_callback_ptr
                0x000000002400d3f0                norm_params
                0x000000002400d424                ioif_ext_gpio7_callback_ptr
                0x000000002400d428                ioif_tim7_callback_ptr
                0x000000002400d42c                imu_ctrl_task
 COMMON         0x000000002400d4f4       0x98 ./Core/Src/tim.o
                0x000000002400d4f4                htim3
                0x000000002400d540                htim6
 COMMON         0x000000002400d58c        0x4 ./Drivers/STM32H7xx_HAL_Driver/Src/stm32h7xx_hal.o
                0x000000002400d58c                uwTick
 COMMON         0x000000002400d590       0x2c ./WISL_WIDM/Drivers/IOIF/IOIF_I2C/Src/ioif_i2c_func.o
                0x000000002400d590                i2c1_tx_buff
                0x000000002400d591                i2c3_tx_buff
                0x000000002400d594                i2c1_rx_buff
                0x000000002400d5a8                i2c3_rx_buff
 COMMON         0x000000002400d5bc        0x9 c:/st/stm32cubeide_1.8.0/stm32cubeide/plugins/com.st.stm32cube.ide.mcu.externaltools.gnu-tools-for-stm32.9-2020-q2-update.win32_2.0.0.202105311346/tools/bin/../lib/gcc/arm-none-eabi/9.3.1/../../../../arm-none-eabi/lib/thumb/v7e-m+dp/hard\libc_nano.a(lib_a-lock.o)
                0x000000002400d5bc                __lock___atexit_recursive_mutex
                0x000000002400d5bd                __lock___arc4random_mutex
                0x000000002400d5be                __lock___env_recursive_mutex
                0x000000002400d5bf                __lock___sinit_recursive_mutex
                0x000000002400d5c0                __lock___malloc_recursive_mutex
                0x000000002400d5c1                __lock___at_quick_exit_mutex
                0x000000002400d5c2                __lock___dd_hash_mutex
                0x000000002400d5c3                __lock___tz_mutex
                0x000000002400d5c4                __lock___sfp_recursive_mutex
 *fill*         0x000000002400d5c5        0x3 
 COMMON         0x000000002400d5c8        0x4 c:/st/stm32cubeide_1.8.0/stm32cubeide/plugins/com.st.stm32cube.ide.mcu.externaltools.gnu-tools-for-stm32.9-2020-q2-update.win32_2.0.0.202105311346/tools/bin/../lib/gcc/arm-none-eabi/9.3.1/../../../../arm-none-eabi/lib/thumb/v7e-m+dp/hard\libc_nano.a(lib_a-reent.o)
                0x000000002400d5c8                errno
                0x000000002400d5cc                . = ALIGN (0x4)
                0x000000002400d5cc                _ebss = .
                0x000000002400d5cc                __bss_end__ = _ebss

._user_heap_stack
                0x000000002400d5cc      0x604 load address 0x000000000800d3c0
                0x000000002400d5d0                . = ALIGN (0x8)
 *fill*         0x000000002400d5cc        0x4 
                [!provide]                        PROVIDE (end = .)
                0x000000002400d5d0                PROVIDE (_end = .)
                0x000000002400d7d0                . = (. + _Min_Heap_Size)
 *fill*         0x000000002400d5d0      0x200 
                0x000000002400dbd0                . = (. + _Min_Stack_Size)
 *fill*         0x000000002400d7d0      0x400 
                0x000000002400dbd0                . = ALIGN (0x8)

/DISCARD/
 libc.a(*)
 libm.a(*)
 libgcc.a(*)

.ARM.attributes
                0x0000000000000000       0x2e
 *(.ARM.attributes)
 .ARM.attributes
                0x0000000000000000       0x1e c:/st/stm32cubeide_1.8.0/stm32cubeide/plugins/com.st.stm32cube.ide.mcu.externaltools.gnu-tools-for-stm32.9-2020-q2-update.win32_2.0.0.202105311346/tools/bin/../lib/gcc/arm-none-eabi/9.3.1/thumb/v7e-m+dp/hard/crti.o
 .ARM.attributes
                0x000000000000001e       0x32 c:/st/stm32cubeide_1.8.0/stm32cubeide/plugins/com.st.stm32cube.ide.mcu.externaltools.gnu-tools-for-stm32.9-2020-q2-update.win32_2.0.0.202105311346/tools/bin/../lib/gcc/arm-none-eabi/9.3.1/thumb/v7e-m+dp/hard/crtbegin.o
 .ARM.attributes
                0x0000000000000050       0x32 ./Core/Src/fdcan.o
 .ARM.attributes
                0x0000000000000082       0x32 ./Core/Src/gpio.o
 .ARM.attributes
                0x00000000000000b4       0x32 ./Core/Src/i2c.o
 .ARM.attributes
                0x00000000000000e6       0x32 ./Core/Src/main.o
 .ARM.attributes
                0x0000000000000118       0x32 ./Core/Src/stm32h7xx_hal_msp.o
 .ARM.attributes
                0x000000000000014a       0x32 ./Core/Src/stm32h7xx_it.o
 .ARM.attributes
                0x000000000000017c       0x32 ./Core/Src/sysmem.o
 .ARM.attributes
                0x00000000000001ae       0x32 ./Core/Src/system_stm32h7xx.o
 .ARM.attributes
                0x00000000000001e0       0x32 ./Core/Src/tim.o
 .ARM.attributes
                0x0000000000000212       0x21 ./Core/Startup/startup_stm32h750vbtx.o
 .ARM.attributes
                0x0000000000000233       0x32 ./Drivers/STM32H7xx_HAL_Driver/Src/stm32h7xx_hal.o
 .ARM.attributes
                0x0000000000000265       0x32 ./Drivers/STM32H7xx_HAL_Driver/Src/stm32h7xx_hal_cortex.o
 .ARM.attributes
                0x0000000000000297       0x32 ./Drivers/STM32H7xx_HAL_Driver/Src/stm32h7xx_hal_fdcan.o
 .ARM.attributes
                0x00000000000002c9       0x32 ./Drivers/STM32H7xx_HAL_Driver/Src/stm32h7xx_hal_gpio.o
 .ARM.attributes
                0x00000000000002fb       0x32 ./Drivers/STM32H7xx_HAL_Driver/Src/stm32h7xx_hal_i2c.o
 .ARM.attributes
                0x000000000000032d       0x32 ./Drivers/STM32H7xx_HAL_Driver/Src/stm32h7xx_hal_i2c_ex.o
 .ARM.attributes
                0x000000000000035f       0x32 ./Drivers/STM32H7xx_HAL_Driver/Src/stm32h7xx_hal_pwr_ex.o
 .ARM.attributes
                0x0000000000000391       0x32 ./Drivers/STM32H7xx_HAL_Driver/Src/stm32h7xx_hal_rcc.o
 .ARM.attributes
                0x00000000000003c3       0x32 ./Drivers/STM32H7xx_HAL_Driver/Src/stm32h7xx_hal_rcc_ex.o
 .ARM.attributes
                0x00000000000003f5       0x32 ./Drivers/STM32H7xx_HAL_Driver/Src/stm32h7xx_hal_tim.o
 .ARM.attributes
                0x0000000000000427       0x32 ./Drivers/STM32H7xx_HAL_Driver/Src/stm32h7xx_hal_tim_ex.o
 .ARM.attributes
                0x0000000000000459       0x32 ./WISL_WIDM/Drivers/BSP/BM1422AGMV/Src/bsp_bm1422agmv.o
 .ARM.attributes
                0x000000000000048b       0x32 ./WISL_WIDM/Drivers/BSP/BumbleBee/object_dictionaries.o
 .ARM.attributes
                0x00000000000004bd       0x32 ./WISL_WIDM/Drivers/BSP/ICM20608G/Src/bsp_icm20608G.o
 .ARM.attributes
                0x00000000000004ef       0x32 ./WISL_WIDM/Drivers/IOIF/IOIF_I2C/Src/ioif_3axis_imu.o
 .ARM.attributes
                0x0000000000000521       0x32 ./WISL_WIDM/Drivers/IOIF/IOIF_I2C/Src/ioif_6axis_imu.o
 .ARM.attributes
                0x0000000000000553       0x32 ./WISL_WIDM/Drivers/IOIF/IOIF_I2C/Src/ioif_i2c_func.o
 .ARM.attributes
                0x0000000000000585       0x32 ./WISL_WIDM/Drivers/IOIF/Src/ioif_fdcan.o
 .ARM.attributes
                0x00000000000005b7       0x32 ./WISL_WIDM/Drivers/IOIF/Src/ioif_tim.o
 .ARM.attributes