../WISL_WIDM/Framework/Apps/imu_ctrl_task/imu_ctrl_task.c:49:13:Reset_Parameters	344	static
../WISL_WIDM/Framework/Apps/imu_ctrl_task/imu_ctrl_task.c:67:13:Set_Initial_Angle_Values	24	static
../WISL_WIDM/Framework/Apps/imu_ctrl_task/imu_ctrl_task.c:81:13:Calculate_Initial_Thigh_Angle	40	static
../WISL_WIDM/Framework/Apps/imu_ctrl_task/imu_ctrl_task.c:117:13:Run_Complementary_Filter	32	static
../WISL_WIDM/Framework/Apps/imu_ctrl_task/imu_ctrl_task.c:128:13:Run_Normalization_And_Get_Gait_Phase	24	static
../WISL_WIDM/Framework/Apps/imu_ctrl_task/imu_ctrl_task.c:144:13:Reduce_Noise_In_Sensor_Data	32	static
../WISL_WIDM/Framework/Apps/imu_ctrl_task/imu_ctrl_task.c:189:14:Compute_Phase_Radius	32	static
../WISL_WIDM/Framework/Apps/imu_ctrl_task/imu_ctrl_task.c:204:13:Update_Walking_State	24	static
../WISL_WIDM/Framework/Apps/imu_ctrl_task/imu_ctrl_task.c:239:13:Check_Walking_State	40	static
../WISL_WIDM/Framework/Apps/imu_ctrl_task/imu_ctrl_task.c:264:13:Setting_Assist_Time	24	static
../WISL_WIDM/Framework/Apps/imu_ctrl_task/imu_ctrl_task.c:273:13:Update_IMU_Raw_Value	24	static
../WISL_WIDM/Framework/Apps/imu_ctrl_task/imu_ctrl_task.c:320:12:Run_Total_function	24	static
../WISL_WIDM/Framework/Apps/imu_ctrl_task/imu_ctrl_task.c:366:1:Get_State_Callback	16	static
../WISL_WIDM/Framework/Apps/imu_ctrl_task/imu_ctrl_task.c:366:1:Set_State_Callback	24	static
../WISL_WIDM/Framework/Apps/imu_ctrl_task/imu_ctrl_task.c:366:1:Get_Routine_Callback	24	static
../WISL_WIDM/Framework/Apps/imu_ctrl_task/imu_ctrl_task.c:366:1:Set_Routine_Callback	24	static
../WISL_WIDM/Framework/Apps/imu_ctrl_task/imu_ctrl_task.c:375:13:StateOff_Run	8	static
../WISL_WIDM/Framework/Apps/imu_ctrl_task/imu_ctrl_task.c:396:13:StateStandby_Run	8	static
../WISL_WIDM/Framework/Apps/imu_ctrl_task/imu_ctrl_task.c:401:13:StateEnable_Ent	4	static
../WISL_WIDM/Framework/Apps/imu_ctrl_task/imu_ctrl_task.c:406:13:StateEnable_Run	8	static
../WISL_WIDM/Framework/Apps/imu_ctrl_task/imu_ctrl_task.c:411:13:StateEnable_Ext	4	static
../WISL_WIDM/Framework/Apps/imu_ctrl_task/imu_ctrl_task.c:416:13:StateError_Run	4	static
../WISL_WIDM/Framework/Apps/imu_ctrl_task/imu_ctrl_task.c:421:13:Initial_ICM	16	static
../WISL_WIDM/Framework/Apps/imu_ctrl_task/imu_ctrl_task.c:434:6:Init_Imu_Ctrl	88	static
../WISL_WIDM/Framework/Apps/imu_ctrl_task/imu_ctrl_task.c:517:6:Run_Imu_Ctrl	16	static
