imu_ctrl_task.c:20:13:Reset_Parameters	344	static
imu_ctrl_task.c:39:13:Set_Initial_Angle_Values	24	static
imu_ctrl_task.c:53:13:Calculate_Initial_Thigh_Angle	48	static
imu_ctrl_task.c:96:13:Run_Complementary_Filter	32	static
imu_ctrl_task.c:107:13:Run_Normalization_And_Get_Gait_Phase	24	static
imu_ctrl_task.c:123:13:Reduce_Noise_In_Sensor_Data	32	static
imu_ctrl_task.c:168:14:Compute_Phase_Radius	32	static
imu_ctrl_task.c:183:13:Update_Walking_State	24	static
imu_ctrl_task.c:218:13:Check_Walking_State	40	static
imu_ctrl_task.c:243:13:Setting_Assist_Time	24	static
imu_ctrl_task.c:252:13:Update_IMU_Raw_Value	24	static
imu_ctrl_task.c:276:13:Calculate_RPY	32	static
imu_ctrl_task.c:299:12:Run_Total_function	24	static
imu_ctrl_task.c:344:1:Get_State_Callback	16	static
imu_ctrl_task.c:344:1:Set_State_Callback	24	static
imu_ctrl_task.c:344:1:Get_Routine_Callback	24	static
imu_ctrl_task.c:344:1:Set_Routine_Callback	24	static
imu_ctrl_task.c:353:13:StateOff_Run	16	static
imu_ctrl_task.c:366:13:StateStandby_Run	8	static
imu_ctrl_task.c:371:13:StateEnable_Ent	4	static
imu_ctrl_task.c:376:13:StateEnable_Run	8	static
imu_ctrl_task.c:381:13:StateEnable_Ext	4	static
imu_ctrl_task.c:386:13:StateError_Run	4	static
imu_ctrl_task.c:399:6:Init_Imu_Ctrl	88	static
imu_ctrl_task.c:456:6:Run_Imu_Ctrl	16	static
