imu_ctrl_task.c:20:13:Reset_Parameters	344	static
imu_ctrl_task.c:39:13:Set_Initial_Angle_Values	24	static
imu_ctrl_task.c:53:13:Calculate_Initial_Thigh_Angle	48	static
imu_ctrl_task.c:97:13:Run_Complementary_Filter	32	static
imu_ctrl_task.c:108:13:Run_Normalization_And_Get_Gait_Phase	24	static
imu_ctrl_task.c:124:13:Reduce_Noise_In_Sensor_Data	32	static
imu_ctrl_task.c:169:14:Compute_Phase_Radius	32	static
imu_ctrl_task.c:184:13:Update_Walking_State	24	static
imu_ctrl_task.c:219:13:Check_Walking_State	40	static
imu_ctrl_task.c:244:13:Setting_Assist_Time	24	static
imu_ctrl_task.c:253:13:Update_IMU_Raw_Value	24	static
imu_ctrl_task.c:277:13:Calculate_RPY	32	static
imu_ctrl_task.c:300:12:Run_Total_function	24	static
imu_ctrl_task.c:345:1:Get_State_Callback	16	static
imu_ctrl_task.c:345:1:Set_State_Callback	24	static
imu_ctrl_task.c:345:1:Get_Routine_Callback	24	static
imu_ctrl_task.c:345:1:Set_Routine_Callback	24	static
imu_ctrl_task.c:354:13:StateOff_Run	16	static
imu_ctrl_task.c:367:13:StateStandby_Run	8	static
imu_ctrl_task.c:372:13:StateEnable_Ent	4	static
imu_ctrl_task.c:377:13:StateEnable_Run	8	static
imu_ctrl_task.c:382:13:StateEnable_Ext	4	static
imu_ctrl_task.c:387:13:StateError_Run	4	static
imu_ctrl_task.c:400:6:Init_Imu_Ctrl	88	static
imu_ctrl_task.c:462:6:Run_Imu_Ctrl	16	static
