imu_ctrl_task.c:20:13:Reset_Parameters	336	static
imu_ctrl_task.c:37:13:Set_Initial_Angle_Values	24	static
imu_ctrl_task.c:52:13:Calculate_Initial_Thigh_Angle	40	static
imu_ctrl_task.c:87:13:Run_Complementary_Filter	32	static
imu_ctrl_task.c:99:13:Run_Normalization_And_Get_Gait_Phase	24	static
imu_ctrl_task.c:115:13:Reduce_Noise_In_Sensor_Data	32	static
imu_ctrl_task.c:160:14:Compute_Phase_Radius	32	static
imu_ctrl_task.c:175:13:Update_Walking_State	24	static
imu_ctrl_task.c:210:13:Check_Walking_State	40	static
imu_ctrl_task.c:237:13:Setting_Assist_Force_and_Time	16	static
imu_ctrl_task.c:244:13:Setting_Assist_Time	16	static
imu_ctrl_task.c:259:13:Is_Within_Range	24	static
imu_ctrl_task.c:280:13:Set_Trigger	24	static
imu_ctrl_task.c:300:13:Update_IMU_Raw_Value	24	static
imu_ctrl_task.c:329:13:Calculate_RPY	32	static
imu_ctrl_task.c:352:12:Run_Total_function	24	static
imu_ctrl_task.c:398:1:Get_State_Callback	16	static
imu_ctrl_task.c:398:1:Set_State_Callback	24	static
imu_ctrl_task.c:398:1:Get_Routine_Callback	24	static
imu_ctrl_task.c:398:1:Set_Routine_Callback	24	static
imu_ctrl_task.c:407:13:StateOff_Run	16	static
imu_ctrl_task.c:420:13:StateStandby_Run	8	static
imu_ctrl_task.c:425:13:StateEnable_Ent	4	static
imu_ctrl_task.c:430:13:StateEnable_Run	8	static
imu_ctrl_task.c:435:13:StateEnable_Ext	4	static
imu_ctrl_task.c:440:13:StateError_Run	4	static
imu_ctrl_task.c:453:6:Init_Imu_Ctrl	80	static
imu_ctrl_task.c:510:6:Run_Imu_Ctrl	8	static
