widm_calculation.c:15:6:Set_Init_Parameters	24	static
widm_calculation.c:71:6:Save_Previous_Value	24	static
widm_calculation.c:100:7:Calculate_Square_Root_Sum	24	static
widm_calculation.c:105:7:Calculate_Absolute_Value_Float	16	static
widm_calculation.c:110:7:Calculate_Delta	16	static
widm_calculation.c:115:6:Calculate_xbar_Update_mu	40	static
widm_calculation.c:127:6:Generate_Fuzzy_Input	32	static
widm_calculation.c:146:7:Calculate_Fuzzy_Wc	24	static
widm_calculation.c:175:7:Perform_LPF_on_Acc	32	static
widm_calculation.c:184:7:Perform_HPF_on_Gyro	32	static
widm_calculation.c:193:6:Run_TVCF	48	static
widm_calculation.c:243:7:Get_Max_Float	16	static
widm_calculation.c:248:7:Get_Min_Float	16	static
widm_calculation.c:253:6:Set_First_Half_Gait_Phase_Parameters	16	static
widm_calculation.c:271:6:Set_Second_Half_Gait_Phase_Parameters	16	static
widm_calculation.c:285:6:Prepare_for_Circular_Normalization	24	static
widm_calculation.c:299:7:Get_Current_Gait_Phase	24	static
widm_calculation.c:331:13:Calculate_Assist_Force_Timing_Params	24	static
widm_calculation.c:354:6:Set_Assist_Force_Timing_Params	64	static
