../WISL_WIDM/Framework/Apps/imu_ctrl_task/widm_calculation.c:24:6:Set_Init_Parameters	24	static
../WISL_WIDM/Framework/Apps/imu_ctrl_task/widm_calculation.c:79:6:Save_Previous_Value	24	static
../WISL_WIDM/Framework/Apps/imu_ctrl_task/widm_calculation.c:108:7:Calculate_Square_Root_Sum	24	static
../WISL_WIDM/Framework/Apps/imu_ctrl_task/widm_calculation.c:113:7:Calculate_Absolute_Value_Float	16	static
../WISL_WIDM/Framework/Apps/imu_ctrl_task/widm_calculation.c:118:7:Calculate_Delta	16	static
../WISL_WIDM/Framework/Apps/imu_ctrl_task/widm_calculation.c:123:6:Calculate_xbar_Update_mu	40	static
../WISL_WIDM/Framework/Apps/imu_ctrl_task/widm_calculation.c:135:6:Generate_Fuzzy_Input	32	static
../WISL_WIDM/Framework/Apps/imu_ctrl_task/widm_calculation.c:154:7:Calculate_Fuzzy_Wc	24	static
../WISL_WIDM/Framework/Apps/imu_ctrl_task/widm_calculation.c:183:7:Perform_LPF_on_Acc	32	static
../WISL_WIDM/Framework/Apps/imu_ctrl_task/widm_calculation.c:192:7:Perform_HPF_on_Gyro	32	static
../WISL_WIDM/Framework/Apps/imu_ctrl_task/widm_calculation.c:201:6:Run_TVCF	48	static
../WISL_WIDM/Framework/Apps/imu_ctrl_task/widm_calculation.c:240:7:Get_Max_Float	16	static
../WISL_WIDM/Framework/Apps/imu_ctrl_task/widm_calculation.c:245:7:Get_Min_Float	16	static
../WISL_WIDM/Framework/Apps/imu_ctrl_task/widm_calculation.c:250:6:Set_First_Half_Gait_Phase_Parameters	16	static
../WISL_WIDM/Framework/Apps/imu_ctrl_task/widm_calculation.c:268:6:Set_Second_Half_Gait_Phase_Parameters	16	static
../WISL_WIDM/Framework/Apps/imu_ctrl_task/widm_calculation.c:282:6:Prepare_for_Circular_Normalization	24	static
../WISL_WIDM/Framework/Apps/imu_ctrl_task/widm_calculation.c:296:7:Get_Current_Gait_Phase	24	static
../WISL_WIDM/Framework/Apps/imu_ctrl_task/widm_calculation.c:328:13:Calculate_Assist_Force_Timing_Params	24	static
../WISL_WIDM/Framework/Apps/imu_ctrl_task/widm_calculation.c:351:6:Set_Assist_Force_Timing_Params	64	static
../WISL_WIDM/Framework/Apps/imu_ctrl_task/widm_calculation.c:386:7:Get_Angle_Scenario	24	static
