../Core/Src/stm32h7xx_it.c:73:6:NMI_Handler	4	static
../Core/Src/stm32h7xx_it.c:88:6:HardFault_Handler	4	static
../Core/Src/stm32h7xx_it.c:103:6:MemManage_Handler	4	static
../Core/Src/stm32h7xx_it.c:118:6:BusFault_Handler	4	static
../Core/Src/stm32h7xx_it.c:133:6:UsageFault_Handler	4	static
../Core/Src/stm32h7xx_it.c:148:6:SVC_Handler	4	static
../Core/Src/stm32h7xx_it.c:161:6:DebugMon_Handler	4	static
../Core/Src/stm32h7xx_it.c:174:6:PendSV_Handler	4	static
../Core/Src/stm32h7xx_it.c:187:6:SysTick_Handler	8	static
../Core/Src/stm32h7xx_it.c:208:6:RCC_IRQHandler	4	static
../Core/Src/stm32h7xx_it.c:221:6:FDCAN1_IT0_IRQHandler	8	static
../Core/Src/stm32h7xx_it.c:235:6:FDCAN1_IT1_IRQHandler	8	static
../Core/Src/stm32h7xx_it.c:249:6:TIM3_IRQHandler	8	static
../Core/Src/stm32h7xx_it.c:263:6:I2C1_EV_IRQHandler	8	static
../Core/Src/stm32h7xx_it.c:277:6:I2C2_EV_IRQHandler	8	static
../Core/Src/stm32h7xx_it.c:291:6:TIM6_DAC_IRQHandler	8	static
../Core/Src/stm32h7xx_it.c:305:6:FDCAN_CAL_IRQHandler	8	static
