BumbleBee.c:20:17:Get_BumbleBee_PDO_Info	16	static
BumbleBee.c:25:16:Get_BumbleBee_SDO_Info	16	static
BumbleBee.c:30:13:Allocate_BumbleBee_Task	16	static
BumbleBee.c:36:12:Check_BumbleBee_SDO	16	static
BumbleBee.c:66:12:Check_BumbleBee_PDO	16	static
BumbleBee.c:105:9:Create_BumbleBee_SDOUnit	40	static
BumbleBee.c:118:18:Append_BumbleBee_SDO	24	static
BumbleBee.c:150:6:Clear_BumbleBee_SDO	16	static
BumbleBee.c:164:9:Create_BumbleBee_PDOUnit	32	static
BumbleBee.c:175:18:Append_BumbleBee_PDO	32	static
BumbleBee.c:204:6:Clear_BumbleBee_PDO	16	static
BumbleBee.c:220:6:Set_BumbleBee_SDOAddr	24	static
BumbleBee.c:225:7:Get_BumbleBee_SDOAddr	16	static
BumbleBee.c:232:6:Set_BumbleBee_PDOAddr	24	static
BumbleBee.c:237:7:Get_BumbleBee_PDOAddr	16	static
BumbleBee.c:244:6:Set_BumbleBee_RoutineOnOff	16	static
BumbleBee.c:249:30:Get_BumbleBee_RoutineOnOff	16	static
BumbleBee.c:263:12:Read_BumbleBee_SDO	32	static
BumbleBee.c:302:5:Unpack_BumbleBee_SDO	32	static
BumbleBee.c:337:12:Read_BumbleBee_PDO	32	static
BumbleBee.c:356:5:Unpack_BumbleBee_PDO	32	static
BumbleBee.c:389:6:Init_BumbleBee	24	static
