ioif_tim.c:29:5:Start_TIM1	8	static
ioif_tim.c:30:5:Start_TIM2	8	static
ioif_tim.c:31:5:Start_TIM3	8	static
ioif_tim.c:32:5:Start_TIM4	8	static
ioif_tim.c:33:5:Start_TIM5	8	static
ioif_tim.c:34:5:Start_TIM6	8	static
ioif_tim.c:35:5:Start_TIM7	8	static
ioif_tim.c:36:5:Start_TIM8	8	static
ioif_tim.c:37:5:Start_TIM9	8	static
ioif_tim.c:38:5:Start_TIM10	8	static
ioif_tim.c:39:5:Start_TIM11	8	static
ioif_tim.c:40:5:Start_TIM12	8	static
ioif_tim.c:41:5:Start_TIM13	8	static
ioif_tim.c:42:5:Start_TIM14	8	static
ioif_tim.c:43:5:Start_TIM15	8	static
ioif_tim.c:44:5:Start_TIM16	8	static
ioif_tim.c:45:5:Start_TIM17	8	static
ioif_tim.c:47:5:Stop_TIM1	8	static
ioif_tim.c:48:5:Stop_TIM2	8	static
ioif_tim.c:49:5:Stop_TIM3	8	static
ioif_tim.c:50:5:Stop_TIM4	8	static
ioif_tim.c:51:5:Stop_TIM5	8	static
ioif_tim.c:52:5:Stop_TIM6	8	static
ioif_tim.c:53:5:Stop_TIM7	8	static
ioif_tim.c:54:5:Stop_TIM8	8	static
ioif_tim.c:55:5:Stop_TIM9	8	static
ioif_tim.c:56:5:Stop_TIM10	8	static
ioif_tim.c:57:5:Stop_TIM11	8	static
ioif_tim.c:58:5:Stop_TIM12	8	static
ioif_tim.c:59:5:Stop_TIM13	8	static
ioif_tim.c:60:5:Stop_TIM14	8	static
ioif_tim.c:61:5:Stop_TIM15	8	static
ioif_tim.c:62:5:Stop_TIM16	8	static
ioif_tim.c:63:5:Stop_TIM17	8	static
ioif_tim.c:65:6:ms_Delay	16	static
ioif_tim.c:67:6:semaphore_acquire	16	static,ignoring_inline_asm
ioif_tim.c:81:6:semaphore_release	16	static
ioif_tim.c:86:6:HAL_TIM_PeriodElapsedCallback	16	static
