msg_hdlr_task.c:28:12:Convert_Byte_Length	16	static
msg_hdlr_task.c:49:28:Get_Header	24	static
msg_hdlr_task.c:64:6:Send_EMCY	24	static
msg_hdlr_task.c:79:13:Recv_EMCY	16	static
msg_hdlr_task.c:92:19:Convert_Bytes_to_SDO_req	56	static
msg_hdlr_task.c:111:12:Read_SDO	72	static
msg_hdlr_task.c:147:12:Unpack_SDO	32	static
msg_hdlr_task.c:180:12:Convert_SDOres_to_Bytes	32	static
msg_hdlr_task.c:207:12:Pack_SDO	56	static
msg_hdlr_task.c:262:12:Send_SDO	32	static
msg_hdlr_task.c:296:12:Convert_Bytes_to_PDO	32	static
msg_hdlr_task.c:319:12:Unpack_PDO	32	static
msg_hdlr_task.c:351:12:Convert_PDO_to_Bytes	32	static
msg_hdlr_task.c:373:12:Pack_PDO	40	static
msg_hdlr_task.c:410:12:Send_PDO	24	static
msg_hdlr_task.c:438:12:Ext_Send_PDO	8	static
msg_hdlr_task.c:447:12:Set_PDO_Dummy	4	static
msg_hdlr_task.c:467:12:Check_Trajectory_Error	16	static
msg_hdlr_task.c:477:12:Assemble_Trajectory	32	static
msg_hdlr_task.c:528:13:Add_PDO_to_Send	48	static
msg_hdlr_task.c:546:13:Clear_PDO_to_Send	16	static
msg_hdlr_task.c:561:13:Send_USB_Trick	32	static
msg_hdlr_task.c:582:5:Send_MSG	240	static
msg_hdlr_task.c:660:12:Fdcan_Rx_Hdlr	16	static
msg_hdlr_task.c:705:1:Get_State_Callback	16	static
msg_hdlr_task.c:705:1:Set_State_Callback	24	static
msg_hdlr_task.c:705:1:Get_Routine_Callback	24	static
msg_hdlr_task.c:705:1:Set_Routine_Callback	24	static
msg_hdlr_task.c:707:13:Set_Send_PDO_List	32	static
msg_hdlr_task.c:722:13:Set_MS_Enum	16	static
msg_hdlr_task.c:730:13:Set_GUI_COMM_OnOff	16	static
msg_hdlr_task.c:738:13:Set_GUI_COMM_Command	16	static
msg_hdlr_task.c:754:13:StateOff_Ent	8	static
msg_hdlr_task.c:761:13:StateStandby_Ent	4	static
msg_hdlr_task.c:764:13:StateStandby_Run	4	static
msg_hdlr_task.c:769:13:StateStandby_Ext	4	static
msg_hdlr_task.c:773:13:StateEnable_Ent	8	static
msg_hdlr_task.c:779:13:StateEnable_Run	8	static
msg_hdlr_task.c:786:13:StateEnable_Ext	8	static
msg_hdlr_task.c:794:13:StateError_Run	4	static
msg_hdlr_task.c:808:6:Init_Msg_Hdlr	104	static
msg_hdlr_task.c:871:6:Run_Msg_Hdlr	8	static
