../WISL_WIDM/Framework/Apps/msg_hdlr_task/msg_hdlr_task.c:62:12:Convert_Byte_Length	16	static
../WISL_WIDM/Framework/Apps/msg_hdlr_task/msg_hdlr_task.c:83:28:Get_Header	24	static
../WISL_WIDM/Framework/Apps/msg_hdlr_task/msg_hdlr_task.c:98:6:Send_EMCY	24	static
../WISL_WIDM/Framework/Apps/msg_hdlr_task/msg_hdlr_task.c:113:13:Recv_EMCY	16	static
../WISL_WIDM/Framework/Apps/msg_hdlr_task/msg_hdlr_task.c:126:19:Convert_Bytes_to_SDO_req	56	static
../WISL_WIDM/Framework/Apps/msg_hdlr_task/msg_hdlr_task.c:145:12:Read_SDO	72	static
../WISL_WIDM/Framework/Apps/msg_hdlr_task/msg_hdlr_task.c:181:12:Unpack_SDO	32	static
../WISL_WIDM/Framework/Apps/msg_hdlr_task/msg_hdlr_task.c:214:12:Convert_SDOres_to_Bytes	32	static
../WISL_WIDM/Framework/Apps/msg_hdlr_task/msg_hdlr_task.c:241:12:Pack_SDO	56	static
../WISL_WIDM/Framework/Apps/msg_hdlr_task/msg_hdlr_task.c:296:12:Send_SDO	32	static
../WISL_WIDM/Framework/Apps/msg_hdlr_task/msg_hdlr_task.c:330:12:Convert_Bytes_to_PDO	32	static
../WISL_WIDM/Framework/Apps/msg_hdlr_task/msg_hdlr_task.c:353:12:Unpack_PDO	32	static
../WISL_WIDM/Framework/Apps/msg_hdlr_task/msg_hdlr_task.c:385:12:Convert_PDO_to_Bytes	32	static
../WISL_WIDM/Framework/Apps/msg_hdlr_task/msg_hdlr_task.c:407:12:Pack_PDO	40	static
../WISL_WIDM/Framework/Apps/msg_hdlr_task/msg_hdlr_task.c:444:12:Send_PDO	24	static
../WISL_WIDM/Framework/Apps/msg_hdlr_task/msg_hdlr_task.c:472:12:Ext_Send_PDO	8	static
../WISL_WIDM/Framework/Apps/msg_hdlr_task/msg_hdlr_task.c:481:12:Set_PDO_Dummy	4	static
../WISL_WIDM/Framework/Apps/msg_hdlr_task/msg_hdlr_task.c:501:12:Check_Trajectory_Error	16	static
../WISL_WIDM/Framework/Apps/msg_hdlr_task/msg_hdlr_task.c:511:12:Assemble_Trajectory	32	static
../WISL_WIDM/Framework/Apps/msg_hdlr_task/msg_hdlr_task.c:562:13:Add_PDO_to_Send	48	static
../WISL_WIDM/Framework/Apps/msg_hdlr_task/msg_hdlr_task.c:580:13:Clear_PDO_to_Send	16	static
../WISL_WIDM/Framework/Apps/msg_hdlr_task/msg_hdlr_task.c:595:13:Send_USB_Trick	32	static
../WISL_WIDM/Framework/Apps/msg_hdlr_task/msg_hdlr_task.c:616:5:Send_MSG	240	static
../WISL_WIDM/Framework/Apps/msg_hdlr_task/msg_hdlr_task.c:694:12:Fdcan_Rx_Hdlr	16	static
../WISL_WIDM/Framework/Apps/msg_hdlr_task/msg_hdlr_task.c:731:13:Initial_ICM2	16	static
../WISL_WIDM/Framework/Apps/msg_hdlr_task/msg_hdlr_task.c:744:1:Get_State_Callback	16	static
../WISL_WIDM/Framework/Apps/msg_hdlr_task/msg_hdlr_task.c:744:1:Set_State_Callback	24	static
../WISL_WIDM/Framework/Apps/msg_hdlr_task/msg_hdlr_task.c:744:1:Get_Routine_Callback	24	static
../WISL_WIDM/Framework/Apps/msg_hdlr_task/msg_hdlr_task.c:744:1:Set_Routine_Callback	24	static
../WISL_WIDM/Framework/Apps/msg_hdlr_task/msg_hdlr_task.c:746:13:Set_Send_PDO_List	32	static
../WISL_WIDM/Framework/Apps/msg_hdlr_task/msg_hdlr_task.c:761:13:Set_MS_Enum	16	static
../WISL_WIDM/Framework/Apps/msg_hdlr_task/msg_hdlr_task.c:769:13:Set_GUI_COMM_OnOff	16	static
../WISL_WIDM/Framework/Apps/msg_hdlr_task/msg_hdlr_task.c:777:13:Set_GUI_COMM_Command	16	static
../WISL_WIDM/Framework/Apps/msg_hdlr_task/msg_hdlr_task.c:793:13:StateOff_Ent	8	static
../WISL_WIDM/Framework/Apps/msg_hdlr_task/msg_hdlr_task.c:800:13:StateStandby_Ent	4	static
../WISL_WIDM/Framework/Apps/msg_hdlr_task/msg_hdlr_task.c:803:13:StateStandby_Run	4	static
../WISL_WIDM/Framework/Apps/msg_hdlr_task/msg_hdlr_task.c:808:13:StateStandby_Ext	4	static
../WISL_WIDM/Framework/Apps/msg_hdlr_task/msg_hdlr_task.c:812:13:StateEnable_Ent	8	static
../WISL_WIDM/Framework/Apps/msg_hdlr_task/msg_hdlr_task.c:818:13:StateEnable_Run	8	static
../WISL_WIDM/Framework/Apps/msg_hdlr_task/msg_hdlr_task.c:825:13:StateEnable_Ext	8	static
../WISL_WIDM/Framework/Apps/msg_hdlr_task/msg_hdlr_task.c:833:13:StateError_Run	4	static
../WISL_WIDM/Framework/Apps/msg_hdlr_task/msg_hdlr_task.c:847:6:Init_Msg_Hdlr	104	static
../WISL_WIDM/Framework/Apps/msg_hdlr_task/msg_hdlr_task.c:912:6:Run_Msg_Hdlr	8	static
