../WISL_WIDM/Framework/Apps/msg_hdlr_task/msg_data_object.c:12:23:Get_Msg_Data_Type_Info	24	static
../WISL_WIDM/Framework/Apps/msg_hdlr_task/msg_data_object.c:49:6:Create_DOD	16	static
../WISL_WIDM/Framework/Apps/msg_hdlr_task/msg_data_object.c:54:6:Create_PDO	32	static
../WISL_WIDM/Framework/Apps/msg_hdlr_task/msg_data_object.c:67:6:Create_SDO	32	static
../WISL_WIDM/Framework/Apps/msg_hdlr_task/msg_data_object.c:79:15:Find_PDO	16	static
../WISL_WIDM/Framework/Apps/msg_hdlr_task/msg_data_object.c:84:15:Find_SDO	16	static
../WISL_WIDM/Framework/Apps/msg_hdlr_task/msg_data_object.c:89:10:Set_PDO	16	static
../WISL_WIDM/Framework/Apps/msg_hdlr_task/msg_data_object.c:96:10:Get_PDO	16	static
../WISL_WIDM/Framework/Apps/msg_hdlr_task/msg_data_object.c:102:10:Call_SDO	16	static
../WISL_WIDM/Framework/Apps/msg_hdlr_task/msg_data_object.c:114:6:Set_SDO_req	32	static
../WISL_WIDM/Framework/Apps/msg_hdlr_task/msg_data_object.c:129:13:Get_SDO_res	24	static
../WISL_WIDM/Framework/Apps/msg_hdlr_task/msg_data_object.c:139:10:Set_SDO_args	24	static
